bun test v1.3.14 (0d9b296a)

test/update-box.test.ts:
(pass) checkForUpdate - updateAvailable:true on higher version [0.31ms]
(pass) checkForUpdate - updateAvailable:false on equal version [0.05ms]
(pass) checkForUpdate - updateAvailable:false on lower version [0.04ms]
(pass) checkForUpdate - null when fetchJson throws [0.09ms]
(pass) checkForUpdate - null when payload is malformed [0.06ms]
(pass) renderUpdateBox - field content [0.47ms]
(pass) renderUpdateBox - equal field widths [0.11ms]
(pass) renderUpdateBox - color:false has no ANSI [0.05ms]

test/autopilot-engine.test.ts:
(pass) decideStep — gate goal > keeps when the eval passes, reverts when it fails [0.03ms]
(pass) decideStep — gate goal > ignores score entirely for the gate decision [0.02ms]
(pass) decideStep — min goal > first measurable score is always kept (no prior best) [0.02ms]
(pass) decideStep — min goal > keeps a lower score, reverts an equal or higher one [0.02ms]
(pass) decideStep — min goal > a non-measurable (NaN) score can never prove improvement -> revert
(pass) decideStep — max goal > keeps a higher score, reverts an equal or lower one [0.01ms]
(pass) decideStep — max goal > first measurable score is kept; NaN reverts
(pass) isConverged — stop discipline > converges once the no-progress streak reaches patience [0.02ms]
(pass) isConverged — stop discipline > applies to every goal — a failing gate loop must stop early, not burn max [0.02ms]
(pass) isConverged — stop discipline > a passing gate resets the streak and never converges [0.02ms]
(pass) ratchet streak — min goal end to end (pure) > keep resets the streak, revert extends it toward convergence [0.04ms]

test/openai-local-base-url.test.ts:
(pass) credentialForCall: local OpenAI base URL + OAuth downgrades to keyless (avoids Codex) [0.04ms]
(pass) credentialForCall: local OpenAI base URL prefers a configured api key over OAuth [0.01ms]
(pass) credentialForCall: OpenAI OAuth WITHOUT a base URL is preserved (Codex path)
(pass) credentialForCall: a non-openai provider is never downgraded by a base URL [0.01ms]
(pass) credentialForCall: a local api_key credential passes through unchanged

test/autopilot-status.test.ts:
(pass) renderAutopilotStatusPanel presents score, attempts, and recommendation as a readable field [0.23ms]

test/skills-config.test.ts:
(pass) parseSkillMarkdown infers summary from the first body line; strips a title [0.10ms]
(pass) parseSkillMarkdown honors explicit header keys [0.08ms]
(pass) parseSkillMarkdown extracts explicit and inferred slash aliases [0.17ms]
(pass) parseSkillMarkdown ignores inferred slash aliases owned by other skills [0.03ms]
(pass) parseSkillMarkdown infers aliases for the last segment of a namespaced skill name [0.03ms]
(pass) parseSkillMarkdown skips YAML frontmatter and uses folded description as summary [0.06ms]
(pass) loadSkills merges bundled + user skill docs; user overrides by name [1.27ms]
(pass) loadSkills skips hidden system dirs and external skills that collide with builtin command names [0.54ms]
(pass) parseSkillMarkdown round-trips the formatSkill (jeo skills --write) decoration [0.09ms]
(pass) loadSkills loads skills from JEO_SKILLS_DIR (positive path) [1.14ms]
(pass) loadSkills overrides bundled skills case-insensitively by filename [0.97ms]

test/skills-command.test.ts:
(pass) skills command: list, read, legacy alias, json output, unknown skill handling [779.77ms]

test/accurate-token-cache.test.ts:
(pass) accurateMessageTokens matches the direct per-message computation [72.59ms]
(pass) accurate cache is partitioned by tokenizer family (no cross-model bleed) [169.51ms]
(pass) accurateHistoryTokens: repeated calls over a growing history stay consistent [0.64ms]
(pass) images add the per-image estimate on top of the text count [0.05ms]
(pass) countTokensAccurate stays consistent for huge texts (memo-skip path) [117.60ms]

test/cost-dirty.test.ts:
(pass) priceForModel resolves families by substring incl. provider prefix [0.13ms]
(pass) priceForModel returns null for unknown/local models [0.04ms]
(pass) costForUsage computes USD; unknown model → null (never fabricated) [0.07ms]
(pass) formatCost is compact and honest about tiny non-zero [0.04ms]
(pass) renderFooter shows the cost segment only when costUsd > 0 [0.12ms]
(pass) renderJeoStatus [STEP] row shows $cost and a (sub) marker for subagent turns [0.25ms]
(pass) renderFooter renders the ?N dirty flag inside the branch segment [0.05ms]

test/hints.test.ts:
(pass) DEFAULT_HINTS covers the core interactive keys [0.03ms]
(pass) formatHint renders '<key> <label>' (color-stripped) [0.06ms]
(pass) formatHintBar joins with a unicode separator; ASCII fallback uses '|' [0.06ms]
(pass) formatHintBar clamps to cols and handles empty [0.03ms]
(pass) formatHintBar custom indent [0.02ms]

test/tmux.test.ts:
Starting new tmux session: jeo-feature-branch-jeo-code-bfsc9v
(pass) tmux session launch behavior [15.02ms]
Starting new tmux session: jeo-feature-branch-jeo-code-bfsc9v-model-gemini-2-5-flash-think-high-steps-7
(pass) tmux runtime model flags get a distinct session and propagate to inner launch [0.32ms]
Starting new tmux session: jeo-feature-branch-jeo-code-bfsc9v-model-provider-same-very-long-m-1bevym
Starting new tmux session: jeo-feature-branch-jeo-code-bfsc9v-model-provider-same-very-long-m-z3ptu4
(pass) tmux long runtime model ids get hash-distinct session names [0.43ms]
(pass) tmux validates provider/model mismatch before attaching to existing session [0.38ms]
Starting new independent tmux session: jeo-main-jeo-code-bfsc9v-2 (another live jeo session already owns jeo-main-jeo-code-bfsc9v; reattach later with: tmux attach -t jeo-main-jeo-code-bfsc9v-2)
(pass) tmux creates an INDEPENDENT session (base-2) when the base name is already live [0.30ms]
(pass) allocateTmuxSession: base when free, next free -N on collision, error passthrough [0.05ms]
(pass) tmuxSessionName: same branch + different dirs get INDEPENDENT sessions (no collision) [0.05ms]
(pass) shouldEnableCurrentTmuxMouse: only inside a foreign tmux session, opt-out honored [0.03ms]
(pass) tmuxProfileCommands: gjc-parity profile — mouse, markers, clipboard, copy-mode style [0.23ms]
Starting new tmux session: jeo-main-jeo-code-bfsc9v
(pass) tmux launch applies the gjc-parity profile to the CREATED session before attach [0.33ms]
(pass) tmuxLaunchCommand: compiled standalone binary runs ITSELF (bunfs virtual argv[1]) [0.01ms]
(pass) tmuxLaunchCommand: source runs re-enter through the runtime; shims run directly [0.02ms]

test/team-run.test.ts:
(pass) runTeamCommand routes each step to its declared subagent role and completes [178.65ms]
(pass) runTeamCommand routes duplicate task names by step index, not by name [7.77ms]
(pass) runTeamCommand refuses an unapproved plan [0.75ms]
(pass) runTeamCommand refuses unknown plan subagent roles before execution [1.70ms]
(pass) runTeamCommand normalizes mixed-case plan roles [3.05ms]
(pass) runTeamCommand surfaces the engine stop reason on subagent failure [4.61ms]
(pass) runTeamCommand does not give write/edit/bash tools to read-only plan steps [3.44ms]
(pass) runTeamCommand halts when an architect review returns a blocking verdict [2.63ms]
(pass) runTeamCommand halts when a critic returns REJECT [4.63ms]
(pass) runTeamCommand halts when a planner report misses required sections [5.06ms]
(pass) runTeamCommand refuses to run when team-state.json is corrupt (no silent restart) [1.53ms]
(pass) runTeamCommand invokes maybeCompact on subagent execution [3.53ms]

test/spawn-gate-lite.test.ts:
(pass) task fan-out beyond the gate is refused without a justification [0.36ms]
(pass) output budget constants align and respect the default [0.03ms]

test/codex-responses.test.ts:
(pass) codexResponsesRequest: forwards reasoningEffort as reasoning.effort [0.27ms]
(pass) codexResponsesRequest: drops out-of-enum reasoningEffort instead of forwarding it [0.02ms]
(pass) parseResponsesEvent: captures usage on response.incomplete (not just completed) [0.07ms]
(pass) parseResponsesEvent: delta + error events still parse [0.02ms]

test/gemini-import.test.ts:
(pass) import command persists a credential readable by storage helpers [3.92ms]
(pass) corrupt file → exitCode 1 [0.63ms]
(pass) missing file → exitCode 1 [0.39ms]
(pass) auto-import fallback populates storage when jeo has none [1.63ms]

test/read-budget.test.ts:
(pass) runAgentLoop: a single read of a 400-line file reaches the model in full (no ~100-line re-shrink) [1.88ms]

test/stream-status.test.ts:
(pass) step header carries duration and usage suffixes once available [0.54ms]
(pass) done and invalid replies emit no step line [0.03ms]
(pass) tool results keep the classified ok/fail badges [0.10ms]
(pass) renderJeoStatus appends a live ⤴ tok/s rate once a second has elapsed [0.03ms]
(pass) renderJeoStatus suppresses the rate before 1s elapsed and with zero output tokens [0.03ms]
(pass) renderJeoStatus rate drops decimals at >=100 tok/s [0.01ms]

test/code-view.test.ts:
(pass) detectLanguage maps extensions; unknown → '' [0.04ms]
(pass) parseLineRange handles start-end / start- / start / invalid [0.05ms]
(pass) sliceLines slices by 1-based range and clamps [0.05ms]
(pass) formatCodeBlock renders a numbered gutter with the right start line [0.17ms]
(pass) formatCodeBlock caps at maxLines with an overflow marker [0.04ms]
(pass) formatCodeBlock marks highlighted lines and truncates to cols [0.04ms]
(pass) lightHighlightLine dims comments, colors strings, then keywords [0.12ms]
(pass) formatDiff colors +/-/@@ and is plain when color:false [0.27ms]
(pass) formatDiff differentiates old/new file headers with distinct ANSI colors [0.06ms]
(pass) formatDiff caps long diffs [0.04ms]
(pass) sanitizeForTerminal strips ANSI/C0 controls, CR, and expands tabs [0.03ms]
(pass) formatCodeBlock neutralizes file-origin escape sequences (no raw ESC leaks) [0.04ms]
(pass) formatDiff neutralizes file-origin escape sequences [0.02ms]

test/write-parallel.test.ts:
(pass) distinct-file writes in one batch run concurrently [22.34ms]
(pass) same-file writes stay strictly sequential (ordered, never overlap) [63.37ms]
(pass) bash is exclusive: it never overlaps a write and runs after the write group [43.72ms]
(pass) a path-less write does not parallelize (treated as a collision) [42.27ms]
(pass) aliased spellings of the SAME file serialize (F3: ./x vs x lost-update fix) [66.36ms]
(pass) case-variant paths serialize too (macOS case-insensitive FS safety) [42.37ms]

test/custom-subagent-roles.test.ts:
(pass) config-declared roles join the registry; pins and typos do not [0.11ms]
(pass) custom role lookup, defaults, and safety: read-only unless declared [0.04ms]
(pass) read-only custom role gets a write-free toolset; mutating one keeps edit [0.05ms]
(pass) prompt templating: generic template fills role vars; custom prompt is honored [0.04ms]
(pass) system surfaces advertise custom roles: protocol line + apply-target picker [0.12ms]
(pass) bundled-id override never forks a duplicate role [0.02ms]

test/gradient-status.test.ts:
(pass) animatedGradientText returns input unchanged at colorLevel 0 [0.11ms]
(pass) animatedGradientText at colorLevel 3 contains ANSI 38;2; codes and strips back to the original text [0.17ms]
(pass) animatedGradientText with phase 0 vs 0.5 produces different byte sequences for the same text [0.06ms]

test/model-registry-alias.test.ts:
(pass) aliasesFor is the reverse of expandAlias [0.10ms]
(pass) isAlias distinguishes aliases from concrete ids [0.02ms]
(pass) describeAlias resolves target + catalog knownness [0.04ms]
(pass) validateAliases flags only targets missing from the catalog [0.12ms]

test/skill-echo-guard.test.ts:
(pass) workflowSkillsForPrompt ignores a user doc named 'team' with a foreign summary [0.47ms]
(pass) buildSkillTask clamps long details and contains the anti-recite line [0.12ms]
(pass) looksLikeSkillEcho detects replies dominated by skill-doc content [0.17ms]

test/ctrl-o-detail.test.ts:
(pass) mid-turn Ctrl+O (\u000f) fires onDetailKey instead of being swallowed into buffered input [0.20ms]
(pass) \u000f embedded in data or paste is DATA, never the detail view [0.05ms]
(pass) without an onDetailKey hook a lone \u000f stays inert (no abort, no buffer) [0.03ms]

test/themes.test.ts:
(pass) every theme has a length-5 gradient table and userCard if colored [0.05ms]
(pass) getTheme is case-insensitive and falls back to cosmic [0.03ms]
(pass) mono theme is colorless; others emit color [0.01ms]
(pass) resolveTheme reads JEO_TUI_THEME from env or config with priorities [11.33ms]
(pass) listThemes returns all names + descriptions including red-claw and blue-crab [0.06ms]
(pass) themeGradient is clamped and returns hex pairs [0.07ms]
(pass) nine themes are registered, including the three new palettes [0.06ms]
(pass) accentShadowPaint uses the theme's REAL shadow hue (depth two-tone), distinct from the lit accent [0.22ms]
(pass) diffPaint: themed palettes with bg tints; default palette fallback; mono identity [0.11ms]
(pass) blue-crab is the fancy bioluminescent revamp (new accent + seafoam arc) [0.02ms]
(pass) mutedPaint: a real readable hue (not ANSI dim), identity when colorless [0.05ms]
(pass) cardFillPaint: applies a background tint, falls back to userCard.fill, identity when colorless [0.13ms]
(pass) liftHex: lightens each channel, clamps at 255, passes through invalid input [0.03ms]
(pass) cardFillPaint: tint LIFTS userCard.fill so the panel separates from the terminal bg [0.04ms]

test/perf-fixes.test.ts:
(pass) anthropic: the LAST message carries a cache_control breakpoint (conversation caching) [0.23ms]
(pass) anthropic: image-bearing last message puts the breakpoint on its tail block [0.05ms]
(pass) config cache: repeated reads hit the cache, saves invalidate it [1.80ms]
(pass) config cache: external file writes are picked up via mtime/size [0.93ms]
(pass) config cache: returned configs are clones — caller mutation cannot poison the cache [0.82ms]
(pass) appendMessages: one batched append round-trips through loadSession [1.26ms]

test/engine-multitool.test.ts:
(pass) runAgentLoop: batch of 3 reads -> exactly 1 LLM call and 3 onToolResult events in order [0.94ms]
(pass) runAgentLoop: mixed batch read->write->read runs write as a barrier [73.81ms]
(pass) runAgentLoop: batch with done+other tools rejects done [0.52ms]
(pass) runAgentLoop: >6 entries truncated [0.55ms]
(pass) runAgentLoop: legacy single-tool object unchanged [0.29ms]
(pass) runAgentLoop: all-fail batch increments the consecutive-failure guard [1.08ms]
(pass) runAgentLoop: trivial read success cannot reset the failure streak (F6) [0.83ms]
(pass) runAgentLoop: read-only-only failing steps still trip the guard; mixed ok-edit resets [2.19ms]

test/launch-role-model.test.ts:
[?2004h










[11A[1G[1G[1G[2K[38;2;235;235;235m[48;2;106;185;201m [48;2;101;184;200m⬢[48;2;95;183;199m [48;2;87;181;197mc[48;2;79;179;196ml[48;2;69;177;194ma[48;2;60;174;192mu[48;2;49;172;190md[48;2;37;169;187me[48;2;25;167;185m-[48;2;13;164;183ms[48;2;1;163;181mo[48;2;1;165;182mn[48;2;1;167;183mn[48;2;1;169;185me[48;2;1;172;185mt[48;2;1;173;186m-[48;2;2;176;188m4[48;2;2;177;189m-[48;2;2;180;189m5[48;2;2;181;190m [48;2;2;183;190m·[48;2;2;185;190m [48;2;2;187;191m◔[48;2;2;188;192m [48;2;2;190;192mm[48;2;2;190;191me[48;2;2;192;191md[48;2;3;193;191mi[48;2;3;194;190mu[48;2;3;195;191mm[48;2;3;196;190m [48;2;3;196;189m/[48;2;3;197;188m [48;2;3;198;187m⑂[48;2;3;198;186m [48;2;3;198;185md[48;2;3;198;184me[48;2;3;199;183mv[48;2;4;198;181m [48;2;4;198;179m/[48;2;4;197;178m [48;2;4;197;176m▸[48;2;4;196;175m [48;2;4;196;173m…[48;2;4;195;171ms[48;2;4;195;169me[48;2;4;193;167mt[48;2;4;193;165m/[48;2;17;194;167mp[48;2;29;196;170mr[48;2;41;198;172mo[48;2;52;200;175mj[48;2;63;202;177me[48;2;73;204;179mc[48;2;82;205;181mt[48;2;91;206;183ms[48;2;98;207;185m/[48;2;104;208;186mj[48;2;109;208;187me[48;2;113;209;187mo[48;2;116;208;187m-[48;2;117;208;186mc[48;2;117;206;185mo[48;2;116;205;183md[48;2;113;202;180me[48;2;109;200;176m [0m   ▦ 8%/200k[1B[1G[2K[1B[1G[2K╭─────────────────────────────────────────────────────────────────────────────╮[1B[1G[2K│> Type your message...                                                       │[1B[1G[2K╰─────────────────────────────────────────────────────────────────────────────╯[1B[1G[2K[1B[1G[2K[1B[1G[2K[1B[1G[2K[1B[1G[2K[1B[1G[2K[1B[1G[2K[11A[1G[3B[4G[?25h[3A[1G[1G[2K[38;2;235;235;235m[48;2;107;186;201m [48;2;102;185;200m⬢[48;2;96;183;199m [48;2;89;182;198mc[48;2;80;180;197ml[48;2;71;178;195ma[48;2;62;175;193mu[48;2;51;173;190md[48;2;39;170;188me[48;2;28;168;186m-[48;2;15;165;184ms[48;2;3;164;182mo[48;2;1;165;182mn[48;2;1;167;183mn[48;2;1;169;185me[48;2;1;172;185mt[48;2;1;173;186m-[48;2;2;176;188m4[48;2;2;177;189m-[48;2;2;180;189m5[48;2;2;181;190m [48;2;2;183;190m·[48;2;2;185;190m [48;2;2;187;191m◔[48;2;2;188;192m [48;2;2;190;192mm[48;2;2;190;191me[48;2;2;192;191md[48;2;3;193;191mi[48;2;3;194;190mu[48;2;3;195;191mm[48;2;3;196;190m [48;2;3;196;189m/[48;2;3;197;188m [48;2;3;198;187m⑂[48;2;3;198;186m [48;2;3;198;185md[48;2;3;198;184me[48;2;3;199;183mv[48;2;4;198;181m [48;2;4;198;179m?[48;2;4;197;178m1[48;2;4;197;176m [48;2;4;196;175m/[48;2;4;196;173m [48;2;4;195;171m▸[48;2;4;195;169m [48;2;4;193;167m…[48;2;4;192;164m/[48;2;14;194;166mp[48;2;27;196;169mr[48;2;39;197;171mo[48;2;50;200;174mj[48;2;61;201;176me[48;2;71;203;178mc[48;2;81;204;180mt[48;2;89;206;182ms[48;2;97;207;185m/[48;2;103;208;186mj[48;2;108;208;187me[48;2;112;208;187mo[48;2;116;208;187m-[48;2;117;208;186mc[48;2;117;206;185mo[48;2;116;205;183md[48;2;114;203;180me[48;2;110;200;177m [0m   ▦ 8%/200k[1B[1G[2K[1B[1G[2K╭─────────────────────────────────────────────────────────────────────────────╮[1B[1G[2K│> Type your message...                                                       │[1B[1G[2K╰─────────────────────────────────────────────────────────────────────────────╯[1B[1G[2K[1B[1G[2K[1B[1G[2K[1B[1G[2K[1B[1G[2K[1B[1G[2K[1B[1G[2K[11A[1G[3B[4G[?25h[3A[1G[2K[1B[1G[2K[1B[1G[2K[1B[1G[2K[1B[1G[2K[1B[1G[2K[1B[1G[2K[1B[1G[2K[1B[1G[2K[1B[1G[2K[1B[1G[2K[1B[1G[2K[11A[1G[?25h










[11A[1G[1G[1G[2K[38;2;235;235;235m[48;2;108;186;201m [48;2;103;185;201m⬢[48;2;97;184;200m [48;2;90;182;198mc[48;2;82;180;197ml[48;2;72;178;195ma[48;2;63;176;193mu[48;2;52;174;191md[48;2;41;171;189me[48;2;29;169;186m-[48;2;17;166;185ms[48;2;5;164;182mo[48;2;1;165;182mn[48;2;1;167;183mn[48;2;1;169;185me[48;2;1;172;185mt[48;2;1;173;186m-[48;2;2;176;188m4[48;2;2;177;189m-[48;2;2;180;189m5[48;2;2;181;190m [48;2;2;183;190m·[48;2;2;185;190m [48;2;2;187;191m◔[48;2;2;188;192m [48;2;2;190;192mm[48;2;2;190;191me[48;2;2;192;191md[48;2;3;193;191mi[48;2;3;194;190mu[48;2;3;195;191mm[48;2;3;196;190m [48;2;3;196;189m/[48;2;3;197;188m [48;2;3;198;187m⑂[48;2;3;198;186m [48;2;3;198;185md[48;2;3;198;184me[48;2;3;199;183mv[48;2;4;198;181m [48;2;4;198;179m?[48;2;4;197;178m1[48;2;4;197;176m [48;2;4;196;175m/[48;2;4;196;173m [48;2;4;195;171m▸[48;2;4;195;169m [48;2;4;193;167m…[48;2;4;192;164m/[48;2;13;193;165mp[48;2;26;195;168mr[48;2;37;197;171mo[48;2;49;199;173mj[48;2;60;201;176me[48;2;70;203;178mc[48;2;79;204;180mt[48;2;88;206;182ms[48;2;96;206;184m/[48;2;102;208;185mj[48;2;108;208;186me[48;2;112;208;187mo[48;2;115;208;187m-[48;2;117;208;186mc[48;2;117;206;185mo[48;2;116;205;183md[48;2;114;203;181me[48;2;110;200;177m [0m   ▦ 8%/200k[1B[1G[2K[1B[1G[2K╭─────────────────────────────────────────────────────────────────────────────╮[1B[1G[2K│> Type your message...                                                       │[1B[1G[2K╰─────────────────────────────────────────────────────────────────────────────╯[1B[1G[2K[1B[1G[2K[1B[1G[2K[1B[1G[2K[1B[1G[2K[1B[1G[2K[1B[1G[2K[11A[1G[3B[4G[?25h[3A[1G[1G[2K[38;2;235;235;235m[48;2;109;186;202m [48;2;104;186;201m⬢[48;2;98;184;200m [48;2;91;183;199mc[48;2;83;181;198ml[48;2;74;179;196ma[48;2;65;177;194mu[48;2;54;175;192md[48;2;43;172;189me[48;2;31;170;187m-[48;2;19;167;185ms[48;2;7;165;183mo[48;2;1;165;182mn[48;2;1;167;183mn[48;2;1;169;185me[48;2;1;172;185mt[48;2;1;173;186m-[48;2;2;176;188m4[48;2;2;177;189m-[48;2;2;180;189m5[48;2;2;181;190m [48;2;2;183;190m·[48;2;2;185;190m [48;2;2;187;191m◔[48;2;2;188;192m [48;2;2;190;192mm[48;2;2;190;191me[48;2;2;192;191md[48;2;3;193;191mi[48;2;3;194;190mu[48;2;3;195;191mm[48;2;3;196;190m [48;2;3;196;189m/[48;2;3;197;188m [48;2;3;198;187m⑂[48;2;3;198;186m [48;2;3;198;185md[48;2;3;198;184me[48;2;3;199;183mv[48;2;4;198;181m [48;2;4;198;179m?[48;2;4;197;178m1[48;2;4;197;176m [48;2;4;196;175m/[48;2;4;196;173m [48;2;4;195;171m▸[48;2;4;195;169m [48;2;4;193;167m…[48;2;4;192;164m/[48;2;10;193;164mp[48;2;23;195;168mr[48;2;35;196;170mo[48;2;47;199;172mj[48;2;58;200;175me[48;2;68;202;177mc[48;2;78;203;179mt[48;2;86;205;181ms[48;2;94;206;184m/[48;2;101;207;185mj[48;2;107;208;186me[48;2;111;208;186mo[48;2;115;208;186m-[48;2;117;208;186mc[48;2;117;206;185mo[48;2;117;205;183md[48;2;115;203;181me[48;2;111;201;178m [0m   ▦ 8%/200k[1B[1G[2K[1B[1G[2K╭─────────────────────────────────────────────────────────────────────────────╮[1B[1G[2K│> Type your message...                                                       │[1B[1G[2K╰─────────────────────────────────────────────────────────────────────────────╯[1B[1G[2K[1B[1G[2K[1B[1G[2K[1B[1G[2K[1B[1G[2K[1B[1G[2K[1B[1G[2K[11A[1G[3B[4G[?25h[3A[1G[2K[1B[1G[2K[1B[1G[2K[1B[1G[2K[1B[1G[2K[1B[1G[2K[1B[1G[2K[1B[1G[2K[1B[1G[2K[1B[1G[2K[1B[1G[2K[1B[1G[2K[11A[1G[?25h(pass) /model subagent <role> <model> persists the role model override [196.12ms]
[?2004h










[11A[1G[1G[1G[2K[38;2;235;235;235m[48;2;114;188;203m [48;2;111;189;204m⬢[48;2;107;188;203m [48;2;102;188;203mc[48;2;96;187;202ml[48;2;89;185;201ma[48;2;81;183;199mu[48;2;72;182;197md[48;2;62;179;195me[48;2;51;177;193m-[48;2;40;174;191ms[48;2;28;173;189mo[48;2;16;170;187mn[48;2;3;168;184mn[48;2;1;169;185me[48;2;1;172;185mt[48;2;1;173;186m-[48;2;2;176;188m4[48;2;2;177;189m-[48;2;2;180;189m5[48;2;2;181;190m [48;2;2;183;190m·[48;2;2;185;190m [48;2;2;187;191m◔[48;2;2;188;192m [48;2;2;190;192mm[48;2;2;190;191me[48;2;2;192;191md[48;2;3;193;191mi[48;2;3;194;190mu[48;2;3;195;191mm[48;2;3;196;190m [48;2;3;196;189m/[48;2;3;197;188m [48;2;3;198;187m⑂[48;2;3;198;186m [48;2;3;198;185md[48;2;3;198;184me[48;2;3;199;183mv[48;2;4;198;181m [48;2;4;198;179m/[48;2;4;197;178m [48;2;4;197;176m▸[48;2;4;196;175m [48;2;4;196;173m…[48;2;4;195;171ms[48;2;4;195;169me[48;2;4;193;167mt[48;2;4;192;164m/[48;2;4;191;162mp[48;2;5;190;161mr[48;2;15;191;162mo[48;2;27;193;164mj[48;2;39;195;167me[48;2;50;197;169mc[48;2;61;198;172mt[48;2;71;200;174ms[48;2;80;202;177m/[48;2;89;203;179mj[48;2;96;204;181me[48;2;103;205;182mo[48;2;109;206;183m-[48;2;113;206;184mc[48;2;115;206;184mo[48;2;117;205;184md[48;2;117;204;182me[48;2;116;203;180m [0m   ▦ 8%/200k[1B[1G[2K[1B[1G[2K╭─────────────────────────────────────────────────────────────────────────────╮[1B[1G[2K│> Type your message...                                                       │[1B[1G[2K╰─────────────────────────────────────────────────────────────────────────────╯[1B[1G[2K[1B[1G[2K[1B[1G[2K[1B[1G[2K[1B[1G[2K[1B[1G[2K[1B[1G[2K[11A[1G[3B[4G[?25h[3A[1G[1G[2K[38;2;235;235;235m[48;2;114;189;204m [48;2;112;189;204m⬢[48;2;108;189;204m [48;2;103;188;203mc[48;2;97;187;202ml[48;2;90;186;201ma[48;2;83;184;199mu[48;2;74;182;198md[48;2;64;180;196me[48;2;53;178;193m-[48;2;42;175;192ms[48;2;30;173;190mo[48;2;18;171;187mn[48;2;6;169;185mn[48;2;1;169;185me[48;2;1;172;185mt[48;2;1;173;186m-[48;2;2;176;188m4[48;2;2;177;189m-[48;2;2;180;189m5[48;2;2;181;190m [48;2;2;183;190m·[48;2;2;185;190m [48;2;2;187;191m◔[48;2;2;188;192m [48;2;2;190;192mm[48;2;2;190;191me[48;2;2;192;191md[48;2;3;193;191mi[48;2;3;194;190mu[48;2;3;195;191mm[48;2;3;196;190m [48;2;3;196;189m/[48;2;3;197;188m [48;2;3;198;187m⑂[48;2;3;198;186m [48;2;3;198;185md[48;2;3;198;184me[48;2;3;199;183mv[48;2;4;198;181m [48;2;4;198;179m?[48;2;4;197;178m1[48;2;4;197;176m [48;2;4;196;175m/[48;2;4;196;173m [48;2;4;195;171m▸[48;2;4;195;169m [48;2;4;193;167m…[48;2;4;192;164m/[48;2;4;191;162mp[48;2;5;190;161mr[48;2;13;190;161mo[48;2;25;193;164mj[48;2;37;194;166me[48;2;48;196;169mc[48;2;59;198;171mt[48;2;69;200;174ms[48;2;79;201;177m/[48;2;87;203;179mj[48;2;95;204;180me[48;2;102;205;182mo[48;2;108;205;183m-[48;2;112;206;184mc[48;2;115;206;184mo[48;2;117;205;183md[48;2;117;204;182me[48;2;116;203;180m [0m   ▦ 8%/200k[1B[1G[2K[1B[1G[2K╭─────────────────────────────────────────────────────────────────────────────╮[1B[1G[2K│> Type your message...                                                       │[1B[1G[2K╰─────────────────────────────────────────────────────────────────────────────╯[1B[1G[2K[1B[1G[2K[1B[1G[2K[1B[1G[2K[1B[1G[2K[1B[1G[2K[1B[1G[2K[11A[1G[3B[4G[?25h[3A[1G[2K[1B[1G[2K[1B[1G[2K[1B[1G[2K[1B[1G[2K[1B[1G[2K[1B[1G[2K[1B[1G[2K[1B[1G[2K[1B[1G[2K[1B[1G[2K[1B[1G[2K[11A[1G[?25h










[11A[1G[1G[1G[2K[38;2;235;235;235m[48;2;114;189;204m [48;2;112;189;204m⬢[48;2;108;189;204m [48;2;104;188;203mc[48;2;98;187;202ml[48;2;91;186;201ma[48;2;83;184;200mu[48;2;74;182;198md[48;2;64;180;196me[48;2;53;178;194m-[48;2;42;175;192ms[48;2;30;173;190mo[48;2;18;171;187mn[48;2;6;169;185mn[48;2;1;169;185me[48;2;1;172;185mt[48;2;1;173;186m-[48;2;2;176;188m4[48;2;2;177;189m-[48;2;2;180;189m5[48;2;2;181;190m [48;2;2;183;190m·[48;2;2;185;190m [48;2;2;187;191m◔[48;2;2;188;192m [48;2;2;190;192mh[48;2;2;190;191mi[48;2;2;192;191mg[48;2;3;193;191mh[48;2;3;194;190m [48;2;3;195;191m/[48;2;3;196;190m [48;2;3;196;189m⑂[48;2;3;197;188m [48;2;3;198;187md[48;2;3;198;186me[48;2;3;198;185mv[48;2;3;198;184m [48;2;3;199;183m?[48;2;4;198;181m1[48;2;4;198;179m [48;2;4;197;178m/[48;2;4;197;176m [48;2;4;196;175m▸[48;2;4;196;173m [48;2;4;195;171m…[48;2;4;195;169me[48;2;4;193;167mt[48;2;4;192;164m/[48;2;4;191;162mp[48;2;5;190;161mr[48;2;12;190;161mo[48;2;24;193;163mj[48;2;36;194;166me[48;2;48;196;168mc[48;2;59;198;171mt[48;2;69;200;174ms[48;2;78;201;176m/[48;2;87;203;179mj[48;2;95;204;180me[48;2;102;205;182mo[48;2;108;205;183m-[48;2;112;206;184mc[48;2;115;206;184mo[48;2;117;205;183md[48;2;117;204;182me[48;2;116;203;180m [0m   ▦ 8%/200k[1B[1G[2K[1B[1G[2K╭─────────────────────────────────────────────────────────────────────────────╮[1B[1G[2K│> Type your message...                                                       │[1B[1G[2K╰─────────────────────────────────────────────────────────────────────────────╯[1B[1G[2K[1B[1G[2K[1B[1G[2K[1B[1G[2K[1B[1G[2K[1B[1G[2K[1B[1G[2K[11A[1G[3B[4G[?25h[3A[1G[1G[2K[38;2;235;235;235m[48;2;114;189;204m [48;2;112;189;204m⬢[48;2;109;189;204m [48;2;104;189;203mc[48;2;99;188;203ml[48;2;92;186;202ma[48;2;84;185;200mu[48;2;75;183;198md[48;2;65;181;196me[48;2;55;179;194m-[48;2;44;176;193ms[48;2;32;174;190mo[48;2;20;171;188mn[48;2;8;170;185mn[48;2;1;169;185me[48;2;1;172;185mt[48;2;1;173;186m-[48;2;2;176;188m4[48;2;2;177;189m-[48;2;2;180;189m5[48;2;2;181;190m [48;2;2;183;190m·[48;2;2;185;190m [48;2;2;187;191m◔[48;2;2;188;192m [48;2;2;190;192mh[48;2;2;190;191mi[48;2;2;192;191mg[48;2;3;193;191mh[48;2;3;194;190m [48;2;3;195;191m/[48;2;3;196;190m [48;2;3;196;189m⑂[48;2;3;197;188m [48;2;3;198;187md[48;2;3;198;186me[48;2;3;198;185mv[48;2;3;198;184m [48;2;3;199;183m?[48;2;4;198;181m1[48;2;4;198;179m [48;2;4;197;178m/[48;2;4;197;176m [48;2;4;196;175m▸[48;2;4;196;173m [48;2;4;195;171m…[48;2;4;195;169me[48;2;4;193;167mt[48;2;4;192;164m/[48;2;4;191;162mp[48;2;5;190;161mr[48;2;11;190;160mo[48;2;23;192;163mj[48;2;34;194;165me[48;2;46;196;168mc[48;2;57;197;170mt[48;2;67;199;173ms[48;2;77;201;176m/[48;2;86;202;178mj[48;2;94;203;180me[48;2;101;205;181mo[48;2;107;205;183m-[48;2;111;206;183mc[48;2;115;205;184mo[48;2;117;205;183md[48;2;117;204;182me[48;2;117;203;180m [0m   ▦ 8%/200k[1B[1G[2K[1B[1G[2K╭─────────────────────────────────────────────────────────────────────────────╮[1B[1G[2K│> Type your message...                                                       │[1B[1G[2K╰─────────────────────────────────────────────────────────────────────────────╯[1B[1G[2K[1B[1G[2K[1B[1G[2K[1B[1G[2K[1B[1G[2K[1B[1G[2K[1B[1G[2K[11A[1G[3B[4G[?25h[3A[1G[2K[1B[1G[2K[1B[1G[2K[1B[1G[2K[1B[1G[2K[1B[1G[2K[1B[1G[2K[1B[1G[2K[1B[1G[2K[1B[1G[2K[1B[1G[2K[1B[1G[2K[11A[1G[?25h










[11A[1G[1G[1G[2K[38;2;235;235;235m[48;2;114;189;204m [48;2;112;189;204m⬢[48;2;109;189;204m [48;2;104;189;203mc[48;2;99;188;203ml[48;2;92;187;202ma[48;2;84;185;200mu[48;2;75;183;198md[48;2;66;181;196me[48;2;55;179;194m-[48;2;44;176;193ms[48;2;32;174;190mo[48;2;20;171;188mn[48;2;8;170;185mn[48;2;1;169;185me[48;2;1;172;185mt[48;2;1;173;186m-[48;2;2;176;188m4[48;2;2;177;189m-[48;2;2;180;189m5[48;2;2;181;190m [48;2;2;183;190m·[48;2;2;185;190m [48;2;2;187;191m◔[48;2;2;188;192m [48;2;2;190;192mh[48;2;2;190;191mi[48;2;2;192;191mg[48;2;3;193;191mh[48;2;3;194;190m [48;2;3;195;191m/[48;2;3;196;190m [48;2;3;196;189m⑂[48;2;3;197;188m [48;2;3;198;187md[48;2;3;198;186me[48;2;3;198;185mv[48;2;3;198;184m [48;2;3;199;183m?[48;2;4;198;181m1[48;2;4;198;179m [48;2;4;197;178m/[48;2;4;197;176m [48;2;4;196;175m▸[48;2;4;196;173m [48;2;4;195;171m…[48;2;4;195;169me[48;2;4;193;167mt[48;2;4;192;164m/[48;2;4;191;162mp[48;2;5;190;161mr[48;2;10;190;160mo[48;2;22;192;163mj[48;2;34;194;165me[48;2;46;196;168mc[48;2;57;197;170mt[48;2;67;199;173ms[48;2;77;201;176m/[48;2;86;202;178mj[48;2;94;203;180me[48;2;101;205;181mo[48;2;107;205;183m-[48;2;111;206;183mc[48;2;115;205;184mo[48;2;117;205;183md[48;2;117;204;182me[48;2;117;203;180m [0m   ▦ 8%/200k[1B[1G[2K[1B[1G[2K╭─────────────────────────────────────────────────────────────────────────────╮[1B[1G[2K│> Type your message...                                                       │[1B[1G[2K╰─────────────────────────────────────────────────────────────────────────────╯[1B[1G[2K[1B[1G[2K[1B[1G[2K[1B[1G[2K[1B[1G[2K[1B[1G[2K[1B[1G[2K[11A[1G[3B[4G[?25h[3A[1G[1G[2K[38;2;235;235;235m[48;2;114;189;204m [48;2;113;190;204m⬢[48;2;110;189;204m [48;2;105;189;203mc[48;2;100;188;203ml[48;2;93;187;202ma[48;2;86;185;200mu[48;2;77;184;199md[48;2;67;181;197me[48;2;57;179;195m-[48;2;46;177;193ms[48;2;34;175;191mo[48;2;22;172;188mn[48;2;10;170;186mn[48;2;1;169;185me[48;2;1;172;185mt[48;2;1;173;186m-[48;2;2;176;188m4[48;2;2;177;189m-[48;2;2;180;189m5[48;2;2;181;190m [48;2;2;183;190m·[48;2;2;185;190m [48;2;2;187;191m◔[48;2;2;188;192m [48;2;2;190;192mh[48;2;2;190;191mi[48;2;2;192;191mg[48;2;3;193;191mh[48;2;3;194;190m [48;2;3;195;191m/[48;2;3;196;190m [48;2;3;196;189m⑂[48;2;3;197;188m [48;2;3;198;187md[48;2;3;198;186me[48;2;3;198;185mv[48;2;3;198;184m [48;2;3;199;183m?[48;2;4;198;181m1[48;2;4;198;179m [48;2;4;197;178m/[48;2;4;197;176m [48;2;4;196;175m▸[48;2;4;196;173m [48;2;4;195;171m…[48;2;4;195;169me[48;2;4;193;167mt[48;2;4;192;164m/[48;2;4;191;162mp[48;2;5;190;161mr[48;2;9;189;160mo[48;2;21;192;162mj[48;2;33;193;164me[48;2;44;195;167mc[48;2;55;197;170mt[48;2;66;199;172ms[48;2;76;200;175m/[48;2;85;202;177mj[48;2;93;203;179me[48;2;100;204;181mo[48;2;106;205;182m-[48;2;111;205;183mc[48;2;114;205;184mo[48;2;116;205;183md[48;2;117;204;182me[48;2;117;203;181m [0m   ▦ 8%/200k[1B[1G[2K[1B[1G[2K╭─────────────────────────────────────────────────────────────────────────────╮[1B[1G[2K│> Type your message...                                                       │[1B[1G[2K╰─────────────────────────────────────────────────────────────────────────────╯[1B[1G[2K[1B[1G[2K[1B[1G[2K[1B[1G[2K[1B[1G[2K[1B[1G[2K[1B[1G[2K[11A[1G[3B[4G[?25h[3A[1G[2K[1B[1G[2K[1B[1G[2K[1B[1G[2K[1B[1G[2K[1B[1G[2K[1B[1G[2K[1B[1G[2K[1B[1G[2K[1B[1G[2K[1B[1G[2K[1B[1G[2K[11A[1G[?25h










[11A[1G[1G[1G[2K[38;2;235;235;235m[48;2;114;189;204m [48;2;113;190;204m⬢[48;2;110;189;204m [48;2;105;189;204mc[48;2;100;188;203ml[48;2;93;187;202ma[48;2;86;185;200mu[48;2;77;184;199md[48;2;67;181;197me[48;2;57;179;195m-[48;2;46;177;193ms[48;2;34;175;191mo[48;2;22;172;188mn[48;2;10;171;186mn[48;2;1;169;185me[48;2;1;172;185mt[48;2;1;173;186m-[48;2;2;176;188m4[48;2;2;177;189m-[48;2;2;180;189m5[48;2;2;181;190m [48;2;2;183;190m·[48;2;2;185;190m [48;2;2;187;191m◔[48;2;2;188;192m [48;2;2;190;192mh[48;2;2;190;191mi[48;2;2;192;191mg[48;2;3;193;191mh[48;2;3;194;190m [48;2;3;195;191m/[48;2;3;196;190m [48;2;3;196;189m⑂[48;2;3;197;188m [48;2;3;198;187md[48;2;3;198;186me[48;2;3;198;185mv[48;2;3;198;184m [48;2;3;199;183m?[48;2;4;198;181m1[48;2;4;198;179m [48;2;4;197;178m/[48;2;4;197;176m [48;2;4;196;175m▸[48;2;4;196;173m [48;2;4;195;171m…[48;2;4;195;169me[48;2;4;193;167mt[48;2;4;192;164m/[48;2;4;191;162mp[48;2;5;190;161mr[48;2;8;189;159mo[48;2;20;192;162mj[48;2;32;193;164me[48;2;44;195;167mc[48;2;55;197;169mt[48;2;65;199;172ms[48;2;75;200;175m/[48;2;84;202;177mj[48;2;92;203;179me[48;2;99;204;181mo[48;2;106;205;182m-[48;2;111;205;183mc[48;2;114;205;184mo[48;2;116;205;183md[48;2;117;204;182me[48;2;117;203;181m [0m   ▦ 8%/200k[1B[1G[2K[1B[1G[2K╭─────────────────────────────────────────────────────────────────────────────╮[1B[1G[2K│> Type your message...                                                       │[1B[1G[2K╰─────────────────────────────────────────────────────────────────────────────╯[1B[1G[2K[1B[1G[2K[1B[1G[2K[1B[1G[2K[1B[1G[2K[1B[1G[2K[1B[1G[2K[11A[1G[3B[4G[?25h[3A[1G[1G[2K[38;2;235;235;235m[48;2;114;189;204m [48;2;113;190;204m⬢[48;2;110;190;204m [48;2;106;190;204mc[48;2;101;188;203ml[48;2;94;188;202ma[48;2;87;186;201mu[48;2;78;184;199md[48;2;69;182;197me[48;2;59;180;195m-[48;2;48;177;194ms[48;2;36;176;191mo[48;2;24;173;189mn[48;2;12;171;187mn[48;2;1;169;185me[48;2;1;172;185mt[48;2;1;173;186m-[48;2;2;176;188m4[48;2;2;177;189m-[48;2;2;180;189m5[48;2;2;181;190m [48;2;2;183;190m·[48;2;2;185;190m [48;2;2;187;191m◔[48;2;2;188;192m [48;2;2;190;192mh[48;2;2;190;191mi[48;2;2;192;191mg[48;2;3;193;191mh[48;2;3;194;190m [48;2;3;195;191m/[48;2;3;196;190m [48;2;3;196;189m⑂[48;2;3;197;188m [48;2;3;198;187md[48;2;3;198;186me[48;2;3;198;185mv[48;2;3;198;184m [48;2;3;199;183m?[48;2;4;198;181m1[48;2;4;198;179m [48;2;4;197;178m/[48;2;4;197;176m [48;2;4;196;175m▸[48;2;4;196;173m [48;2;4;195;171m…[48;2;4;195;169me[48;2;4;193;167mt[48;2;4;192;164m/[48;2;4;191;162mp[48;2;5;190;161mr[48;2;6;189;159mo[48;2;19;191;161mj[48;2;30;193;164me[48;2;42;195;166mc[48;2;53;196;169mt[48;2;64;198;171ms[48;2;74;200;174m/[48;2;83;202;177mj[48;2;91;203;179me[48;2;98;204;180mo[48;2;105;204;182m-[48;2;110;205;183mc[48;2;114;205;183mo[48;2;116;205;183md[48;2;117;204;182me[48;2;117;203;181m [0m   ▦ 8%/200k[1B[1G[2K[1B[1G[2K╭─────────────────────────────────────────────────────────────────────────────╮[1B[1G[2K│> Type your message...                                                       │[1B[1G[2K╰─────────────────────────────────────────────────────────────────────────────╯[1B[1G[2K[1B[1G[2K[1B[1G[2K[1B[1G[2K[1B[1G[2K[1B[1G[2K[1B[1G[2K[11A[1G[3B[4G[?25h[3A[1G[2K[1B[1G[2K[1B[1G[2K[1B[1G[2K[1B[1G[2K[1B[1G[2K[1B[1G[2K[1B[1G[2K[1B[1G[2K[1B[1G[2K[1B[1G[2K[1B[1G[2K[11A[1G[?25h(pass) /model sets only the DEFAULT thinking; role thinking is owned by /agents [161.77ms]
[?2004h










[11A[1G[1G[1G[2K[38;2;235;235;235m[48;2;114;189;204m [48;2;115;191;205m⬢[48;2;114;192;206m [48;2;112;192;206mo[48;2;108;192;206ml[48;2;103;192;206ml[48;2;98;190;205ma[48;2;90;189;203mm[48;2;82;187;202ma[48;2;72;186;200m/[48;2;62;183;198mq[48;2;51;181;196mw[48;2;39;179;194me[48;2;27;177;191mn[48;2;14;174;189m2[48;2;2;173;186m.[48;2;2;175;187m5[48;2;2;177;188m:[48;2;2;179;189m0[48;2;2;181;189m.[48;2;2;183;191m5[48;2;2;184;191mb[48;2;2;186;191m [48;2;2;187;191m/[48;2;2;189;191m [48;2;2;190;191m⑂[48;2;2;192;191m [48;2;3;193;191md[48;2;3;194;191me[48;2;3;194;190mv[48;2;3;196;190m [48;2;3;196;189m/[48;2;3;197;188m [48;2;3;198;187m▸[48;2;3;198;186m [48;2;3;198;184m~[48;2;3;198;184m/[48;2;3;199;183m.[48;2;4;198;181ms[48;2;4;198;179mu[48;2;4;197;178mp[48;2;4;197;176me[48;2;4;196;174mr[48;2;4;196;172ms[48;2;4;194;171me[48;2;4;194;168mt[48;2;4;192;166m/[48;2;4;192;164mp[48;2;5;191;161mr[48;2;5;189;159mo[48;2;5;188;156mj[48;2;6;186;154me[48;2;18;189;158mc[48;2;31;190;160mt[48;2;43;193;163ms[48;2;54;194;166m/[48;2;65;196;169mj[48;2;75;198;172me[48;2;85;200;174mo[48;2;93;201;176m-[48;2;101;202;178mc[48;2;106;203;180mo[48;2;111;203;181md[48;2;115;203;181me[48;2;117;203;180m [0m     ▦ 51%/33k[1B[1G[2K[1B[1G[2K╭─────────────────────────────────────────────────────────────────────────────╮[1B[1G[2K│> Type your message...                                                       │[1B[1G[2K╰─────────────────────────────────────────────────────────────────────────────╯[1B[1G[2K[1B[1G[2K[1B[1G[2K[1B[1G[2K[1B[1G[2K[1B[1G[2K[1B[1G[2K[11A[1G[3B[4G[?25h[3A[1G[1G[2K[38;2;235;235;235m[48;2;114;189;204m [48;2;115;191;205m⬢[48;2;114;192;206m [48;2;112;192;206mo[48;2;109;192;206ml[48;2;105;192;206ml[48;2;100;191;205ma[48;2;93;190;204mm[48;2;85;188;202ma[48;2;76;187;201m/[48;2;67;185;199mq[48;2;56;183;197mw[48;2;45;180;195me[48;2;34;179;193mn[48;2;22;176;190m2[48;2;9;175;188m.[48;2;1;173;186m5[48;2;2;176;188m:[48;2;2;177;189m0[48;2;2;180;189m.[48;2;2;181;190m5[48;2;2;183;190mb[48;2;2;185;190m [48;2;2;187;191m/[48;2;2;188;192m [48;2;2;190;192m⑂[48;2;2;190;191m [48;2;2;192;191md[48;2;3;193;191me[48;2;3;194;190mv[48;2;3;195;191m [48;2;3;196;190m?[48;2;3;196;189m1[48;2;3;197;188m [48;2;3;198;187m/[48;2;3;198;186m [48;2;3;198;185m▸[48;2;3;198;184m [48;2;3;199;183m…[48;2;4;198;181m.[48;2;4;198;179ms[48;2;4;197;178mu[48;2;4;197;176mp[48;2;4;196;175me[48;2;4;196;173mr[48;2;4;195;171ms[48;2;4;195;169me[48;2;4;193;167mt[48;2;4;192;164m/[48;2;4;191;162mp[48;2;5;190;161mr[48;2;5;188;158mo[48;2;5;187;156mj[48;2;9;186;155me[48;2;21;189;157mc[48;2;33;190;160mt[48;2;44;193;163ms[48;2;56;194;166m/[48;2;66;196;169mj[48;2;76;198;171me[48;2;85;199;174mo[48;2;93;201;176m-[48;2;100;202;178mc[48;2;106;202;179mo[48;2;111;203;180md[48;2;114;203;181me[48;2;116;203;180m [0m   ▦ 51%/33k[1B[1G[2K[1B[1G[2K╭─────────────────────────────────────────────────────────────────────────────╮[1B[1G[2K│> Type your message...                                                       │[1B[1G[2K╰─────────────────────────────────────────────────────────────────────────────╯[1B[1G[2K[1B[1G[2K[1B[1G[2K[1B[1G[2K[1B[1G[2K[1B[1G[2K[1B[1G[2K[11A[1G[3B[4G[?25h[3A[1G[2K[1B[1G[2K[1B[1G[2K[1B[1G[2K[1B[1G[2K[1B[1G[2K[1B[1G[2K[1B[1G[2K[1B[1G[2K[1B[1G[2K[1B[1G[2K[1B[1G[2K[11A[1G[?25h










[11A[1G[1G[1G[2K[38;2;235;235;235m[48;2;114;189;204m [48;2;115;191;205m⬢[48;2;114;192;206m [48;2;113;192;206ma[48;2;110;192;206mn[48;2;106;192;206mt[48;2;101;191;205mi[48;2;95;190;204mg[48;2;87;189;203mr[48;2;79;187;202ma[48;2;70;185;200mv[48;2;60;184;198mi[48;2;50;181;196mt[48;2;38;180;193my[48;2;27;177;191m/[48;2;15;176;189mg[48;2;3;173;187me[48;2;2;175;187mm[48;2;2;177;188mi[48;2;2;179;188mn[48;2;2;180;190mi[48;2;2;183;190m-[48;2;2;184;191m3[48;2;2;186;191m-[48;2;2;187;191mp[48;2;2;189;191mr[48;2;2;190;192mo[48;2;2;191;191m-[48;2;2;192;191mh[48;2;3;194;191mi[48;2;3;194;190mg[48;2;3;196;190mh[48;2;3;196;190m [48;2;3;197;189m/[48;2;3;197;188m [48;2;3;198;187m⑂[48;2;3;198;186m [48;2;3;199;186md[48;2;3;198;184me[48;2;3;199;183mv[48;2;4;198;181m [48;2;4;198;180m?[48;2;4;198;178m1[48;2;4;198;177m [48;2;4;197;175m/[48;2;4;197;173m [48;2;4;195;171m▸[48;2;4;195;169m [48;2;4;194;167m…[48;2;4;193;166mt[48;2;4;192;164m/[48;2;5;191;161mp[48;2;5;189;159mr[48;2;5;188;156mo[48;2;5;186;155mj[48;2;13;188;156me[48;2;25;189;158mc[48;2;36;191;161mt[48;2;47;193;164ms[48;2;58;195;166m/[48;2;68;196;170mj[48;2;77;198;172me[48;2;86;200;174mo[48;2;94;201;176m-[48;2;101;202;178mc[48;2;106;203;179mo[48;2;111;203;180md[48;2;114;203;181me[48;2;116;203;180m [0m   ▦ 2%/1M[1B[1G[2K[1B[1G[2K╭─────────────────────────────────────────────────────────────────────────────╮[1B[1G[2K│> Type your message...                                                       │[1B[1G[2K╰─────────────────────────────────────────────────────────────────────────────╯[1B[1G[2K[1B[1G[2K[1B[1G[2K[1B[1G[2K[1B[1G[2K[1B[1G[2K[1B[1G[2K[11A[1G[3B[4G[?25h[3A[1G[1G[2K[38;2;235;235;235m[48;2;114;188;203m [48;2;115;191;205m⬢[48;2;115;192;206m [48;2;113;193;207ma[48;2;110;193;207mn[48;2;107;193;206mt[48;2;102;192;205mi[48;2;96;191;204mg[48;2;89;189;203mr[48;2;80;188;202ma[48;2;71;186;200mv[48;2;62;184;198mi[48;2;51;182;196mt[48;2;40;180;194my[48;2;29;178;192m/[48;2;17;176;190mg[48;2;5;174;188me[48;2;2;175;187mm[48;2;2;177;188mi[48;2;2;179;188mn[48;2;2;180;190mi[48;2;2;183;190m-[48;2;2;184;191m3[48;2;2;186;191m-[48;2;2;187;191mp[48;2;2;189;191mr[48;2;2;190;192mo[48;2;2;191;191m-[48;2;2;192;191mh[48;2;3;194;191mi[48;2;3;194;190mg[48;2;3;196;190mh[48;2;3;196;190m [48;2;3;197;189m/[48;2;3;197;188m [48;2;3;198;187m⑂[48;2;3;198;186m [48;2;3;199;186md[48;2;3;198;184me[48;2;3;199;183mv[48;2;4;198;181m [48;2;4;198;180m?[48;2;4;198;178m1[48;2;4;198;177m [48;2;4;197;175m/[48;2;4;197;173m [48;2;4;195;171m▸[48;2;4;195;169m [48;2;4;194;167m…[48;2;4;193;166mt[48;2;4;192;164m/[48;2;5;191;161mp[48;2;5;189;159mr[48;2;5;188;156mo[48;2;5;186;155mj[48;2;11;187;155me[48;2;23;189;158mc[48;2;35;191;160mt[48;2;46;192;163ms[48;2;57;195;166m/[48;2;67;196;169mj[48;2;76;198;171me[48;2;85;199;174mo[48;2;93;201;176m-[48;2;100;202;177mc[48;2;106;203;179mo[48;2;110;203;180md[48;2;114;203;180me[48;2;116;203;180m [0m   ▦ 2%/1M[1B[1G[2K[1B[1G[2K╭─────────────────────────────────────────────────────────────────────────────╮[1B[1G[2K│> Type your message...                                                       │[1B[1G[2K╰─────────────────────────────────────────────────────────────────────────────╯[1B[1G[2K[1B[1G[2K[1B[1G[2K[1B[1G[2K[1B[1G[2K[1B[1G[2K[1B[1G[2K[11A[1G[3B[4G[?25h[3A[1G[2K[1B[1G[2K[1B[1G[2K[1B[1G[2K[1B[1G[2K[1B[1G[2K[1B[1G[2K[1B[1G[2K[1B[1G[2K[1B[1G[2K[1B[1G[2K[1B[1G[2K[11A[1G[?25h










[11A[1G[1G[1G[2K[38;2;235;235;235m[48;2;114;188;203m [48;2;115;191;205m⬢[48;2;115;192;206m [48;2;113;193;207ma[48;2;110;193;207mn[48;2;107;193;206mt[48;2;102;192;205mi[48;2;96;191;204mg[48;2;89;189;203mr[48;2;81;188;202ma[48;2;72;186;200mv[48;2;62;184;198mi[48;2;51;182;196mt[48;2;40;180;194my[48;2;29;178;192m/[48;2;17;176;190mg[48;2;5;174;188me[48;2;2;175;187mm[48;2;2;177;188mi[48;2;2;179;188mn[48;2;2;180;190mi[48;2;2;183;190m-[48;2;2;184;191m3[48;2;2;186;191m-[48;2;2;187;191mp[48;2;2;189;191mr[48;2;2;190;192mo[48;2;2;191;191m-[48;2;2;192;191mh[48;2;3;194;191mi[48;2;3;194;190mg[48;2;3;196;190mh[48;2;3;196;190m [48;2;3;197;189m/[48;2;3;197;188m [48;2;3;198;187m⑂[48;2;3;198;186m [48;2;3;199;186md[48;2;3;198;184me[48;2;3;199;183mv[48;2;4;198;181m [48;2;4;198;180m?[48;2;4;198;178m1[48;2;4;198;177m [48;2;4;197;175m/[48;2;4;197;173m [48;2;4;195;171m▸[48;2;4;195;169m [48;2;4;194;167m…[48;2;4;193;166mt[48;2;4;192;164m/[48;2;5;191;161mp[48;2;5;189;159mr[48;2;5;188;156mo[48;2;5;186;155mj[48;2;11;187;155me[48;2;23;189;158mc[48;2;34;191;160mt[48;2;46;192;163ms[48;2;56;195;166m/[48;2;67;196;169mj[48;2;76;198;171me[48;2;85;199;174mo[48;2;93;201;176m-[48;2;100;202;177mc[48;2;106;203;179mo[48;2;110;203;180md[48;2;114;203;180me[48;2;116;203;180m [0m   ▦ 2%/1M[1B[1G[2K[1B[1G[2K╭─────────────────────────────────────────────────────────────────────────────╮[1B[1G[2K│> Type your message...                                                       │[1B[1G[2K╰─────────────────────────────────────────────────────────────────────────────╯[1B[1G[2K[1B[1G[2K[1B[1G[2K[1B[1G[2K[1B[1G[2K[1B[1G[2K[1B[1G[2K[11A[1G[3B[4G[?25h[3A[1G[1G[2K[38;2;235;235;235m[48;2;113;188;203m [48;2;115;190;205m⬢[48;2;115;192;206m [48;2;113;193;207ma[48;2;111;193;207mn[48;2;107;193;206mt[48;2;103;192;206mi[48;2;97;191;205mg[48;2;90;190;203mr[48;2;82;188;202ma[48;2;73;186;201mv[48;2;63;185;199mi[48;2;53;183;197mt[48;2;42;181;194my[48;2;30;178;192m/[48;2;19;177;190mg[48;2;7;175;188me[48;2;2;175;187mm[48;2;2;177;188mi[48;2;2;179;188mn[48;2;2;180;190mi[48;2;2;183;190m-[48;2;2;184;191m3[48;2;2;186;191m-[48;2;2;187;191mp[48;2;2;189;191mr[48;2;2;190;192mo[48;2;2;191;191m-[48;2;2;192;191mh[48;2;3;194;191mi[48;2;3;194;190mg[48;2;3;196;190mh[48;2;3;196;190m [48;2;3;197;189m/[48;2;3;197;188m [48;2;3;198;187m⑂[48;2;3;198;186m [48;2;3;199;186md[48;2;3;198;184me[48;2;3;199;183mv[48;2;4;198;181m [48;2;4;198;180m?[48;2;4;198;178m1[48;2;4;198;177m [48;2;4;197;175m/[48;2;4;197;173m [48;2;4;195;171m▸[48;2;4;195;169m [48;2;4;194;167m…[48;2;4;193;166mt[48;2;4;192;164m/[48;2;5;191;161mp[48;2;5;189;159mr[48;2;5;188;156mo[48;2;5;186;155mj[48;2;10;187;155me[48;2;21;188;157mc[48;2;33;190;160mt[48;2;44;192;162ms[48;2;55;194;165m/[48;2;65;196;168mj[48;2;75;198;171me[48;2;84;199;173mo[48;2;92;200;175m-[48;2;99;201;177mc[48;2;105;202;178mo[48;2;110;203;180md[48;2;113;203;180me[48;2;116;202;180m [0m   ▦ 2%/1M[1B[1G[2K[1B[1G[2K╭─────────────────────────────────────────────────────────────────────────────╮[1B[1G[2K│> Type your message...                                                       │[1B[1G[2K╰─────────────────────────────────────────────────────────────────────────────╯[1B[1G[2K[1B[1G[2K[1B[1G[2K[1B[1G[2K[1B[1G[2K[1B[1G[2K[1B[1G[2K[11A[1G[3B[4G[?25h[3A[1G[2K[1B[1G[2K[1B[1G[2K[1B[1G[2K[1B[1G[2K[1B[1G[2K[1B[1G[2K[1B[1G[2K[1B[1G[2K[1B[1G[2K[1B[1G[2K[1B[1G[2K[11A[1G[?25h(pass) antigravity stays selectable in /model with a gemini-fallback OAuth (warned, not refused) [145.39ms]
[?2004h










[11A[1G[1G[1G[2K[38;2;235;235;235m[48;2;108;186;201m [48;2;112;189;204m⬢[48;2;114;192;206m [48;2;115;194;207mg[48;2;114;195;208mp[48;2;111;195;208mt[48;2;108;195;208m-[48;2;102;194;208m5[48;2;96;193;206m.[48;2;87;192;205m5[48;2;78;191;203m [48;2;68;188;201m·[48;2;56;187;199m [48;2;44;184;197m◔[48;2;32;182;194m [48;2;19;179;192mh[48;2;6;178;189mi[48;2;2;178;188mg[48;2;2;180;189mh[48;2;2;183;191m [48;2;2;184;191m/[48;2;2;186;191m [48;2;2;187;191m⑂[48;2;2;189;191m [48;2;2;190;191md[48;2;2;192;191me[48;2;3;193;191mv[48;2;3;194;190m [48;2;3;196;190m/[48;2;3;196;189m [48;2;3;197;188m▸[48;2;3;197;188m [48;2;3;198;187m~[48;2;3;198;186m/[48;2;3;198;184m.[48;2;3;199;183ms[48;2;4;198;181mu[48;2;4;198;179mp[48;2;4;197;178me[48;2;4;197;176mr[48;2;4;196;174ms[48;2;4;196;172me[48;2;4;194;169mt[48;2;4;194;168m/[48;2;4;193;166mp[48;2;4;191;163mr[48;2;5;190;161mo[48;2;5;188;158mj[48;2;5;187;156me[48;2;4;185;153mc[48;2;4;184;150mt[48;2;11;184;150ms[48;2;24;186;153m/[48;2;37;188;157mj[48;2;49;190;160me[48;2;61;193;164mo[48;2;72;194;167m-[48;2;82;196;170mc[48;2;91;198;172mo[48;2;99;199;174md[48;2;106;200;176me[48;2;111;201;177m [0m        ▦ 4%/400k[1B[1G[2K[1B[1G[2K╭─────────────────────────────────────────────────────────────────────────────╮[1B[1G[2K│> Type your message...                                                       │[1B[1G[2K╰─────────────────────────────────────────────────────────────────────────────╯[1B[1G[2K[1B[1G[2K[1B[1G[2K[1B[1G[2K[1B[1G[2K[1B[1G[2K[1B[1G[2K[11A[1G[3B[4G[?25h[3A[1G[1G[2K[38;2;235;235;235m[48;2;107;186;201m [48;2;111;189;204m⬢[48;2;114;191;206m [48;2;115;193;207mg[48;2;114;195;208mp[48;2;112;195;209mt[48;2;110;195;208m-[48;2;105;195;208m5[48;2;99;194;207m.[48;2;92;193;206m5[48;2;84;191;204m [48;2;75;190;202m·[48;2;65;188;201m [48;2;54;186;199m◔[48;2;42;184;197m [48;2;30;182;194mh[48;2;18;180;192mi[48;2;6;178;189mg[48;2;2;179;189mh[48;2;2;181;189m [48;2;2;183;191m/[48;2;2;184;191m [48;2;2;186;191m⑂[48;2;2;187;191m [48;2;2;189;191md[48;2;2;190;191me[48;2;2;192;191mv[48;2;3;193;191m [48;2;3;194;191m?[48;2;3;194;190m1[48;2;3;196;190m [48;2;3;196;189m/[48;2;3;197;188m [48;2;3;198;187m▸[48;2;3;198;186m [48;2;3;198;184m~[48;2;3;198;184m/[48;2;3;199;183m.[48;2;4;198;181ms[48;2;4;198;179mu[48;2;4;197;178mp[48;2;4;197;176me[48;2;4;196;174mr[48;2;4;196;172ms[48;2;4;194;171me[48;2;4;194;168mt[48;2;4;192;166m/[48;2;4;192;164mp[48;2;5;191;161mr[48;2;5;189;159mo[48;2;5;188;156mj[48;2;4;186;154me[48;2;4;185;152mc[48;2;4;183;149mt[48;2;15;185;151ms[48;2;28;186;154m/[48;2;40;189;157mj[48;2;51;190;160me[48;2;62;192;163mo[48;2;73;194;166m-[48;2;83;196;170mc[48;2;91;197;172mo[48;2;99;199;174md[48;2;105;200;176me[48;2;110;200;177m [0m     ▦ 4%/400k[1B[1G[2K[1B[1G[2K╭─────────────────────────────────────────────────────────────────────────────╮[1B[1G[2K│> Type your message...                                                       │[1B[1G[2K╰─────────────────────────────────────────────────────────────────────────────╯[1B[1G[2K[1B[1G[2K[1B[1G[2K[1B[1G[2K[1B[1G[2K[1B[1G[2K[1B[1G[2K[11A[1G[3B[4G[?25h[3A[1G[2K[1B[1G[2K[1B[1G[2K[1B[1G[2K[1B[1G[2K[1B[1G[2K[1B[1G[2K[1B[1G[2K[1B[1G[2K[1B[1G[2K[1B[1G[2K[1B[1G[2K[11A[1G[?25h










[11A[1G[1G[1G[2K[38;2;235;235;235m[48;2;107;186;201m [48;2;111;189;204m⬢[48;2;114;191;206m [48;2;115;193;207mg[48;2;114;195;208mp[48;2;112;195;209mt[48;2;110;195;208m-[48;2;105;195;208m5[48;2;99;194;207m.[48;2;92;193;206m5[48;2;84;191;204m [48;2;75;190;202m·[48;2;65;188;201m [48;2;54;186;199m◔[48;2;42;184;197m [48;2;30;182;194mh[48;2;18;180;192mi[48;2;6;178;189mg[48;2;2;179;189mh[48;2;2;181;189m [48;2;2;183;191m/[48;2;2;184;191m [48;2;2;186;191m⑂[48;2;2;187;191m [48;2;2;189;191md[48;2;2;190;191me[48;2;2;192;191mv[48;2;3;193;191m [48;2;3;194;191m?[48;2;3;194;190m1[48;2;3;196;190m [48;2;3;196;189m/[48;2;3;197;188m [48;2;3;198;187m▸[48;2;3;198;186m [48;2;3;198;184m~[48;2;3;198;184m/[48;2;3;199;183m.[48;2;4;198;181ms[48;2;4;198;179mu[48;2;4;197;178mp[48;2;4;197;176me[48;2;4;196;174mr[48;2;4;196;172ms[48;2;4;194;171me[48;2;4;194;168mt[48;2;4;192;166m/[48;2;4;192;164mp[48;2;5;191;161mr[48;2;5;189;159mo[48;2;5;188;156mj[48;2;4;186;154me[48;2;4;185;152mc[48;2;4;183;149mt[48;2;15;185;151ms[48;2;28;186;154m/[48;2;40;189;157mj[48;2;51;190;160me[48;2;62;192;163mo[48;2;73;194;166m-[48;2;83;196;170mc[48;2;91;197;172mo[48;2;99;199;174md[48;2;105;200;176me[48;2;110;200;177m [0m     ▦ 4%/400k[1B[1G[2K[1B[1G[2K╭─────────────────────────────────────────────────────────────────────────────╮[1B[1G[2K│> Type your message...                                                       │[1B[1G[2K╰─────────────────────────────────────────────────────────────────────────────╯[1B[1G[2K[1B[1G[2K[1B[1G[2K[1B[1G[2K[1B[1G[2K[1B[1G[2K[1B[1G[2K[11A[1G[3B[4G[?25h[3A[1G[1G[2K[38;2;235;235;235m[48;2;107;185;201m [48;2;111;189;203m⬢[48;2;113;191;205m [48;2;115;193;207mg[48;2;114;195;208mp[48;2;113;196;209mt[48;2;110;195;209m-[48;2;106;195;208m5[48;2;100;194;207m.[48;2;93;194;206m5[48;2;85;192;205m [48;2;76;190;203m·[48;2;66;188;202m [48;2;55;187;199m◔[48;2;44;184;197m [48;2;31;182;195mh[48;2;20;181;192mi[48;2;7;178;189mg[48;2;2;179;189mh[48;2;2;181;189m [48;2;2;183;191m/[48;2;2;184;191m [48;2;2;186;191m⑂[48;2;2;187;191m [48;2;2;189;191md[48;2;2;190;191me[48;2;2;192;191mv[48;2;3;193;191m [48;2;3;194;191m?[48;2;3;194;190m1[48;2;3;196;190m [48;2;3;196;189m/[48;2;3;197;188m [48;2;3;198;187m▸[48;2;3;198;186m [48;2;3;198;184m~[48;2;3;198;184m/[48;2;3;199;183m.[48;2;4;198;181ms[48;2;4;198;179mu[48;2;4;197;178mp[48;2;4;197;176me[48;2;4;196;174mr[48;2;4;196;172ms[48;2;4;194;171me[48;2;4;194;168mt[48;2;4;192;166m/[48;2;4;192;164mp[48;2;5;191;161mr[48;2;5;189;159mo[48;2;5;188;156mj[48;2;4;186;154me[48;2;4;185;152mc[48;2;4;183;149mt[48;2;14;184;151ms[48;2;26;186;154m/[48;2;38;188;157mj[48;2;50;190;160me[48;2;61;192;163mo[48;2;72;194;166m-[48;2;82;196;169mc[48;2;90;197;172mo[48;2;98;198;174md[48;2;104;199;175me[48;2;109;200;177m [0m     ▦ 4%/400k[1B[1G[2K[1B[1G[2K╭─────────────────────────────────────────────────────────────────────────────╮[1B[1G[2K│> Type your message...                                                       │[1B[1G[2K╰─────────────────────────────────────────────────────────────────────────────╯[1B[1G[2K[1B[1G[2K[1B[1G[2K[1B[1G[2K[1B[1G[2K[1B[1G[2K[1B[1G[2K[11A[1G[3B[4G[?25h[3A[1G[2K[1B[1G[2K[1B[1G[2K[1B[1G[2K[1B[1G[2K[1B[1G[2K[1B[1G[2K[1B[1G[2K[1B[1G[2K[1B[1G[2K[1B[1G[2K[1B[1G[2K[11A[1G[?25h










[11A[1G[1G[1G[2K[38;2;235;235;235m[48;2;107;185;201m [48;2;111;189;203m⬢[48;2;113;191;205m [48;2;115;193;207mg[48;2;115;194;208mp[48;2;113;196;209mt[48;2;111;196;209m-[48;2;107;196;208m5[48;2;102;195;207m.[48;2;95;194;206m5[48;2;88;192;206m [48;2;79;191;204m·[48;2;70;189;202m [48;2;60;188;200m◔[48;2;49;185;198m [48;2;37;184;195mm[48;2;25;181;193mi[48;2;14;180;191mn[48;2;2;177;189mi[48;2;2;180;189mm[48;2;2;181;190ma[48;2;2;183;190ml[48;2;2;185;190m [48;2;2;187;191m/[48;2;2;188;192m [48;2;2;190;192m⑂[48;2;2;190;191m [48;2;2;192;191md[48;2;3;193;191me[48;2;3;194;190mv[48;2;3;195;191m [48;2;3;196;190m?[48;2;3;196;189m1[48;2;3;197;188m [48;2;3;198;187m/[48;2;3;198;186m [48;2;3;198;185m▸[48;2;3;198;184m [48;2;3;199;183m…[48;2;4;198;181m.[48;2;4;198;179ms[48;2;4;197;178mu[48;2;4;197;176mp[48;2;4;196;175me[48;2;4;196;173mr[48;2;4;195;171ms[48;2;4;195;169me[48;2;4;193;167mt[48;2;4;192;164m/[48;2;4;191;162mp[48;2;5;190;161mr[48;2;5;188;158mo[48;2;5;187;156mj[48;2;4;185;153me[48;2;4;184;150mc[48;2;5;182;148mt[48;2;17;184;151ms[48;2;29;186;154m/[48;2;41;188;157mj[48;2;52;190;160me[48;2;63;192;163mo[48;2;73;194;166m-[48;2;83;196;169mc[48;2;91;197;172mo[48;2;98;198;174md[48;2;104;199;175me[48;2;109;200;177m [0m   ▦ 4%/400k[1B[1G[2K[1B[1G[2K╭─────────────────────────────────────────────────────────────────────────────╮[1B[1G[2K│> Type your message...                                                       │[1B[1G[2K╰─────────────────────────────────────────────────────────────────────────────╯[1B[1G[2K[1B[1G[2K[1B[1G[2K[1B[1G[2K[1B[1G[2K[1B[1G[2K[1B[1G[2K[11A[1G[3B[4G[?25h[3A[1G[1G[2K[38;2;235;235;235m[48;2;106;185;201m [48;2;110;189;203m⬢[48;2;113;191;205m [48;2;115;193;207mg[48;2;115;195;208mp[48;2;113;196;209mt[48;2;111;196;209m-[48;2;108;196;208m5[48;2;103;195;208m.[48;2;96;194;207m5[48;2;89;193;206m [48;2;81;192;204m·[48;2;71;190;202m [48;2;61;188;200m◔[48;2;50;186;198m [48;2;39;184;196mm[48;2;27;182;193mi[48;2;16;180;192mn[48;2;3;178;189mi[48;2;2;180;189mm[48;2;2;181;190ma[48;2;2;183;190ml[48;2;2;185;190m [48;2;2;187;191m/[48;2;2;188;192m [48;2;2;190;192m⑂[48;2;2;190;191m [48;2;2;192;191md[48;2;3;193;191me[48;2;3;194;190mv[48;2;3;195;191m [48;2;3;196;190m?[48;2;3;196;189m1[48;2;3;197;188m [48;2;3;198;187m/[48;2;3;198;186m [48;2;3;198;185m▸[48;2;3;198;184m [48;2;3;199;183m…[48;2;4;198;181m.[48;2;4;198;179ms[48;2;4;197;178mu[48;2;4;197;176mp[48;2;4;196;175me[48;2;4;196;173mr[48;2;4;195;171ms[48;2;4;195;169me[48;2;4;193;167mt[48;2;4;192;164m/[48;2;4;191;162mp[48;2;5;190;161mr[48;2;5;188;158mo[48;2;5;187;156mj[48;2;4;185;153me[48;2;4;184;150mc[48;2;4;182;148mt[48;2;15;184;150ms[48;2;27;186;154m/[48;2;39;188;157mj[48;2;51;190;160me[48;2;61;192;163mo[48;2;72;193;166m-[48;2;81;195;168mc[48;2;90;197;171mo[48;2;97;198;173md[48;2;104;199;175me[48;2;109;200;176m [0m   ▦ 4%/400k[1B[1G[2K[1B[1G[2K╭─────────────────────────────────────────────────────────────────────────────╮[1B[1G[2K│> Type your message...                                                       │[1B[1G[2K╰─────────────────────────────────────────────────────────────────────────────╯[1B[1G[2K[1B[1G[2K[1B[1G[2K[1B[1G[2K[1B[1G[2K[1B[1G[2K[1B[1G[2K[11A[1G[3B[4G[?25h[3A[1G[2K[1B[1G[2K[1B[1G[2K[1B[1G[2K[1B[1G[2K[1B[1G[2K[1B[1G[2K[1B[1G[2K[1B[1G[2K[1B[1G[2K[1B[1G[2K[1B[1G[2K[11A[1G[?25h










[11A[1G[1G[1G[2K[38;2;235;235;235m[48;2;106;185;201m [48;2;110;189;203m⬢[48;2;113;191;205m [48;2;115;193;207mg[48;2;115;195;208mp[48;2;113;196;209mt[48;2;111;196;209m-[48;2;108;196;208m5[48;2;103;195;208m.[48;2;96;194;207m5[48;2;89;193;206m [48;2;81;192;204m·[48;2;71;190;202m [48;2;61;188;200m◔[48;2;50;186;198m [48;2;39;184;196mm[48;2;27;182;193mi[48;2;16;180;192mn[48;2;3;178;189mi[48;2;2;180;189mm[48;2;2;181;190ma[48;2;2;183;190ml[48;2;2;185;190m [48;2;2;187;191m/[48;2;2;188;192m [48;2;2;190;192m⑂[48;2;2;190;191m [48;2;2;192;191md[48;2;3;193;191me[48;2;3;194;190mv[48;2;3;195;191m [48;2;3;196;190m?[48;2;3;196;189m1[48;2;3;197;188m [48;2;3;198;187m/[48;2;3;198;186m [48;2;3;198;185m▸[48;2;3;198;184m [48;2;3;199;183m…[48;2;4;198;181m.[48;2;4;198;179ms[48;2;4;197;178mu[48;2;4;197;176mp[48;2;4;196;175me[48;2;4;196;173mr[48;2;4;195;171ms[48;2;4;195;169me[48;2;4;193;167mt[48;2;4;192;164m/[48;2;4;191;162mp[48;2;5;190;161mr[48;2;5;188;158mo[48;2;5;187;156mj[48;2;4;185;153me[48;2;4;184;150mc[48;2;4;182;148mt[48;2;15;184;150ms[48;2;27;186;154m/[48;2;39;188;157mj[48;2;51;190;160me[48;2;61;192;163mo[48;2;72;193;166m-[48;2;81;195;168mc[48;2;90;197;171mo[48;2;97;198;173md[48;2;104;199;175me[48;2;109;200;176m [0m   ▦ 4%/400k[1B[1G[2K[1B[1G[2K╭─────────────────────────────────────────────────────────────────────────────╮[1B[1G[2K│> Type your message...                                                       │[1B[1G[2K╰─────────────────────────────────────────────────────────────────────────────╯[1B[1G[2K[1B[1G[2K[1B[1G[2K[1B[1G[2K[1B[1G[2K[1B[1G[2K[1B[1G[2K[11A[1G[3B[4G[?25h[3A[1G[1G[2K[38;2;235;235;235m[48;2;105;185;200m [48;2;110;188;203m⬢[48;2;113;191;205m [48;2;114;193;207mg[48;2;115;195;208mp[48;2;114;196;209mt[48;2;112;196;209m-[48;2;108;196;209m5[48;2;103;195;208m.[48;2;97;195;207m5[48;2;90;193;206m [48;2;82;192;205m·[48;2;73;190;203m [48;2;63;189;201m◔[48;2;52;186;199m [48;2;41;185;196mm[48;2;29;182;194mi[48;2;18;181;192mn[48;2;5;178;190mi[48;2;2;180;189mm[48;2;2;181;190ma[48;2;2;183;190ml[48;2;2;185;190m [48;2;2;187;191m/[48;2;2;188;192m [48;2;2;190;192m⑂[48;2;2;190;191m [48;2;2;192;191md[48;2;3;193;191me[48;2;3;194;190mv[48;2;3;195;191m [48;2;3;196;190m?[48;2;3;196;189m1[48;2;3;197;188m [48;2;3;198;187m/[48;2;3;198;186m [48;2;3;198;185m▸[48;2;3;198;184m [48;2;3;199;183m…[48;2;4;198;181m.[48;2;4;198;179ms[48;2;4;197;178mu[48;2;4;197;176mp[48;2;4;196;175me[48;2;4;196;173mr[48;2;4;195;171ms[48;2;4;195;169me[48;2;4;193;167mt[48;2;4;192;164m/[48;2;4;191;162mp[48;2;5;190;161mr[48;2;5;188;158mo[48;2;5;187;156mj[48;2;4;185;153me[48;2;4;184;150mc[48;2;4;182;148mt[48;2;14;183;149ms[48;2;26;185;153m/[48;2;37;187;156mj[48;2;49;189;159me[48;2;60;191;162mo[48;2;71;193;165m-[48;2;80;195;168mc[48;2;89;196;171mo[48;2;96;198;173md[48;2;103;199;175me[48;2;108;200;176m [0m   ▦ 4%/400k[1B[1G[2K[1B[1G[2K╭─────────────────────────────────────────────────────────────────────────────╮[1B[1G[2K│> Type your message...                                                       │[1B[1G[2K╰─────────────────────────────────────────────────────────────────────────────╯[1B[1G[2K[1B[1G[2K[1B[1G[2K[1B[1G[2K[1B[1G[2K[1B[1G[2K[1B[1G[2K[11A[1G[3B[4G[?25h[3A[1G[2K[1B[1G[2K[1B[1G[2K[1B[1G[2K[1B[1G[2K[1B[1G[2K[1B[1G[2K[1B[1G[2K[1B[1G[2K[1B[1G[2K[1B[1G[2K[1B[1G[2K[11A[1G[?25h










[11A[1G[1G[1G[2K[38;2;235;235;235m[48;2;105;185;200m [48;2;110;188;203m⬢[48;2;113;191;205m [48;2;114;193;207mg[48;2;115;195;208mp[48;2;113;196;209mt[48;2;111;196;209m-[48;2;107;196;209m5[48;2;102;195;208m.[48;2;95;194;207m5[48;2;88;193;205m [48;2;79;192;204m·[48;2;69;189;202m [48;2;59;188;200m◔[48;2;47;185;198m [48;2;35;184;196mh[48;2;24;182;193mi[48;2;11;180;190mg[48;2;2;179;189mh[48;2;2;181;189m [48;2;2;183;191m/[48;2;2;184;191m [48;2;2;186;191m⑂[48;2;2;187;191m [48;2;2;189;191md[48;2;2;190;191me[48;2;2;192;191mv[48;2;3;193;191m [48;2;3;194;191m?[48;2;3;194;190m1[48;2;3;196;190m [48;2;3;196;189m/[48;2;3;197;188m [48;2;3;198;187m▸[48;2;3;198;186m [48;2;3;198;184m~[48;2;3;198;184m/[48;2;3;199;183m.[48;2;4;198;181ms[48;2;4;198;179mu[48;2;4;197;178mp[48;2;4;197;176me[48;2;4;196;174mr[48;2;4;196;172ms[48;2;4;194;171me[48;2;4;194;168mt[48;2;4;192;166m/[48;2;4;192;164mp[48;2;5;191;161mr[48;2;5;189;159mo[48;2;5;188;156mj[48;2;4;186;154me[48;2;4;185;152mc[48;2;4;183;149mt[48;2;10;183;149ms[48;2;22;184;152m/[48;2;34;187;155mj[48;2;46;189;158me[48;2;58;191;161mo[48;2;69;193;164m-[48;2;79;195;168mc[48;2;88;196;170mo[48;2;96;198;173md[48;2;102;199;174me[48;2;108;200;176m [0m     ▦ 4%/400k[1B[1G[2K[1B[1G[2K╭─────────────────────────────────────────────────────────────────────────────╮[1B[1G[2K│> Type your message...                                                       │[1B[1G[2K╰─────────────────────────────────────────────────────────────────────────────╯[1B[1G[2K[1B[1G[2K[1B[1G[2K[1B[1G[2K[1B[1G[2K[1B[1G[2K[1B[1G[2K[11A[1G[3B[4G[?25h[3A[1G[1G[2K[38;2;235;235;235m[48;2;105;184;200m [48;2;109;188;203m⬢[48;2;113;191;205m [48;2;114;193;207mg[48;2;115;195;208mp[48;2;114;196;209mt[48;2;112;196;209m-[48;2;108;196;209m5[48;2;103;195;208m.[48;2;96;195;207m5[48;2;89;193;206m [48;2;80;192;204m·[48;2;70;190;203m [48;2;60;188;201m◔[48;2;49;186;198m [48;2;37;184;196mh[48;2;25;183;193mi[48;2;13;180;191mg[48;2;2;179;189mh[48;2;2;181;189m [48;2;2;183;191m/[48;2;2;184;191m [48;2;2;186;191m⑂[48;2;2;187;191m [48;2;2;189;191md[48;2;2;190;191me[48;2;2;192;191mv[48;2;3;193;191m [48;2;3;194;191m?[48;2;3;194;190m1[48;2;3;196;190m [48;2;3;196;189m/[48;2;3;197;188m [48;2;3;198;187m▸[48;2;3;198;186m [48;2;3;198;184m~[48;2;3;198;184m/[48;2;3;199;183m.[48;2;4;198;181ms[48;2;4;198;179mu[48;2;4;197;178mp[48;2;4;197;176me[48;2;4;196;174mr[48;2;4;196;172ms[48;2;4;194;171me[48;2;4;194;168mt[48;2;4;192;166m/[48;2;4;192;164mp[48;2;5;191;161mr[48;2;5;189;159mo[48;2;5;188;156mj[48;2;4;186;154me[48;2;4;185;152mc[48;2;4;183;149mt[48;2;8;183;148ms[48;2;21;184;151m/[48;2;33;186;154mj[48;2;45;188;157me[48;2;56;191;161mo[48;2;68;192;164m-[48;2;78;194;167mc[48;2;87;196;170mo[48;2;95;197;172md[48;2;102;198;174me[48;2;107;199;175m [0m     ▦ 4%/400k[1B[1G[2K[1B[1G[2K╭─────────────────────────────────────────────────────────────────────────────╮[1B[1G[2K│> Type your message...                                                       │[1B[1G[2K╰─────────────────────────────────────────────────────────────────────────────╯[1B[1G[2K[1B[1G[2K[1B[1G[2K[1B[1G[2K[1B[1G[2K[1B[1G[2K[1B[1G[2K[11A[1G[3B[4G[?25h[3A[1G[2K[1B[1G[2K[1B[1G[2K[1B[1G[2K[1B[1G[2K[1B[1G[2K[1B[1G[2K[1B[1G[2K[1B[1G[2K[1B[1G[2K[1B[1G[2K[1B[1G[2K[11A[1G[?25h










[11A[1G[1G[1G[2K[38;2;235;235;235m[48;2;105;184;200m [48;2;109;188;203m⬢[48;2;112;191;205m [48;2;114;193;207mg[48;2;115;195;208mp[48;2;114;196;209mt[48;2;112;196;209m-[48;2;108;196;209m5[48;2;103;195;208m.[48;2;96;195;207m5[48;2;89;193;206m [48;2;80;192;204m·[48;2;70;190;203m [48;2;60;188;201m◔[48;2;49;186;198m [48;2;37;184;196mh[48;2;25;183;194mi[48;2;13;180;191mg[48;2;2;179;189mh[48;2;2;181;189m [48;2;2;183;191m/[48;2;2;184;191m [48;2;2;186;191m⑂[48;2;2;187;191m [48;2;2;189;191md[48;2;2;190;191me[48;2;2;192;191mv[48;2;3;193;191m [48;2;3;194;191m?[48;2;3;194;190m1[48;2;3;196;190m [48;2;3;196;189m/[48;2;3;197;188m [48;2;3;198;187m▸[48;2;3;198;186m [48;2;3;198;184m~[48;2;3;198;184m/[48;2;3;199;183m.[48;2;4;198;181ms[48;2;4;198;179mu[48;2;4;197;178mp[48;2;4;197;176me[48;2;4;196;174mr[48;2;4;196;172ms[48;2;4;194;171me[48;2;4;194;168mt[48;2;4;192;166m/[48;2;4;192;164mp[48;2;5;191;161mr[48;2;5;189;159mo[48;2;5;188;156mj[48;2;4;186;154me[48;2;4;185;152mc[48;2;4;183;149mt[48;2;8;182;148ms[48;2;21;184;151m/[48;2;33;186;154mj[48;2;45;188;157me[48;2;56;190;160mo[48;2;68;192;164m-[48;2;78;194;167mc[48;2;87;196;170mo[48;2;95;197;172md[48;2;102;198;174me[48;2;107;199;175m [0m     ▦ 4%/400k[1B[1G[2K[1B[1G[2K╭─────────────────────────────────────────────────────────────────────────────╮[1B[1G[2K│> Type your message...                                                       │[1B[1G[2K╰─────────────────────────────────────────────────────────────────────────────╯[1B[1G[2K[1B[1G[2K[1B[1G[2K[1B[1G[2K[1B[1G[2K[1B[1G[2K[1B[1G[2K[11A[1G[3B[4G[?25h[3A[1G[1G[2K[38;2;235;235;235m[48;2;104;184;200m [48;2;109;188;203m⬢[48;2;112;191;205m [48;2;114;193;207mg[48;2;115;195;208mp[48;2;114;196;209mt[48;2;112;196;209m-[48;2;108;196;209m5[48;2;103;196;208m.[48;2;97;195;207m5[48;2;90;194;206m [48;2;81;192;204m·[48;2;72;190;203m [48;2;61;189;201m◔[48;2;50;186;199m [48;2;38;185;196mh[48;2;27;183;194mi[48;2;14;181;191mg[48;2;2;179;189mh[48;2;2;181;189m [48;2;2;183;191m/[48;2;2;184;191m [48;2;2;186;191m⑂[48;2;2;187;191m [48;2;2;189;191md[48;2;2;190;191me[48;2;2;192;191mv[48;2;3;193;191m [48;2;3;194;191m?[48;2;3;194;190m1[48;2;3;196;190m [48;2;3;196;189m/[48;2;3;197;188m [48;2;3;198;187m▸[48;2;3;198;186m [48;2;3;198;184m~[48;2;3;198;184m/[48;2;3;199;183m.[48;2;4;198;181ms[48;2;4;198;179mu[48;2;4;197;178mp[48;2;4;197;176me[48;2;4;196;174mr[48;2;4;196;172ms[48;2;4;194;171me[48;2;4;194;168mt[48;2;4;192;166m/[48;2;4;192;164mp[48;2;5;191;161mr[48;2;5;189;159mo[48;2;5;188;156mj[48;2;4;186;154me[48;2;4;185;152mc[48;2;4;183;149mt[48;2;7;182;148ms[48;2;19;184;151m/[48;2;31;186;154mj[48;2;43;188;157me[48;2;55;190;160mo[48;2;66;192;163m-[48;2;76;194;167mc[48;2;86;195;169mo[48;2;94;197;172md[48;2;101;198;174me[48;2;107;199;175m [0m     ▦ 4%/400k[1B[1G[2K[1B[1G[2K╭─────────────────────────────────────────────────────────────────────────────╮[1B[1G[2K│> Type your message...                                                       │[1B[1G[2K╰─────────────────────────────────────────────────────────────────────────────╯[1B[1G[2K[1B[1G[2K[1B[1G[2K[1B[1G[2K[1B[1G[2K[1B[1G[2K[1B[1G[2K[11A[1G[3B[4G[?25h[3A[1G[2K[1B[1G[2K[1B[1G[2K[1B[1G[2K[1B[1G[2K[1B[1G[2K[1B[1G[2K[1B[1G[2K[1B[1G[2K[1B[1G[2K[1B[1G[2K[1B[1G[2K[11A[1G[?25h(pass) /fast toggles the session thinking level for fast-capable models [171.96ms]
[?2004h










[11A[1G[1G[1G[2K[38;2;235;235;235m[48;2;94;179;196m [48;2;101;184;200m⬢[48;2;106;188;203m [48;2;111;192;206mg[48;2;113;194;208mp[48;2;115;197;209mt[48;2;115;198;210m-[48;2;113;199;211m4[48;2;110;199;211mo[48;2;105;199;210m [48;2;99;198;209m·[48;2;92;197;208m [48;2;83;196;206m◔[48;2;74;194;205m [48;2;63;192;202mm[48;2;52;190;200me[48;2;40;188;198md[48;2;28;186;196mi[48;2;15;184;193mu[48;2;2;181;190mm[48;2;2;184;191m [48;2;2;186;191m/[48;2;2;187;191m [48;2;2;189;191m⑂[48;2;2;190;191m [48;2;2;192;191md[48;2;3;192;191me[48;2;3;194;191mv[48;2;3;194;190m [48;2;3;196;190m/[48;2;3;196;189m [48;2;3;197;188m▸[48;2;3;198;187m [48;2;3;198;186m~[48;2;3;198;184m/[48;2;3;198;183m.[48;2;3;198;182ms[48;2;4;198;181mu[48;2;4;198;179mp[48;2;4;197;177me[48;2;4;197;175mr[48;2;4;196;173ms[48;2;4;195;171me[48;2;4;195;169mt[48;2;4;193;167m/[48;2;4;193;164mp[48;2;4;191;162mr[48;2;5;190;160mo[48;2;5;188;158mj[48;2;5;187;155me[48;2;4;185;153mc[48;2;4;184;150mt[48;2;4;182;147ms[48;2;4;180;144m/[48;2;8;179;143mj[48;2;21;181;147me[48;2;33;183;150mo[48;2;46;185;154m-[48;2;58;188;158mc[48;2;69;190;161mo[48;2;79;192;164md[48;2;88;193;167me[48;2;96;195;170m [0m      ▦ 13%/128k[1B[1G[2K[1B[1G[2K╭─────────────────────────────────────────────────────────────────────────────╮[1B[1G[2K│> Type your message...                                                       │[1B[1G[2K╰─────────────────────────────────────────────────────────────────────────────╯[1B[1G[2K[1B[1G[2K[1B[1G[2K[1B[1G[2K[1B[1G[2K[1B[1G[2K[1B[1G[2K[11A[1G[3B[4G[?25h[3A[1G[1G[2K[38;2;235;235;235m[48;2;92;178;196m [48;2;99;184;199m⬢[48;2;105;187;202m [48;2;109;191;205mg[48;2;113;194;208mp[48;2;114;196;209mt[48;2;115;197;210m-[48;2;114;199;211m4[48;2;112;199;211mo[48;2;108;199;210m [48;2;103;198;210m·[48;2;97;198;209m [48;2;90;196;208m◔[48;2;81;195;206m [48;2;72;193;204mm[48;2;61;192;202me[48;2;50;190;200md[48;2;40;188;198mi[48;2;28;186;195mu[48;2;15;184;193mm[48;2;3;182;190m [48;2;2;184;191m/[48;2;2;186;191m [48;2;2;187;191m⑂[48;2;2;189;191m [48;2;2;190;191md[48;2;2;192;192me[48;2;2;192;191mv[48;2;3;194;191m [48;2;3;194;190m?[48;2;3;196;190m1[48;2;3;196;189m [48;2;3;197;188m/[48;2;3;197;188m [48;2;3;198;187m▸[48;2;3;198;186m [48;2;3;198;184m~[48;2;3;198;183m/[48;2;4;198;181m.[48;2;4;198;180ms[48;2;4;198;179mu[48;2;4;197;177mp[48;2;4;197;175me[48;2;4;196;173mr[48;2;4;195;171ms[48;2;4;195;169me[48;2;4;194;167mt[48;2;4;193;166m/[48;2;4;191;163mp[48;2;5;190;161mr[48;2;5;189;158mo[48;2;5;188;156mj[48;2;4;186;153me[48;2;4;184;151mc[48;2;4;182;148mt[48;2;4;181;146ms[48;2;4;179;144m/[48;2;11;179;144mj[48;2;23;181;147me[48;2;35;183;150mo[48;2;47;185;154m-[48;2;58;188;157mc[48;2;69;189;161mo[48;2;79;192;164md[48;2;87;193;166me[48;2;95;195;169m [0m   ▦ 13%/128k[1B[1G[2K[1B[1G[2K╭─────────────────────────────────────────────────────────────────────────────╮[1B[1G[2K│> Type your message...                                                       │[1B[1G[2K╰─────────────────────────────────────────────────────────────────────────────╯[1B[1G[2K[1B[1G[2K[1B[1G[2K[1B[1G[2K[1B[1G[2K[1B[1G[2K[1B[1G[2K[11A[1G[3B[4G[?25h[3A[1G[2K[1B[1G[2K[1B[1G[2K[1B[1G[2K[1B[1G[2K[1B[1G[2K[1B[1G[2K[1B[1G[2K[1B[1G[2K[1B[1G[2K[1B[1G[2K[1B[1G[2K[11A[1G[?25h










[11A[1G[1G[1G[2K[38;2;235;235;235m[48;2;92;178;196m [48;2;99;183;199m⬢[48;2;105;187;202m [48;2;109;191;205mg[48;2;113;194;208mp[48;2;114;196;209mt[48;2;115;197;210m-[48;2;114;199;211m4[48;2;112;199;211mo[48;2;108;199;210m [48;2;103;198;210m·[48;2;97;198;209m [48;2;90;196;208m◔[48;2;81;195;206m [48;2;72;193;204mm[48;2;62;192;202me[48;2;51;190;200md[48;2;40;188;198mi[48;2;28;186;195mu[48;2;16;184;193mm[48;2;3;182;190m [48;2;2;184;191m/[48;2;2;186;191m [48;2;2;187;191m⑂[48;2;2;189;191m [48;2;2;190;191md[48;2;2;192;192me[48;2;2;192;191mv[48;2;3;194;191m [48;2;3;194;190m?[48;2;3;196;190m1[48;2;3;196;189m [48;2;3;197;188m/[48;2;3;197;188m [48;2;3;198;187m▸[48;2;3;198;186m [48;2;3;198;184m~[48;2;3;198;183m/[48;2;4;198;181m.[48;2;4;198;180ms[48;2;4;198;179mu[48;2;4;197;177mp[48;2;4;197;175me[48;2;4;196;173mr[48;2;4;195;171ms[48;2;4;195;169me[48;2;4;194;167mt[48;2;4;193;166m/[48;2;4;191;163mp[48;2;5;190;161mr[48;2;5;189;158mo[48;2;5;188;156mj[48;2;4;186;153me[48;2;4;184;151mc[48;2;4;182;148mt[48;2;4;181;146ms[48;2;4;179;144m/[48;2;11;179;144mj[48;2;23;181;147me[48;2;35;183;150mo[48;2;47;185;153m-[48;2;58;188;157mc[48;2;69;189;161mo[48;2;78;191;164md[48;2;87;193;166me[48;2;95;195;169m [0m   ▦ 13%/128k[1B[1G[2K[1B[1G[2K╭─────────────────────────────────────────────────────────────────────────────╮[1B[1G[2K│> Type your message...                                                       │[1B[1G[2K╰─────────────────────────────────────────────────────────────────────────────╯[1B[1G[2K[1B[1G[2K[1B[1G[2K[1B[1G[2K[1B[1G[2K[1B[1G[2K[1B[1G[2K[11A[1G[3B[4G[?25h[3A[1G[1G[2K[38;2;235;235;235m[48;2;91;178;195m [48;2;98;183;199m⬢[48;2;104;187;202m [48;2;109;191;205mg[48;2;112;194;207mp[48;2;114;196;209mt[48;2;115;197;210m-[48;2;114;199;211m4[48;2;112;199;211mo[48;2;109;199;211m [48;2;104;199;210m·[48;2;98;198;210m [48;2;91;197;208m◔[48;2;82;196;207m [48;2;73;194;205mm[48;2;63;192;203me[48;2;52;190;201md[48;2;41;189;198mi[48;2;29;186;195mu[48;2;17;185;194mm[48;2;5;182;191m [48;2;2;184;191m/[48;2;2;186;191m [48;2;2;187;191m⑂[48;2;2;189;191m [48;2;2;190;191md[48;2;2;192;192me[48;2;2;192;191mv[48;2;3;194;191m [48;2;3;194;190m?[48;2;3;196;190m1[48;2;3;196;189m [48;2;3;197;188m/[48;2;3;197;188m [48;2;3;198;187m▸[48;2;3;198;186m [48;2;3;198;184m~[48;2;3;198;183m/[48;2;4;198;181m.[48;2;4;198;180ms[48;2;4;198;179mu[48;2;4;197;177mp[48;2;4;197;175me[48;2;4;196;173mr[48;2;4;195;171ms[48;2;4;195;169me[48;2;4;194;167mt[48;2;4;193;166m/[48;2;4;191;163mp[48;2;5;190;161mr[48;2;5;189;158mo[48;2;5;188;156mj[48;2;4;186;153me[48;2;4;184;151mc[48;2;4;182;148mt[48;2;4;181;146ms[48;2;4;179;144m/[48;2;9;179;143mj[48;2;21;180;146me[48;2;33;183;149mo[48;2;46;185;153m-[48;2;57;187;156mc[48;2;67;189;160mo[48;2;77;191;163md[48;2;86;193;166me[48;2;94;194;168m [0m   ▦ 13%/128k[1B[1G[2K[1B[1G[2K╭─────────────────────────────────────────────────────────────────────────────╮[1B[1G[2K│> Type your message...                                                       │[1B[1G[2K╰─────────────────────────────────────────────────────────────────────────────╯[1B[1G[2K[1B[1G[2K[1B[1G[2K[1B[1G[2K[1B[1G[2K[1B[1G[2K[1B[1G[2K[11A[1G[3B[4G[?25h[3A[1G[2K[1B[1G[2K[1B[1G[2K[1B[1G[2K[1B[1G[2K[1B[1G[2K[1B[1G[2K[1B[1G[2K[1B[1G[2K[1B[1G[2K[1B[1G[2K[1B[1G[2K[11A[1G[?25h(pass) /fast rejects models without advertised fast thinking [136.86ms]
[NOTICE] Transparently imported Gemini OAuth credentials from ~/.gemini/oauth_creds.json
[?2004h










[11A[1G[1G[1G[2K[38;2;235;235;235m[48;2;77;171;190m [48;2;86;177;195m⬢[48;2;94;182;198m [48;2;100;187;202mc[48;2;106;191;205ml[48;2;110;194;207ma[48;2;113;197;209mu[48;2;115;199;211md[48;2;115;200;212me[48;2;114;201;212m-[48;2;112;201;213ms[48;2;108;202;212mo[48;2;103;201;212mn[48;2;97;200;211mn[48;2;90;199;209me[48;2;81;198;208mt[48;2;72;196;206m-[48;2;63;195;204m4[48;2;52;193;202m-[48;2;41;191;199m5[48;2;29;189;197m [48;2;17;188;194m·[48;2;5;185;191m [48;2;2;187;191m◔[48;2;2;188;192m [48;2;2;190;192mm[48;2;2;190;191me[48;2;2;192;191md[48;2;3;193;191mi[48;2;3;194;190mu[48;2;3;195;191mm[48;2;3;196;190m [48;2;3;196;189m/[48;2;3;197;188m [48;2;3;198;187m⑂[48;2;3;198;186m [48;2;3;198;185md[48;2;3;198;184me[48;2;3;199;183mv[48;2;4;198;181m [48;2;4;198;179m/[48;2;4;197;178m [48;2;4;197;176m▸[48;2;4;196;175m [48;2;4;196;173m…[48;2;4;195;171ms[48;2;4;195;169me[48;2;4;193;167mt[48;2;4;192;164m/[48;2;4;191;162mp[48;2;5;190;161mr[48;2;5;188;158mo[48;2;5;187;156mj[48;2;4;185;153me[48;2;4;184;150mc[48;2;4;182;148mt[48;2;4;181;145ms[48;2;4;178;143m/[48;2;4;177;141mj[48;2;4;175;138me[48;2;14;176;140mo[48;2;27;178;143m-[48;2;39;181;147mc[48;2;50;183;151mo[48;2;61;185;154md[48;2;71;187;158me[48;2;80;189;161m [0m   ▦ 8%/200k[1B[1G[2K[1B[1G[2K╭─────────────────────────────────────────────────────────────────────────────╮[1B[1G[2K│> Type your message...                                                       │[1B[1G[2K╰─────────────────────────────────────────────────────────────────────────────╯[1B[1G[2K[1B[1G[2K[1B[1G[2K[1B[1G[2K[1B[1G[2K[1B[1G[2K[1B[1G[2K[11A[1G[3B[4G[?25h[3A[1G[1G[2K[38;2;235;235;235m[48;2;76;171;190m [48;2;85;177;194m⬢[48;2;93;182;198m [48;2;99;187;201mc[48;2;105;190;205ml[48;2;109;194;207ma[48;2;113;196;209mu[48;2;115;199;211md[48;2;115;200;212me[48;2;114;201;212m-[48;2;112;202;213ms[48;2;109;202;212mo[48;2;104;201;212mn[48;2;98;201;211mn[48;2;91;200;209me[48;2;83;199;208mt[48;2;74;197;206m-[48;2;64;195;205m4[48;2;54;193;202m-[48;2;42;192;200m5[48;2;31;190;197m [48;2;19;188;194m·[48;2;6;186;192m [48;2;2;187;191m◔[48;2;2;188;192m [48;2;2;190;192mm[48;2;2;190;191me[48;2;2;192;191md[48;2;3;193;191mi[48;2;3;194;190mu[48;2;3;195;191mm[48;2;3;196;190m [48;2;3;196;189m/[48;2;3;197;188m [48;2;3;198;187m⑂[48;2;3;198;186m [48;2;3;198;185md[48;2;3;198;184me[48;2;3;199;183mv[48;2;4;198;181m [48;2;4;198;179m?[48;2;4;197;178m1[48;2;4;197;176m [48;2;4;196;175m/[48;2;4;196;173m [48;2;4;195;171m▸[48;2;4;195;169m [48;2;4;193;167m…[48;2;4;192;164m/[48;2;4;191;162mp[48;2;5;190;161mr[48;2;5;188;158mo[48;2;5;187;156mj[48;2;4;185;153me[48;2;4;184;150mc[48;2;4;182;148mt[48;2;4;181;145ms[48;2;4;178;143m/[48;2;4;177;141mj[48;2;4;175;138me[48;2;12;176;139mo[48;2;25;178;143m-[48;2;37;180;146mc[48;2;48;182;150mo[48;2;59;184;154md[48;2;69;186;157me[48;2;79;189;160m [0m   ▦ 8%/200k[1B[1G[2K[1B[1G[2K╭─────────────────────────────────────────────────────────────────────────────╮[1B[1G[2K│> Type your message...                                                       │[1B[1G[2K╰─────────────────────────────────────────────────────────────────────────────╯[1B[1G[2K[1B[1G[2K[1B[1G[2K[1B[1G[2K[1B[1G[2K[1B[1G[2K[1B[1G[2K[11A[1G[3B[4G[?25h[3A[1G[2K[1B[1G[2K[1B[1G[2K[1B[1G[2K[1B[1G[2K[1B[1G[2K[1B[1G[2K[1B[1G[2K[1B[1G[2K[1B[1G[2K[1B[1G[2K[1B[1G[2K[11A[1G[?25h










[11A[1G[1G[1G[2K[38;2;235;235;235m[48;2;75;170;190m [48;2;84;177;194m⬢[48;2;92;182;198m [48;2;99;186;201mc[48;2;105;190;205ml[48;2;109;194;207ma[48;2;113;196;209mu[48;2;115;199;211md[48;2;115;200;212me[48;2;114;201;212m-[48;2;112;202;213ms[48;2;109;202;213mo[48;2;104;201;212mn[48;2;98;201;211mn[48;2;91;200;210me[48;2;83;199;208mt[48;2;74;197;206m-[48;2;65;196;205m4[48;2;54;193;202m-[48;2;43;192;200m5[48;2;31;190;197m [48;2;19;188;195m·[48;2;7;186;192m [48;2;2;187;191m◔[48;2;2;188;192m [48;2;2;190;192mm[48;2;2;190;191me[48;2;2;192;191md[48;2;3;193;191mi[48;2;3;194;190mu[48;2;3;195;191mm[48;2;3;196;190m [48;2;3;196;189m/[48;2;3;197;188m [48;2;3;198;187m⑂[48;2;3;198;186m [48;2;3;198;185md[48;2;3;198;184me[48;2;3;199;183mv[48;2;4;198;181m [48;2;4;198;179m?[48;2;4;197;178m1[48;2;4;197;176m [48;2;4;196;175m/[48;2;4;196;173m [48;2;4;195;171m▸[48;2;4;195;169m [48;2;4;193;167m…[48;2;4;192;164m/[48;2;4;191;162mp[48;2;5;190;161mr[48;2;5;188;158mo[48;2;5;187;156mj[48;2;4;185;153me[48;2;4;184;150mc[48;2;4;182;148mt[48;2;4;181;145ms[48;2;4;178;143m/[48;2;4;177;141mj[48;2;4;175;138me[48;2;12;176;139mo[48;2;25;177;142m-[48;2;36;180;146mc[48;2;48;182;150mo[48;2;59;184;153md[48;2;69;186;157me[48;2;79;188;160m [0m   ▦ 8%/200k[1B[1G[2K[1B[1G[2K╭─────────────────────────────────────────────────────────────────────────────╮[1B[1G[2K│> Type your message...                                                       │[1B[1G[2K╰─────────────────────────────────────────────────────────────────────────────╯[1B[1G[2K[1B[1G[2K[1B[1G[2K[1B[1G[2K[1B[1G[2K[1B[1G[2K[1B[1G[2K[11A[1G[3B[4G[?25h[3A[1G[1G[2K[38;2;235;235;235m[48;2;74;170;189m [48;2;83;176;194m⬢[48;2;91;181;198m [48;2;98;186;201mc[48;2;104;190;205ml[48;2;109;194;207ma[48;2;112;196;209mu[48;2;114;199;211md[48;2;115;200;212me[48;2;115;201;212m-[48;2;113;202;213ms[48;2;109;202;213mo[48;2;105;202;212mn[48;2;99;201;211mn[48;2;92;200;210me[48;2;84;199;208mt[48;2;75;197;206m-[48;2;66;196;205m4[48;2;56;194;203m-[48;2;45;193;200m5[48;2;33;190;198m [48;2;21;189;195m·[48;2;9;187;192m [48;2;2;187;191m◔[48;2;2;188;192m [48;2;2;190;192mm[48;2;2;190;191me[48;2;2;192;191md[48;2;3;193;191mi[48;2;3;194;190mu[48;2;3;195;191mm[48;2;3;196;190m [48;2;3;196;189m/[48;2;3;197;188m [48;2;3;198;187m⑂[48;2;3;198;186m [48;2;3;198;185md[48;2;3;198;184me[48;2;3;199;183mv[48;2;4;198;181m [48;2;4;198;179m?[48;2;4;197;178m1[48;2;4;197;176m [48;2;4;196;175m/[48;2;4;196;173m [48;2;4;195;171m▸[48;2;4;195;169m [48;2;4;193;167m…[48;2;4;192;164m/[48;2;4;191;162mp[48;2;5;190;161mr[48;2;5;188;158mo[48;2;5;187;156mj[48;2;4;185;153me[48;2;4;184;150mc[48;2;4;182;148mt[48;2;4;181;145ms[48;2;4;178;143m/[48;2;4;177;141mj[48;2;4;175;138me[48;2;10;175;138mo[48;2;23;177;141m-[48;2;35;179;145mc[48;2;46;181;149mo[48;2;57;184;153md[48;2;68;186;156me[48;2;77;188;159m [0m   ▦ 8%/200k[1B[1G[2K[1B[1G[2K╭─────────────────────────────────────────────────────────────────────────────╮[1B[1G[2K│> Type your message...                                                       │[1B[1G[2K╰─────────────────────────────────────────────────────────────────────────────╯[1B[1G[2K[1B[1G[2K[1B[1G[2K[1B[1G[2K[1B[1G[2K[1B[1G[2K[1B[1G[2K[11A[1G[3B[4G[?25h[3A[1G[2K[1B[1G[2K[1B[1G[2K[1B[1G[2K[1B[1G[2K[1B[1G[2K[1B[1G[2K[1B[1G[2K[1B[1G[2K[1B[1G[2K[1B[1G[2K[1B[1G[2K[11A[1G[?25h










[11A[1G[1G[1G[2K[38;2;235;235;235m[48;2;74;170;189m [48;2;83;176;193m⬢[48;2;91;181;198m [48;2;98;186;201mc[48;2;104;190;205ml[48;2;109;194;207ma[48;2;112;196;209mu[48;2;114;199;211md[48;2;115;200;212me[48;2;115;201;212m-[48;2;113;202;213ms[48;2;109;202;213mo[48;2;105;202;212mn[48;2;99;201;211mn[48;2;92;200;210me[48;2;84;199;208mt[48;2;76;197;207m-[48;2;66;196;205m4[48;2;56;194;203m-[48;2;45;193;200m5[48;2;33;190;198m [48;2;21;189;195m·[48;2;9;187;192m [48;2;2;187;191m◔[48;2;2;188;192m [48;2;2;190;192mm[48;2;2;190;191me[48;2;2;192;191md[48;2;3;193;191mi[48;2;3;194;190mu[48;2;3;195;191mm[48;2;3;196;190m [48;2;3;196;189m/[48;2;3;197;188m [48;2;3;198;187m⑂[48;2;3;198;186m [48;2;3;198;185md[48;2;3;198;184me[48;2;3;199;183mv[48;2;4;198;181m [48;2;4;198;179m?[48;2;4;197;178m1[48;2;4;197;176m [48;2;4;196;175m/[48;2;4;196;173m [48;2;4;195;171m▸[48;2;4;195;169m [48;2;4;193;167m…[48;2;4;192;164m/[48;2;4;191;162mp[48;2;5;190;161mr[48;2;5;188;158mo[48;2;5;187;156mj[48;2;4;185;153me[48;2;4;184;150mc[48;2;4;182;148mt[48;2;4;181;145ms[48;2;4;178;143m/[48;2;4;177;141mj[48;2;4;175;138me[48;2;10;175;138mo[48;2;23;177;141m-[48;2;34;179;145mc[48;2;46;181;149mo[48;2;57;184;152md[48;2;67;186;156me[48;2;77;188;159m [0m   ▦ 8%/200k[1B[1G[2K[1B[1G[2K╭─────────────────────────────────────────────────────────────────────────────╮[1B[1G[2K│> Type your message...                                                       │[1B[1G[2K╰─────────────────────────────────────────────────────────────────────────────╯[1B[1G[2K[1B[1G[2K[1B[1G[2K[1B[1G[2K[1B[1G[2K[1B[1G[2K[1B[1G[2K[11A[1G[3B[4G[?25h[3A[1G[1G[2K[38;2;235;235;235m[48;2;72;169;188m [48;2;82;175;193m⬢[48;2;90;181;197m [48;2;97;186;201mc[48;2;103;190;204ml[48;2;108;193;207ma[48;2;112;196;209mu[48;2;114;199;211md[48;2;115;200;212me[48;2;115;201;212m-[48;2;113;202;213ms[48;2;110;202;213mo[48;2;106;202;212mn[48;2;100;202;211mn[48;2;93;200;210me[48;2;86;200;209mt[48;2;77;198;207m-[48;2;68;197;206m4[48;2;58;195;203m-[48;2;46;193;201m5[48;2;35;191;198m [48;2;23;189;196m·[48;2;11;187;193m [48;2;2;187;191m◔[48;2;2;188;192m [48;2;2;190;192mm[48;2;2;190;191me[48;2;2;192;191md[48;2;3;193;191mi[48;2;3;194;190mu[48;2;3;195;191mm[48;2;3;196;190m [48;2;3;196;189m/[48;2;3;197;188m [48;2;3;198;187m⑂[48;2;3;198;186m [48;2;3;198;185md[48;2;3;198;184me[48;2;3;199;183mv[48;2;4;198;181m [48;2;4;198;179m?[48;2;4;197;178m1[48;2;4;197;176m [48;2;4;196;175m/[48;2;4;196;173m [48;2;4;195;171m▸[48;2;4;195;169m [48;2;4;193;167m…[48;2;4;192;164m/[48;2;4;191;162mp[48;2;5;190;161mr[48;2;5;188;158mo[48;2;5;187;156mj[48;2;4;185;153me[48;2;4;184;150mc[48;2;4;182;148mt[48;2;4;181;145ms[48;2;4;178;143m/[48;2;4;177;141mj[48;2;4;175;138me[48;2;8;174;137mo[48;2;21;176;141m-[48;2;33;179;144mc[48;2;44;181;148mo[48;2;55;183;152md[48;2;66;185;155me[48;2;76;187;158m [0m   ▦ 8%/200k[1B[1G[2K[1B[1G[2K╭─────────────────────────────────────────────────────────────────────────────╮[1B[1G[2K│> Type your message...                                                       │[1B[1G[2K╰─────────────────────────────────────────────────────────────────────────────╯[1B[1G[2K[1B[1G[2K[1B[1G[2K[1B[1G[2K[1B[1G[2K[1B[1G[2K[1B[1G[2K[11A[1G[3B[4G[?25h[3A[1G[2K[1B[1G[2K[1B[1G[2K[1B[1G[2K[1B[1G[2K[1B[1G[2K[1B[1G[2K[1B[1G[2K[1B[1G[2K[1B[1G[2K[1B[1G[2K[1B[1G[2K[11A[1G[?25h(pass) characterization: /agents <role> maxSteps + thinking persist (handler branches) [148.89ms]
[?2004h










[11A[1G[1G[1G[2K[38;2;235;235;235m[48;2;55;161;182m [48;2;66;168;187m⬢[48;2;75;174;192m [48;2;84;180;196mc[48;2;92;185;201ml[48;2;99;190;204ma[48;2;105;193;207mu[48;2;110;197;209md[48;2;113;199;211me[48;2;115;201;212m-[48;2;115;203;214ms[48;2;114;204;214mo[48;2;112;204;214mn[48;2;109;205;214mn[48;2;104;204;213me[48;2;98;204;212mt[48;2;91;202;211m-[48;2;84;201;210m4[48;2;75;200;208m-[48;2;65;199;206m5[48;2;54;196;203m [48;2;43;195;201m·[48;2;31;193;198m [48;2;19;191;195m◔[48;2;7;189;193m [48;2;2;190;192mm[48;2;2;190;191me[48;2;2;192;191md[48;2;3;193;191mi[48;2;3;194;190mu[48;2;3;195;191mm[48;2;3;196;190m [48;2;3;196;189m/[48;2;3;197;188m [48;2;3;198;187m⑂[48;2;3;198;186m [48;2;3;198;185md[48;2;3;198;184me[48;2;3;199;183mv[48;2;4;198;181m [48;2;4;198;179m/[48;2;4;197;178m [48;2;4;197;176m▸[48;2;4;196;175m [48;2;4;196;173m…[48;2;4;195;171ms[48;2;4;195;169me[48;2;4;193;167mt[48;2;4;192;164m/[48;2;4;191;162mp[48;2;5;190;161mr[48;2;5;188;158mo[48;2;5;187;156mj[48;2;4;185;153me[48;2;4;184;150mc[48;2;4;182;148mt[48;2;4;181;145ms[48;2;4;178;143m/[48;2;4;177;141mj[48;2;4;175;138me[48;2;4;173;135mo[48;2;5;171;133m-[48;2;13;172;134mc[48;2;25;174;138mo[48;2;36;176;142md[48;2;48;178;145me[48;2;59;181;149m [0m   ▦ 8%/200k[1B[1G[2K[1B[1G[2K╭─────────────────────────────────────────────────────────────────────────────╮[1B[1G[2K│> Type your message...                                                       │[1B[1G[2K╰─────────────────────────────────────────────────────────────────────────────╯[1B[1G[2K[1B[1G[2K[1B[1G[2K[1B[1G[2K[1B[1G[2K[1B[1G[2K[1B[1G[2K[11A[1G[3B[4G[?25h[3A[1G[1G[2K[38;2;235;235;235m[48;2;54;160;182m [48;2;64;167;187m⬢[48;2;74;173;192m [48;2;83;179;196mc[48;2;91;184;200ml[48;2;98;189;204ma[48;2;104;193;207mu[48;2;109;196;209md[48;2;112;199;211me[48;2;115;201;212m-[48;2;115;203;214ms[48;2;115;204;214mo[48;2;113;204;214mn[48;2;109;205;214mn[48;2;105;204;213me[48;2;99;204;212mt[48;2;92;203;211m-[48;2;85;202;210m4[48;2;76;200;208m-[48;2;66;199;206m5[48;2;56;197;204m [48;2;45;195;201m·[48;2;33;193;198m [48;2;21;192;195m◔[48;2;9;189;193m [48;2;2;190;192mm[48;2;2;190;191me[48;2;2;192;191md[48;2;3;193;191mi[48;2;3;194;190mu[48;2;3;195;191mm[48;2;3;196;190m [48;2;3;196;189m/[48;2;3;197;188m [48;2;3;198;187m⑂[48;2;3;198;186m [48;2;3;198;185md[48;2;3;198;184me[48;2;3;199;183mv[48;2;4;198;181m [48;2;4;198;179m?[48;2;4;197;178m1[48;2;4;197;176m [48;2;4;196;175m/[48;2;4;196;173m [48;2;4;195;171m▸[48;2;4;195;169m [48;2;4;193;167m…[48;2;4;192;164m/[48;2;4;191;162mp[48;2;5;190;161mr[48;2;5;188;158mo[48;2;5;187;156mj[48;2;4;185;153me[48;2;4;184;150mc[48;2;4;182;148mt[48;2;4;181;145ms[48;2;4;178;143m/[48;2;4;177;141mj[48;2;4;175;138me[48;2;4;173;135mo[48;2;5;171;133m-[48;2;11;171;133mc[48;2;23;173;137mo[48;2;35;176;141md[48;2;46;178;145me[48;2;57;180;148m [0m   ▦ 8%/200k[1B[1G[2K[1B[1G[2K╭─────────────────────────────────────────────────────────────────────────────╮[1B[1G[2K│> Type your message...                                                       │[1B[1G[2K╰─────────────────────────────────────────────────────────────────────────────╯[1B[1G[2K[1B[1G[2K[1B[1G[2K[1B[1G[2K[1B[1G[2K[1B[1G[2K[1B[1G[2K[11A[1G[3B[4G[?25h[3A[1G[2K[1B[1G[2K[1B[1G[2K[1B[1G[2K[1B[1G[2K[1B[1G[2K[1B[1G[2K[1B[1G[2K[1B[1G[2K[1B[1G[2K[1B[1G[2K[1B[1G[2K[11A[1G[?25h










[11A[1G[1G[1G[2K[38;2;235;235;235m[48;2;53;160;181m [48;2;64;167;187m⬢[48;2;74;173;191m [48;2;83;179;196mc[48;2;91;184;200ml[48;2;98;189;204ma[48;2;104;193;206mu[48;2;109;196;209md[48;2;112;199;211me[48;2;114;201;212m-[48;2;115;203;214ms[48;2;115;204;214mo[48;2;113;204;214mn[48;2;110;205;214mn[48;2;105;204;213me[48;2;99;204;212mt[48;2;92;203;211m-[48;2;85;202;210m4[48;2;76;200;208m-[48;2;67;199;206m5[48;2;56;197;204m [48;2;45;196;201m·[48;2;33;193;198m [48;2;21;192;195m◔[48;2;9;190;193m [48;2;2;190;192mm[48;2;2;190;191me[48;2;2;192;191md[48;2;3;193;191mi[48;2;3;194;190mu[48;2;3;195;191mm[48;2;3;196;190m [48;2;3;196;189m/[48;2;3;197;188m [48;2;3;198;187m⑂[48;2;3;198;186m [48;2;3;198;185md[48;2;3;198;184me[48;2;3;199;183mv[48;2;4;198;181m [48;2;4;198;179m?[48;2;4;197;178m1[48;2;4;197;176m [48;2;4;196;175m/[48;2;4;196;173m [48;2;4;195;171m▸[48;2;4;195;169m [48;2;4;193;167m…[48;2;4;192;164m/[48;2;4;191;162mp[48;2;5;190;161mr[48;2;5;188;158mo[48;2;5;187;156mj[48;2;4;185;153me[48;2;4;184;150mc[48;2;4;182;148mt[48;2;4;181;145ms[48;2;4;178;143m/[48;2;4;177;141mj[48;2;4;175;138me[48;2;4;173;135mo[48;2;5;171;133m-[48;2;10;171;133mc[48;2;22;173;137mo[48;2;34;175;141md[48;2;46;178;144me[48;2;57;180;148m [0m   ▦ 8%/200k[1B[1G[2K[1B[1G[2K╭─────────────────────────────────────────────────────────────────────────────╮[1B[1G[2K│> Type your message...                                                       │[1B[1G[2K╰─────────────────────────────────────────────────────────────────────────────╯[1B[1G[2K[1B[1G[2K[1B[1G[2K[1B[1G[2K[1B[1G[2K[1B[1G[2K[1B[1G[2K[11A[1G[3B[4G[?25h[3A[1G[1G[2K[38;2;235;235;235m[48;2;52;159;181m [48;2;63;167;186m⬢[48;2;73;173;191m [48;2;82;179;195mc[48;2;90;184;200ml[48;2;97;189;203ma[48;2;104;193;206mu[48;2;108;196;209md[48;2;112;199;211me[48;2;114;201;212m-[48;2;115;203;214ms[48;2;115;204;214mo[48;2;113;205;214mn[48;2;110;205;214mn[48;2;106;205;214me[48;2;100;204;213mt[48;2;93;203;211m-[48;2;86;202;210m4[48;2;78;201;209m-[48;2;68;199;206m5[48;2;57;197;204m [48;2;46;196;202m·[48;2;35;194;199m [48;2;23;192;196m◔[48;2;11;190;194m [48;2;2;190;192mm[48;2;2;190;191me[48;2;2;192;191md[48;2;3;193;191mi[48;2;3;194;190mu[48;2;3;195;191mm[48;2;3;196;190m [48;2;3;196;189m/[48;2;3;197;188m [48;2;3;198;187m⑂[48;2;3;198;186m [48;2;3;198;185md[48;2;3;198;184me[48;2;3;199;183mv[48;2;4;198;181m [48;2;4;198;179m?[48;2;4;197;178m1[48;2;4;197;176m [48;2;4;196;175m/[48;2;4;196;173m [48;2;4;195;171m▸[48;2;4;195;169m [48;2;4;193;167m…[48;2;4;192;164m/[48;2;4;191;162mp[48;2;5;190;161mr[48;2;5;188;158mo[48;2;5;187;156mj[48;2;4;185;153me[48;2;4;184;150mc[48;2;4;182;148mt[48;2;4;181;145ms[48;2;4;178;143m/[48;2;4;177;141mj[48;2;4;175;138me[48;2;4;173;135mo[48;2;5;171;133m-[48;2;9;170;132mc[48;2;21;172;136mo[48;2;33;175;140md[48;2;44;177;144me[48;2;55;180;147m [0m   ▦ 8%/200k[1B[1G[2K[1B[1G[2K╭─────────────────────────────────────────────────────────────────────────────╮[1B[1G[2K│> Type your message...                                                       │[1B[1G[2K╰─────────────────────────────────────────────────────────────────────────────╯[1B[1G[2K[1B[1G[2K[1B[1G[2K[1B[1G[2K[1B[1G[2K[1B[1G[2K[1B[1G[2K[11A[1G[3B[4G[?25h[3A[1G[2K[1B[1G[2K[1B[1G[2K[1B[1G[2K[1B[1G[2K[1B[1G[2K[1B[1G[2K[1B[1G[2K[1B[1G[2K[1B[1G[2K[1B[1G[2K[1B[1G[2K[11A[1G[?25h










[11A[1G[1G[1G[2K[38;2;235;235;235m[48;2;51;159;181m [48;2;62;166;186m⬢[48;2;72;173;191m [48;2;81;179;195mc[48;2;90;184;200ml[48;2;97;189;203ma[48;2;103;192;206mu[48;2;108;196;209md[48;2;112;199;211me[48;2;114;201;212m-[48;2;115;203;214ms[48;2;115;204;214mo[48;2;113;205;214mn[48;2;110;205;214mn[48;2;106;205;214me[48;2;100;204;213mt[48;2;94;203;211m-[48;2;87;202;210m4[48;2;78;201;209m-[48;2;68;200;207m5[48;2;58;197;204m [48;2;47;196;202m·[48;2;35;194;199m [48;2;23;192;196m◔[48;2;11;190;194m [48;2;2;190;192mm[48;2;2;190;191me[48;2;2;192;191md[48;2;3;193;191mi[48;2;3;194;190mu[48;2;3;195;191mm[48;2;3;196;190m [48;2;3;196;189m/[48;2;3;197;188m [48;2;3;198;187m⑂[48;2;3;198;186m [48;2;3;198;185md[48;2;3;198;184me[48;2;3;199;183mv[48;2;4;198;181m [48;2;4;198;179m?[48;2;4;197;178m1[48;2;4;197;176m [48;2;4;196;175m/[48;2;4;196;173m [48;2;4;195;171m▸[48;2;4;195;169m [48;2;4;193;167m…[48;2;4;192;164m/[48;2;4;191;162mp[48;2;5;190;161mr[48;2;5;188;158mo[48;2;5;187;156mj[48;2;4;185;153me[48;2;4;184;150mc[48;2;4;182;148mt[48;2;4;181;145ms[48;2;4;178;143m/[48;2;4;177;141mj[48;2;4;175;138me[48;2;4;173;135mo[48;2;5;171;133m-[48;2;8;170;132mc[48;2;20;172;136mo[48;2;32;175;140md[48;2;44;177;143me[48;2;55;180;147m [0m   ▦ 8%/200k[1B[1G[2K[1B[1G[2K╭─────────────────────────────────────────────────────────────────────────────╮[1B[1G[2K│> Type your message...                                                       │[1B[1G[2K╰─────────────────────────────────────────────────────────────────────────────╯[1B[1G[2K[1B[1G[2K[1B[1G[2K[1B[1G[2K[1B[1G[2K[1B[1G[2K[1B[1G[2K[11A[1G[3B[4G[?25h[3A[1G[1G[2K[38;2;235;235;235m[48;2;50;159;180m [48;2;61;166;186m⬢[48;2;71;172;191m [48;2;80;178;195mc[48;2;89;183;199ml[48;2;96;188;203ma[48;2;103;192;206mu[48;2;108;196;208md[48;2;112;199;211me[48;2;114;201;212m-[48;2;115;203;214ms[48;2;115;204;214mo[48;2;113;205;215mn[48;2;111;205;214mn[48;2;106;205;214me[48;2;101;205;213mt[48;2;94;203;212m-[48;2;87;203;211m4[48;2;79;201;209m-[48;2;69;200;207m5[48;2;59;198;205m [48;2;48;196;202m·[48;2;37;194;199m [48;2;25;193;196m◔[48;2;13;190;194m [48;2;2;190;192mm[48;2;2;190;191me[48;2;2;192;191md[48;2;3;193;191mi[48;2;3;194;190mu[48;2;3;195;191mm[48;2;3;196;190m [48;2;3;196;189m/[48;2;3;197;188m [48;2;3;198;187m⑂[48;2;3;198;186m [48;2;3;198;185md[48;2;3;198;184me[48;2;3;199;183mv[48;2;4;198;181m [48;2;4;198;179m?[48;2;4;197;178m1[48;2;4;197;176m [48;2;4;196;175m/[48;2;4;196;173m [48;2;4;195;171m▸[48;2;4;195;169m [48;2;4;193;167m…[48;2;4;192;164m/[48;2;4;191;162mp[48;2;5;190;161mr[48;2;5;188;158mo[48;2;5;187;156mj[48;2;4;185;153me[48;2;4;184;150mc[48;2;4;182;148mt[48;2;4;181;145ms[48;2;4;178;143m/[48;2;4;177;141mj[48;2;4;175;138me[48;2;4;173;135mo[48;2;5;171;133m-[48;2;7;170;131mc[48;2;19;172;135mo[48;2;31;174;139md[48;2;43;176;143me[48;2;54;179;147m [0m   ▦ 8%/200k[1B[1G[2K[1B[1G[2K╭─────────────────────────────────────────────────────────────────────────────╮[1B[1G[2K│> Type your message...                                                       │[1B[1G[2K╰─────────────────────────────────────────────────────────────────────────────╯[1B[1G[2K[1B[1G[2K[1B[1G[2K[1B[1G[2K[1B[1G[2K[1B[1G[2K[1B[1G[2K[11A[1G[3B[4G[?25h[3A[1G[2K[1B[1G[2K[1B[1G[2K[1B[1G[2K[1B[1G[2K[1B[1G[2K[1B[1G[2K[1B[1G[2K[1B[1G[2K[1B[1G[2K[1B[1G[2K[1B[1G[2K[11A[1G[?25h










[11A[1G[1G[1G[2K[38;2;235;235;235m[48;2;50;158;180m [48;2;61;166;186m⬢[48;2;71;172;190m [48;2;80;178;195mc[48;2;89;183;199ml[48;2;96;188;203ma[48;2;103;192;206mu[48;2;108;196;208md[48;2;111;199;210me[48;2;114;201;212m-[48;2;115;203;214ms[48;2;115;204;214mo[48;2;113;205;215mn[48;2;111;205;214mn[48;2;107;205;214me[48;2;101;205;213mt[48;2;95;204;212m-[48;2;88;203;211m4[48;2;79;201;209m-[48;2;70;200;207m5[48;2;59;198;205m [48;2;48;197;202m·[48;2;37;194;199m [48;2;25;193;196m◔[48;2;13;191;194m [48;2;2;190;192mm[48;2;2;190;191me[48;2;2;192;191md[48;2;3;193;191mi[48;2;3;194;190mu[48;2;3;195;191mm[48;2;3;196;190m [48;2;3;196;189m/[48;2;3;197;188m [48;2;3;198;187m⑂[48;2;3;198;186m [48;2;3;198;185md[48;2;3;198;184me[48;2;3;199;183mv[48;2;4;198;181m [48;2;4;198;179m?[48;2;4;197;178m1[48;2;4;197;176m [48;2;4;196;175m/[48;2;4;196;173m [48;2;4;195;171m▸[48;2;4;195;169m [48;2;4;193;167m…[48;2;4;192;164m/[48;2;4;191;162mp[48;2;5;190;161mr[48;2;5;188;158mo[48;2;5;187;156mj[48;2;4;185;153me[48;2;4;184;150mc[48;2;4;182;148mt[48;2;4;181;145ms[48;2;4;178;143m/[48;2;4;177;141mj[48;2;4;175;138me[48;2;4;173;135mo[48;2;5;171;133m-[48;2;7;170;131mc[48;2;19;171;135mo[48;2;31;174;139md[48;2;42;176;143me[48;2;53;179;146m [0m   ▦ 8%/200k[1B[1G[2K[1B[1G[2K╭─────────────────────────────────────────────────────────────────────────────╮[1B[1G[2K│> Type your message...                                                       │[1B[1G[2K╰─────────────────────────────────────────────────────────────────────────────╯[1B[1G[2K[1B[1G[2K[1B[1G[2K[1B[1G[2K[1B[1G[2K[1B[1G[2K[1B[1G[2K[11A[1G[3B[4G[?25h[3A[1G[1G[2K[38;2;235;235;235m[48;2;48;158;180m [48;2;59;165;185m⬢[48;2;70;171;190m [48;2;79;178;194mc[48;2;88;183;199ml[48;2;95;188;203ma[48;2;102;192;206mu[48;2;107;196;208md[48;2;111;198;210me[48;2;114;201;212m-[48;2;115;203;214ms[48;2;115;204;214mo[48;2;114;205;215mn[48;2;111;205;214mn[48;2;107;205;214me[48;2;102;205;213mt[48;2;96;204;212m-[48;2;89;203;211m4[48;2;80;201;209m-[48;2;71;200;207m5[48;2;61;198;205m [48;2;50;197;202m·[48;2;38;195;200m [48;2;27;193;197m◔[48;2;15;191;195m [48;2;2;190;192mm[48;2;2;190;191me[48;2;2;192;191md[48;2;3;193;191mi[48;2;3;194;190mu[48;2;3;195;191mm[48;2;3;196;190m [48;2;3;196;189m/[48;2;3;197;188m [48;2;3;198;187m⑂[48;2;3;198;186m [48;2;3;198;185md[48;2;3;198;184me[48;2;3;199;183mv[48;2;4;198;181m [48;2;4;198;179m?[48;2;4;197;178m1[48;2;4;197;176m [48;2;4;196;175m/[48;2;4;196;173m [48;2;4;195;171m▸[48;2;4;195;169m [48;2;4;193;167m…[48;2;4;192;164m/[48;2;4;191;162mp[48;2;5;190;161mr[48;2;5;188;158mo[48;2;5;187;156mj[48;2;4;185;153me[48;2;4;184;150mc[48;2;4;182;148mt[48;2;4;181;145ms[48;2;4;178;143m/[48;2;4;177;141mj[48;2;4;175;138me[48;2;4;173;135mo[48;2;5;171;133m-[48;2;5;169;130mc[48;2;17;171;134mo[48;2;29;174;138md[48;2;41;176;142me[48;2;52;178;146m [0m   ▦ 8%/200k[1B[1G[2K[1B[1G[2K╭─────────────────────────────────────────────────────────────────────────────╮[1B[1G[2K│> Type your message...                                                       │[1B[1G[2K╰─────────────────────────────────────────────────────────────────────────────╯[1B[1G[2K[1B[1G[2K[1B[1G[2K[1B[1G[2K[1B[1G[2K[1B[1G[2K[1B[1G[2K[11A[1G[3B[4G[?25h[3A[1G[2K[1B[1G[2K[1B[1G[2K[1B[1G[2K[1B[1G[2K[1B[1G[2K[1B[1G[2K[1B[1G[2K[1B[1G[2K[1B[1G[2K[1B[1G[2K[1B[1G[2K[11A[1G[?25h207 |     process.env.JEO_CONFIG_DIR = cfgDir;
208 |     mockQuestions = ["/agents architect thinking xhigh", "/agents architect maxSteps 30", "/agents architect reset", "/exit"];
209 |     const { runLaunchCommand } = await import("../src/commands/launch");
210 |     await runLaunchCommand(["--no-tui", "--no-session"]);
211 |     const raw = JSON.parse(await fs.readFile(path.join(cfgDir, "config.json"), "utf8"));
212 |     expect(raw.subagents?.architect?.thinking ?? undefined).toBeUndefined();
                                                                  ^
error: expect(received).toBeUndefined()

Received: "xhigh"

      at <anonymous> (/Users/jangyoung/.superset/projects/jeo-code/test/launch-role-model.test.ts:212:61)
(fail) characterization: /agents <role> reset clears that role's overrides (handler branch) [156.24ms]
[?2004h










[11A[1G[1G[1G[2K[38;2;235;235;235m[48;2;29;148;172m [48;2;40;156;178m⬢[48;2;52;163;184m [48;2;63;170;189mc[48;2;73;176;194ml[48;2;82;182;198ma[48;2;91;187;202mu[48;2;98;192;205md[48;2;104;196;208me[48;2;108;199;210m-[48;2;112;202;213ms[48;2;114;204;214mo[48;2;115;205;215mn[48;2;115;207;216mn[48;2;113;207;216me[48;2;110;208;215mt[48;2;106;207;215m-[48;2;101;207;214m4[48;2;94;206;213m-[48;2;86;205;211m5[48;2;77;203;209m [48;2;68;202;207m·[48;2;57;200;205m [48;2;46;199;202m◔[48;2;35;196;200m [48;2;23;195;197mm[48;2;11;193;194me[48;2;2;192;191md[48;2;3;193;191mi[48;2;3;194;190mu[48;2;3;195;191mm[48;2;3;196;190m [48;2;3;196;189m/[48;2;3;197;188m [48;2;3;198;187m⑂[48;2;3;198;186m [48;2;3;198;185md[48;2;3;198;184me[48;2;3;199;183mv[48;2;4;198;181m [48;2;4;198;179m/[48;2;4;197;178m [48;2;4;197;176m▸[48;2;4;196;175m [48;2;4;196;173m…[48;2;4;195;171ms[48;2;4;195;169me[48;2;4;193;167mt[48;2;4;192;164m/[48;2;4;191;162mp[48;2;5;190;161mr[48;2;5;188;158mo[48;2;5;187;156mj[48;2;4;185;153me[48;2;4;184;150mc[48;2;4;182;148mt[48;2;4;181;145ms[48;2;4;178;143m/[48;2;4;177;141mj[48;2;4;175;138me[48;2;4;173;135mo[48;2;5;171;133m-[48;2;5;169;130mc[48;2;5;167;128mo[48;2;9;166;127md[48;2;21;168;131me[48;2;33;171;135m [0m   ▦ 8%/200k[1B[1G[2K[1B[1G[2K╭─────────────────────────────────────────────────────────────────────────────╮[1B[1G[2K│> Type your message...                                                       │[1B[1G[2K╰─────────────────────────────────────────────────────────────────────────────╯[1B[1G[2K[1B[1G[2K[1B[1G[2K[1B[1G[2K[1B[1G[2K[1B[1G[2K[1B[1G[2K[11A[1G[3B[4G[?25h[3A[1G[1G[2K[38;2;235;235;235m[48;2;27;147;172m [48;2;38;156;178m⬢[48;2;50;163;183m [48;2;61;170;188mc[48;2;71;176;194ml[48;2;80;182;198ma[48;2;89;187;202mu[48;2;96;191;205md[48;2;103;195;208me[48;2;108;199;210m-[48;2;112;201;213ms[48;2;114;204;214mo[48;2;115;205;215mn[48;2;115;207;216mn[48;2;113;207;216me[48;2;111;208;216mt[48;2;107;207;215m-[48;2;102;207;214m4[48;2;95;206;213m-[48;2;88;205;212m5[48;2;79;204;210m [48;2;70;203;207m·[48;2;59;201;205m [48;2;48;199;202m◔[48;2;37;197;200m [48;2;25;196;197mm[48;2;13;193;194me[48;2;2;192;191md[48;2;3;193;191mi[48;2;3;194;190mu[48;2;3;195;191mm[48;2;3;196;190m [48;2;3;196;189m/[48;2;3;197;188m [48;2;3;198;187m⑂[48;2;3;198;186m [48;2;3;198;185md[48;2;3;198;184me[48;2;3;199;183mv[48;2;4;198;181m [48;2;4;198;179m?[48;2;4;197;178m1[48;2;4;197;176m [48;2;4;196;175m/[48;2;4;196;173m [48;2;4;195;171m▸[48;2;4;195;169m [48;2;4;193;167m…[48;2;4;192;164m/[48;2;4;191;162mp[48;2;5;190;161mr[48;2;5;188;158mo[48;2;5;187;156mj[48;2;4;185;153me[48;2;4;184;150mc[48;2;4;182;148mt[48;2;4;181;145ms[48;2;4;178;143m/[48;2;4;177;141mj[48;2;4;175;138me[48;2;4;173;135mo[48;2;5;171;133m-[48;2;5;169;130mc[48;2;5;167;128mo[48;2;7;165;126md[48;2;19;167;130me[48;2;31;170;134m [0m   ▦ 8%/200k[1B[1G[2K[1B[1G[2K╭─────────────────────────────────────────────────────────────────────────────╮[1B[1G[2K│> Type your message...                                                       │[1B[1G[2K╰─────────────────────────────────────────────────────────────────────────────╯[1B[1G[2K[1B[1G[2K[1B[1G[2K[1B[1G[2K[1B[1G[2K[1B[1G[2K[1B[1G[2K[11A[1G[3B[4G[?25h[3A[1G[2K[1B[1G[2K[1B[1G[2K[1B[1G[2K[1B[1G[2K[1B[1G[2K[1B[1G[2K[1B[1G[2K[1B[1G[2K[1B[1G[2K[1B[1G[2K[1B[1G[2K[11A[1G[?25h










[11A[1G[1G[1G[2K[38;2;235;235;235m[48;2;4;137;164m [48;2;17;145;170m⬢[48;2;29;153;176m [48;2;41;161;181mc[48;2;52;167;187ml[48;2;63;174;192ma[48;2;73;180;196mu[48;2;82;186;200md[48;2;91;190;204me[48;2;98;195;207m-[48;2;104;198;210ms[48;2;109;202;212mo[48;2;112;204;214mn[48;2;114;206;215mn[48;2;115;208;216me[48;2;115;209;217mt[48;2;113;209;217m-[48;2;111;210;217m4[48;2;106;209;216m-[48;2;101;209;215m5[48;2;94;208;214m [48;2;86;207;212m·[48;2;77;206;210m [48;2;68;204;207m◔[48;2;57;202;205m [48;2;46;201;203mm[48;2;35;199;200me[48;2;23;197;196md[48;2;12;195;193mi[48;2;3;194;190mu[48;2;3;195;191mm[48;2;3;196;190m [48;2;3;196;189m/[48;2;3;197;188m [48;2;3;198;187m⑂[48;2;3;198;186m [48;2;3;198;185md[48;2;3;198;184me[48;2;3;199;183mv[48;2;4;198;181m [48;2;4;198;179m?[48;2;4;197;178m1[48;2;4;197;176m [48;2;4;196;175m/[48;2;4;196;173m [48;2;4;195;171m▸[48;2;4;195;169m [48;2;4;193;167m…[48;2;4;192;164m/[48;2;4;191;162mp[48;2;5;190;161mr[48;2;5;188;158mo[48;2;5;187;156mj[48;2;4;185;153me[48;2;4;184;150mc[48;2;4;182;148mt[48;2;4;181;145ms[48;2;4;178;143m/[48;2;4;177;141mj[48;2;4;175;138me[48;2;4;173;135mo[48;2;5;171;133m-[48;2;5;169;130mc[48;2;5;167;128mo[48;2;5;165;125md[48;2;5;162;123me[48;2;9;162;122m [0m   ▦ 8%/200k[1B[1G[2K[1B[1G[2K╭─────────────────────────────────────────────────────────────────────────────╮[1B[1G[2K│> Type your message...                                                       │[1B[1G[2K╰─────────────────────────────────────────────────────────────────────────────╯[1B[1G[2K[1B[1G[2K[1B[1G[2K[1B[1G[2K[1B[1G[2K[1B[1G[2K[1B[1G[2K[11A[1G[3B[4G[?25h[3A[1G[1G[2K[38;2;235;235;235m[48;2;2;136;163m [48;2;15;145;169m⬢[48;2;27;152;175m [48;2;39;160;181mc[48;2;50;167;187ml[48;2;61;174;192ma[48;2;72;179;196mu[48;2;81;185;200md[48;2;89;190;204me[48;2;97;195;207m-[48;2;103;198;210ms[48;2;108;202;212mo[48;2;112;204;214mn[48;2;114;206;215mn[48;2;115;208;216me[48;2;115;209;217mt[48;2;113;210;217m-[48;2;111;210;217m4[48;2;107;210;216m-[48;2;102;209;215m5[48;2;95;208;214m [48;2;87;208;212m·[48;2;79;206;210m [48;2;69;205;208m◔[48;2;59;203;206m [48;2;48;201;203mm[48;2;37;199;200me[48;2;25;198;197md[48;2;13;195;193mi[48;2;3;194;190mu[48;2;3;195;191mm[48;2;3;196;190m [48;2;3;196;189m/[48;2;3;197;188m [48;2;3;198;187m⑂[48;2;3;198;186m [48;2;3;198;185md[48;2;3;198;184me[48;2;3;199;183mv[48;2;4;198;181m [48;2;4;198;179m?[48;2;4;197;178m1[48;2;4;197;176m [48;2;4;196;175m/[48;2;4;196;173m [48;2;4;195;171m▸[48;2;4;195;169m [48;2;4;193;167m…[48;2;4;192;164m/[48;2;4;191;162mp[48;2;5;190;161mr[48;2;5;188;158mo[48;2;5;187;156mj[48;2;4;185;153me[48;2;4;184;150mc[48;2;4;182;148mt[48;2;4;181;145ms[48;2;4;178;143m/[48;2;4;177;141mj[48;2;4;175;138me[48;2;4;173;135mo[48;2;5;171;133m-[48;2;5;169;130mc[48;2;5;167;128mo[48;2;5;165;125md[48;2;5;162;123me[48;2;7;161;121m [0m   ▦ 8%/200k[1B[1G[2K[1B[1G[2K╭─────────────────────────────────────────────────────────────────────────────╮[1B[1G[2K│> Type your message...                                                       │[1B[1G[2K╰─────────────────────────────────────────────────────────────────────────────╯[1B[1G[2K[1B[1G[2K[1B[1G[2K[1B[1G[2K[1B[1G[2K[1B[1G[2K[1B[1G[2K[11A[1G[3B[4G[?25h[3A[1G[2K[1B[1G[2K[1B[1G[2K[1B[1G[2K[1B[1G[2K[1B[1G[2K[1B[1G[2K[1B[1G[2K[1B[1G[2K[1B[1G[2K[1B[1G[2K[1B[1G[2K[11A[1G[?25h










[11A[1G[1G[1G[2K[38;2;235;235;235m[48;2;2;136;163m [48;2;15;145;169m⬢[48;2;27;152;175m [48;2;39;160;181mc[48;2;50;167;187ml[48;2;61;174;191ma[48;2;72;179;196mu[48;2;81;185;200md[48;2;89;190;204me[48;2;97;195;207m-[48;2;103;198;210ms[48;2;108;202;212mo[48;2;112;204;214mn[48;2;114;206;215mn[48;2;115;208;216me[48;2;115;209;217mt[48;2;113;210;217m-[48;2;111;210;217m4[48;2;107;210;216m-[48;2;102;209;215m5[48;2;95;208;214m [48;2;88;208;212m·[48;2;79;206;210m [48;2;69;205;208m◔[48;2;59;203;206m [48;2;48;202;203mm[48;2;37;199;200me[48;2;25;198;197md[48;2;14;195;193mi[48;2;3;194;190mu[48;2;3;195;191mm[48;2;3;196;190m [48;2;3;196;189m/[48;2;3;197;188m [48;2;3;198;187m⑂[48;2;3;198;186m [48;2;3;198;185md[48;2;3;198;184me[48;2;3;199;183mv[48;2;4;198;181m [48;2;4;198;179m?[48;2;4;197;178m1[48;2;4;197;176m [48;2;4;196;175m/[48;2;4;196;173m [48;2;4;195;171m▸[48;2;4;195;169m [48;2;4;193;167m…[48;2;4;192;164m/[48;2;4;191;162mp[48;2;5;190;161mr[48;2;5;188;158mo[48;2;5;187;156mj[48;2;4;185;153me[48;2;4;184;150mc[48;2;4;182;148mt[48;2;4;181;145ms[48;2;4;178;143m/[48;2;4;177;141mj[48;2;4;175;138me[48;2;4;173;135mo[48;2;5;171;133m-[48;2;5;169;130mc[48;2;5;167;128mo[48;2;5;165;125md[48;2;5;162;123me[48;2;7;161;121m [0m   ▦ 8%/200k[1B[1G[2K[1B[1G[2K╭─────────────────────────────────────────────────────────────────────────────╮[1B[1G[2K│> Type your message...                                                       │[1B[1G[2K╰─────────────────────────────────────────────────────────────────────────────╯[1B[1G[2K[1B[1G[2K[1B[1G[2K[1B[1G[2K[1B[1G[2K[1B[1G[2K[1B[1G[2K[11A[1G[3B[4G[?25h[3A[1G[1G[2K[38;2;235;235;235m[48;2;1;135;162m [48;2;13;144;168m⬢[48;2;25;151;174m [48;2;37;159;180mc[48;2;49;166;186ml[48;2;60;173;191ma[48;2;71;179;196mu[48;2;80;185;200md[48;2;88;190;203me[48;2;96;194;207m-[48;2;102;198;210ms[48;2;107;201;212mo[48;2;111;204;214mn[48;2;114;206;215mn[48;2;115;208;216me[48;2;115;209;217mt[48;2;114;210;217m-[48;2;112;210;217m4[48;2;108;210;216m-[48;2;102;210;215m5[48;2;96;209;214m [48;2;88;208;212m·[48;2;80;206;210m [48;2;71;205;208m◔[48;2;60;203;206m [48;2;50;202;203mm[48;2;38;200;200me[48;2;26;198;197md[48;2;15;196;194mi[48;2;3;194;190mu[48;2;3;195;191mm[48;2;3;196;190m [48;2;3;196;189m/[48;2;3;197;188m [48;2;3;198;187m⑂[48;2;3;198;186m [48;2;3;198;185md[48;2;3;198;184me[48;2;3;199;183mv[48;2;4;198;181m [48;2;4;198;179m?[48;2;4;197;178m1[48;2;4;197;176m [48;2;4;196;175m/[48;2;4;196;173m [48;2;4;195;171m▸[48;2;4;195;169m [48;2;4;193;167m…[48;2;4;192;164m/[48;2;4;191;162mp[48;2;5;190;161mr[48;2;5;188;158mo[48;2;5;187;156mj[48;2;4;185;153me[48;2;4;184;150mc[48;2;4;182;148mt[48;2;4;181;145ms[48;2;4;178;143m/[48;2;4;177;141mj[48;2;4;175;138me[48;2;4;173;135mo[48;2;5;171;133m-[48;2;5;169;130mc[48;2;5;167;128mo[48;2;5;165;125md[48;2;5;162;123me[48;2;5;161;120m [0m   ▦ 8%/200k[1B[1G[2K[1B[1G[2K╭─────────────────────────────────────────────────────────────────────────────╮[1B[1G[2K│> Type your message...                                                       │[1B[1G[2K╰─────────────────────────────────────────────────────────────────────────────╯[1B[1G[2K[1B[1G[2K[1B[1G[2K[1B[1G[2K[1B[1G[2K[1B[1G[2K[1B[1G[2K[11A[1G[3B[4G[?25h[3A[1G[2K[1B[1G[2K[1B[1G[2K[1B[1G[2K[1B[1G[2K[1B[1G[2K[1B[1G[2K[1B[1G[2K[1B[1G[2K[1B[1G[2K[1B[1G[2K[1B[1G[2K[11A[1G[?25h(pass) characterization: /agents <role> <model> pins a per-role model; unknown role no-ops [278.95ms]

test/mcp.test.ts:
(pass) handleLine: malformed JSON-RPC inputs return -32600/-32700, never throw (no server crash) [0.28ms]
(pass) handleLine: valid requests still work after a malformed one [0.08ms]
(pass) drainIncomingMessages: parses standard MCP Content-Length frames and newline fallback [0.29ms]
(pass) drainIncomingMessages: keeps incomplete MCP frames buffered [0.02ms]
(pass) drainIncomingMessages: treats Content-Length as UTF-8 bytes, not string characters [0.07ms]
(pass) handleLine: tool list exposes base tools and optional ralph workflow tools [0.08ms]
(pass) stdio server: accepts framed MCP requests and advertises ralph workflow tools when enabled [33.08ms]

test/model-catalog.test.ts:
(pass) THINK_LEVELS is the five-level gjc-parity ladder [0.02ms]
(pass) thinkingMaxTokens covers the extended levels additively [0.02ms]
(pass) formatTokens renders K/M compactly [0.02ms]
(pass) catalog entries are well-formed (provider, positive limits) [0.06ms]
(pass) findCatalogModel matches canonical and provider model id [0.02ms]
(pass) fuzzyMatchCatalog does case-insensitive substring matching [0.09ms]
(pass) catalogByProvider filters [0.04ms]
(pass) catalogMetadata tolerates provider-prefixed ids [0.03ms]
(pass) supportsThinking reflects the catalog [0.03ms]
(pass) formatCatalogTable renders a header and capability columns [0.14ms]
(pass) formatCatalogTable empty → message
(pass) formatCapabilityLine summarizes one model [0.02ms]
(pass) companyLabel maps built-ins, respects overrides, and falls back with capitalization [0.02ms]

test/ascii-art.test.ts:
(pass) getEvolutionStage / getStageByIndex select + clamp stages [0.07ms]
(pass) renderAsciiArt: height padding yields a uniform block height [0.30ms]
(pass) renderAsciiArt: width normalization gives a clean right edge (color off) [0.10ms]
(pass) renderAsciiArt: color:false emits no ANSI escapes [0.03ms]
(pass) stageCaption returns the bracketed caption for every stage [0.06ms]
(pass) animateAsciiArt: injectable write/sleep, no real delay [0.17ms]
(pass) animateAsciiArt: delayMs 0 never calls sleep [0.05ms]
(pass) stage integrity: every stage has non-empty art and a synced name [0.09ms]
(pass) all stages align to a uniform global width and height when requested [0.06ms]
(pass) primordial cell: unicode art is width-1 per glyph (no smearing on re-center) [0.10ms]
(pass) primordial cell: unicode:false degrades to a tofu-free ASCII fallback [0.06ms]
(pass) DNA_CLAW_ART: lines all width <=24 and uniform after render [0.06ms]
(pass) renderDnaClaw: plain (color:false) is byte-stable across phases [0.02ms]
(pass) renderDnaClaw: two different phases at TrueColor produce different escape sequences [0.14ms]
(pass) renderDnaClaw: ascii fallback contains no non-ASCII chars [0.02ms]

test/subagent-detached.test.ts:
(pass) registry: launch → await reflects terminal completed state [0.35ms]
(pass) registry: a failing run settles as failed and a throw becomes failed [0.13ms]
(pass) registry: ids increment per role [0.07ms]
(pass) registry: cancel aborts a running run and the result does not overwrite the terminal state [0.16ms]
(pass) registry: awaitIds honours a timeout while the run is still going [20.59ms]
(pass) subagent tool: list / await / inspect over the registry [1.14ms]
(pass) subagent tool: cancel all running detached runs [0.24ms]
(pass) createTaskTool: detached launch returns immediately and the registry collects the report [1.87ms]
(pass) createTaskTool: detached without a registry falls back to a synchronous run [1.20ms]

test/new-input-first.test.ts:
(pass) restoreQueuedLinesToPrefill: queued lines become editable prefill, never auto-executed [0.07ms]
(pass) restoreQueuedLinesToPrefill: queued lines lead, in-flight partial follows; blanks dropped; empty is a no-op [0.03ms]
(pass) end-to-end queue shape: chunk with newline queues a LINE, restore folds it into prefill [0.20ms]
(pass) restoreQueuedLinesToPrefill never touches pasted batch commands [0.02ms]

test/backspace-guard.test.ts:
(pass) isStandaloneBackspace matches a lone DEL/BS keystroke [0.04ms]
(pass) isStandaloneBackspace ignores chunks that carry real input [0.02ms]

test/provider-error.test.ts:
(pass) friendlyProviderError maps a 429 to an actionable rate-limit line (no raw JSON) [0.15ms]
(pass) friendlyProviderError includes Retry-After reset hints for long 429 windows [0.04ms]
(pass) friendlyProviderError detects 429 from the message when status is absent [0.02ms]
(pass) friendlyProviderError maps 401/403 to a credential-check hint [0.02ms]
(pass) friendlyProviderError passes through unrelated errors unchanged [0.07ms]

test/model-routing.test.ts:
(pass) resolveProvider stays correct for heuristic ids [0.06ms]
(pass) resolveProvider is catalog-authoritative for known ids [0.02ms]
(pass) describeModelDetailed attaches catalog metadata + reverse aliases [0.22ms]
(pass) describeModelDetailed leaves uncatalogued ids without an entry [0.11ms]

test/update-command.test.ts:
(pass) compareVersions - edge cases [0.08ms]
(pass) update - up-to-date path [0.40ms]
(pass) update - bare command INSTALLS when newer (default action) [0.07ms]
(pass) update - --check only checks and suggests 'jeo update' (no install) [0.06ms]
(pass) update - 404 friendly [0.16ms]
(pass) update - network error warns exit 0 [0.06ms]
(pass) update - network error with --strict exitCode 1 [0.06ms]
(pass) update - --install skips when already current [0.05ms]
(pass) update - --install triggers when newer and succeeds [0.05ms]
(pass) update - --install triggers when newer and fails [0.05ms]
(pass) update - --json shape (up-to-date) [0.06ms]
(pass) update - --json shape (newer available) [0.05ms]
(pass) update - --json shape (--install) [0.06ms]
(pass) update - --json shape (404 friendly) [0.05ms]
(pass) update - --json shape (network failure) [0.06ms]
(pass) update - --json shape (network failure --strict) [0.05ms]
(pass) update - unknown flag exitCode 1 [0.05ms]
(pass) update - --help [0.04ms]
(pass) update: warns when install succeeds but the active jeo on PATH is still old [0.08ms]
(pass) update: no PATH warning when the active jeo matches the installed version [0.06ms]

test/gemini-stream.test.ts:
(pass) geminiAdapter.stream: concatenates SSE text deltas + reports usage [0.96ms]
(pass) geminiAdapter.stream: throws on blocked empty SSE response [0.19ms]

test/cycle-and-turn-budget.test.ts:
(pass) cycle guard: an A↔B ping-pong gets ONE corrective bounce, then the model can recover with done [0.65ms]
(pass) cycle guard: a ping-pong that survives the correction stops the turn [0.92ms]
(pass) cycle guard: genuinely progressing turns (distinct targets) are never bounced [0.54ms]
(pass) turnMaxMs: defaults to 30 minutes, honors JEO_TURN_MAX_MS, 0 disables [0.07ms]
(pass) turn wall-clock budget: a turn that outlives JEO_TURN_MAX_MS consolidates instead of spinning [80.42ms]
(pass) hashSignature: stable, fixed-size, distinct for distinct inputs [0.78ms]

test/tui-evolution.test.ts:
(pass) getEvolutionStage maps steps to stages correctly [0.03ms]
(pass) renderAsciiArt respects options [0.09ms]
(pass) renderAsciiArt auto-scales on narrow terminal [0.05ms]
(pass) renderAsciiArt handles firing options [0.08ms]
(pass) getEvolutionTip and getEvolutionStatusMessage map correctly [0.04ms]
(pass) animateAsciiArt calls write and sleep [0.07ms]
(pass) boxBlock wraps lines and handles dividers [0.04ms]

test/whats-new.test.ts:
(pass) parseChangelogSections extracts version, date, summary, grouped bullets [0.23ms]
(pass) releaseSections drops the Unreleased heading [0.04ms]
(pass) selectNewSections returns releases in (from, to] and drops Unreleased [0.07ms]
(pass) selectNewSections with null from includes everything up to toVersion [0.03ms]
(pass) renderWhatsNew single section shows title, summary, bullets [0.30ms]
(pass) renderWhatsNew color:false emits no ANSI [0.06ms]
(pass) renderWhatsNew box has equal visible widths [0.11ms]
(pass) renderWhatsNew clips a large jump and notes the overflow [0.05ms]
(pass) renderWhatsNew returns [] for no sections
(pass) write/read last-seen version round-trips [0.89ms]
(pass) consumeLaunchWhatsNew is silent on a fresh install but records the version [0.50ms]
(pass) consumeLaunchWhatsNew is silent when already current [0.53ms]
(pass) consumeLaunchWhatsNew renders notes once after an upgrade, then records current [1.63ms]
(pass) loadBundledChangelog reads the shipped CHANGELOG.md [0.09ms]
(pass) whats-new command --json reports the running version and recent releases [0.46ms]
(pass) whats-new --all returns the full history; default is capped to the recent few [0.60ms]
(pass) whats-new command rejects unknown flags [0.08ms]
(pass) update --install calls showWhatsNew on success (human path) [0.11ms]
(pass) update --install --json does not show notes [0.07ms]

test/model-enrich.test.ts:
(pass) enrichResult attaches catalog metadata to known ids only; failed → [] [0.06ms]
(pass) enrichAll flattens across ok providers [0.03ms]
(pass) knownCount splits known vs unknown [0.03ms]
(pass) sortByCapability: known (largest context) first, unknown last [0.04ms]
(pass) filterCapable: thinking filter excludes unknown + non-thinking models [0.05ms]
(pass) filterCapable: images filter [0.02ms]
(pass) filterCapable: minContext filter (long context) [0.02ms]
(pass) filterCapable: no filter returns all (including unknown) [0.02ms]
(pass) formatEnrichedModels renders caps with - / ? for unknown ids [0.15ms]
(pass) formatEnrichedModels empty → login hint

test/evolve.test.ts:
(pass) evolve is a registered command [0.04ms]
(pass) jeo evolve (default) renders all five stages [0.74ms]
(pass) jeo evolve --no-color emits no ANSI escapes [0.10ms]
(pass) jeo evolve --step selects a single stage by step/max [0.12ms]
(pass) jeo evolve --animate streams the stage without real delay [0.06ms]
(pass) jeo evolve --json emits the canonical stage model [0.14ms]
(pass) jeo evolve --list-themes lists all themes [0.07ms]
(pass) jeo evolve --list prints one track line per stage [0.07ms]
(pass) jeo evolve --ascii --no-color emits no unicode and no ANSI [0.08ms]
(pass) jeo evolve --gradient (theme matrix) paints truecolor when forced [0.24ms]
(pass) jeo evolve --loop animates frames with injected sleep (no real delay) [0.14ms]

test/config-save.test.ts:
(pass) saveConfigPatch never bakes env-only values (OAuth token / JEO_DEFAULT_MODEL / role tiers) into config.json [0.98ms]
(pass) saveConfigPatch builds the patch from the RAW on-disk config, not the env overlay [1.07ms]
(pass) auth storage setters persist onto the RAW config — no env-only values baked in [1.01ms]
(pass) readGlobalConfig overlays env API keys onto providers when a config file exists (env fills gaps) [0.46ms]
(pass) readGlobalConfig: on-disk provider key wins over the env key (env never overrides disk) [0.43ms]
(pass) saveConfigPatch on a fresh install bakes the runtime default model, not a divergent one [0.59ms]
(pass) readGlobalConfig treats blank on-disk provider keys as env-fillable gaps [0.40ms]
(pass) saveGlobalConfig writes to a temp file first and then atomically renames to config.json [0.51ms]
(pass) saveConfigPatch on a schema-INVALID config preserves every OTHER stored credential (OAuth de-auth regression) [0.92ms]

test/live-model-picker.test.ts:
(pass) buildLiveModelChoices annotates known capabilities and current model [0.18ms]
(pass) buildLiveModelChoices disables models whose provider is not ready [0.03ms]
(pass) buildLiveModelChoices adds role and thinking badges for matching model assignments [0.08ms]
(pass) renderLiveModelPicker uses the generic select-list renderer with width fitting [0.34ms]

test/launch-repl-eof.test.ts:
(pass) launch REPL exits on immediate stdin EOF instead of hanging forever [114.02ms]
(pass) launch REPL drains piped commands then exits at EOF [116.33ms]

test/retry.test.ts:
(pass) resolveRetryOptions maps a gjc retry budget to withRetry options [0.16ms]
(pass) resolveRetryOptions: rate-limit defaults engage only when not explicitly configured [0.03ms]
(pass) isRateLimitError: detects 429 by status and by message [0.06ms]
(pass) withRetry: rate-limit errors get extra attempts beyond the base retries budget [0.38ms]
(pass) withRetry: a 429 without Retry-After waits at least rateLimitMinDelayMs [0.11ms]
(pass) withRetry: a non-rate-limit error is NOT floored by rateLimitMinDelayMs [0.08ms]
(pass) withRetry: a 429 Retry-After:0 is still floored, and the floor escalates per attempt [0.06ms]
(pass) withRetry: a 429 Retry-After beyond the configured budget fails fast [0.05ms]
(pass) withRetry: the escalating 429 floor is capped at 30s and spans ~a minute over the default budget [0.08ms]
(pass) withRetry: onRetry receives the actually-applied delay [0.08ms]
(pass) withRetry honors a resolved requestMaxRetries budget (attempt count) [0.07ms]
(pass) defaultRetryable classification [0.11ms]
(pass) defaultRetryable: transient empty 200s retry, deterministic budget empties fail fast [0.10ms]
(pass) succeeds first try (fn called once, no sleep) [0.04ms]
(pass) retries a retryable error then succeeds (fn called twice, sleep called once) [0.07ms]
(pass) exhausts after retries attempts and rethrows (fn called retries times) [0.10ms]
(pass) a non-retryable error throws immediately (fn called once) [0.08ms]
(pass) exponential backoff with cap [0.09ms]
(pass) resolveRetryOptions: failFastStatuses forces a normally-retried status non-retryable [0.07ms]
(pass) resolveRetryOptions: failFastPatterns makes a matching message non-retryable (case-insensitive) [0.04ms]
(pass) resolveRetryOptions: unset fail-fast overrides leave isRetryable unchanged (defaultRetryable) [0.02ms]

test/skills.test.ts:
(pass) buildSkillTask: drives execution with real tools, not a skill-named tool call [0.11ms]
(pass) buildSkillTask: no intent → still instructs the agent to carry out the workflow [0.02ms]
(pass) parseSkillMarkdown folds YAML block scalars and the lead-in '... >' form [0.04ms]
(pass) parseSkillMarkdown caps oversized details to keep skill invocation prompts bounded [0.14ms]
(pass) skillNames returns all five bundled skills [0.03ms]
(pass) getSkill case-insensitive lookup [0.03ms]
(pass) getSkill returns undefined for non-existent skill [0.01ms]
(pass) formatSkill output format [0.02ms]
(pass) skillsPromptSection contains every skill name [0.03ms]
(pass) skillsPromptSection caps an oversized skill catalog and reports omitted entries [0.10ms]
(pass) workflowSkillsForPrompt advertises user skills but blocks reserved-name override (hijack guard) [0.07ms]
(pass) skillsPromptSection includes configured skills and respects budget limits [0.09ms]
(pass) parseSkillInvocation matches only the $name entrypoint [0.06ms]
(pass) parseSkillInvocation no longer loads a skill from a file path ($-only entrypoint) [0.53ms]
Wrote 5 skill docs to /var/folders/ln/_tgvj8cx53g_zzgqkk2w_vvm0000gn/T/jeo-skills-9fHjF3
(pass) runSkillsCommand --write: materializes one .md per skill [1.30ms]
(pass) SKILLS is derived from SKILL.md embeds [0.10ms]
(pass) skillInvocationCard: name + tree-connector path/prompt detail; bundled skills labeled [0.06ms]
(pass) skillInvocationCard: shows the intent line (truncated) when given, instead of a user box [0.04ms]

test/smoke.test.ts:
(pass) version prints [50.66ms]
(pass) autopilot loop ratchets to best and converges [383.75ms]
(pass) frozen eval is immutable without --force [184.25ms]
(pass) step reverts a regression and keeps an improvement [346.94ms]
(pass) gate goal keys on exit code [201.95ms]
(pass) ledger reaches verified verdict [333.45ms]
(pass) ledger rejects bad review status [168.54ms]

test/select-list.test.ts:
(pass) starts on the first enabled item [0.51ms]
(pass) up/down wrap and skip disabled items [0.06ms]
(pass) filter narrows visible set and resets cursor to first enabled match [0.06ms]
(pass) typeChar / backspace edit the filter [0.04ms]
(pass) page moves by a window without wrapping [0.06ms]
(pass) renderSelectList shows a scrolling window with cursor + filter footer [0.05ms]
(pass) renderSelectList renders group headers + hints, fitted to cols [0.06ms]
(pass) renderSelectList supports multi-line titles and pre-styled hints [0.02ms]
(pass) renderSelectList renders selectable nested sub-list rows [0.03ms]
(pass) empty list renders a (no matches) line, not a crash [0.03ms]

test/chat-flags.test.ts:
(pass) parseChatArgs: --model is extracted, not swallowed into the message [0.09ms]
(pass) parseChatArgs: --model= and -m forms [0.02ms]
(pass) parseChatArgs: --thinking extracted alongside model [0.02ms]
(pass) parseChatArgs: --max-tokens is extracted for tiny smoke checks [0.03ms]
(pass) parseChatArgs: --max-tokens space form ignores invalid values [0.01ms]
(pass) parseChatArgs: no flags — message passthrough unchanged [0.01ms]

test/tui-welcome.test.ts:
(pass) box has top/bottom borders and title with version [0.12ms]
(pass) box borders with unicode: false [0.03ms]
(pass) every line has equal visible width [0.17ms]
(pass) hero column: brand, tagline, grand DNA Claw symbol, centered [0.06ms]
(pass) model + provider pills present [0.05ms]
(pass) provider pill omitted when missing [0.04ms]
(pass) workspace / session details no longer render inside the hero box (gjc parity) [0.06ms]
(pass) an overlong model pill truncates instead of breaking the border [0.07ms]
(pass) narrow box falls back to the compact DNA Claw symbol [0.04ms]
(pass) narrow cols (<30) -> single-line fallback [0.01ms]
(pass) color:false emits no ANSI [0.09ms]
(pass) two-tone depth: lit top/left edges vs shaded bottom/right edges [0.11ms]

test/step-budget.test.ts:
(pass) resolveStepBudgetConfig: defaults derive from the base budget [0.02ms]
(pass) resolveStepBudgetConfig: env vars tune the flow and are clamped [0.03ms]
(pass) resolveStepBudgetConfig: caller overrides beat env (bounded delegation) [0.01ms]
(pass) StepBudget: extends on a progressing window (ok ratio + distinct targets) [0.11ms]
(pass) StepBudget: declines when the window is mostly failures (fail-fast) [0.03ms]
(pass) StepBudget: declines a single-signature spin even when it succeeds [0.02ms]
(pass) StepBudget: respects maxExtensions and the hard cap [0.04ms]
(pass) StepBudget: maxExtensions 0 restores the legacy fixed counter [0.01ms]
(pass) runAgentLoop: a progressing turn extends past maxSteps and completes (gjc retry flow) [1.32ms]
(pass) runAgentLoop: a stalled turn does NOT extend — consolidates at the base budget [0.59ms]
(pass) runAgentLoop: extensions stop at the hard cap and the wrap-up names the flow [0.64ms]
(pass) dynamicStepBudgetConfig: no small hardcoded ceiling — unlimited extensions, large safety cap [0.03ms]
(pass) dynamicStepBudgetConfig: env restores a bounded budget; caller overrides win [0.02ms]
(pass) StepBudget: a dynamic budget keeps extending while NOVEL progress continues [0.19ms]
(pass) runAgentLoop: dynamic budget (maxSteps 0) never stops a progressing turn at a hardcoded count [0.94ms]
(pass) runAgentLoop: dynamic budget consolidates a wrap-up when progress stalls (never runs forever) [0.66ms]
(pass) StepBudget: the dynamic safety cap terminates even an always-novel turn [0.07ms]
(pass) runAgentLoop: dynamic budget terminates a model that cycles two successful calls forever [0.57ms]
(pass) runAgentLoop: a mostly-failing batch with one trivial success earns no extension (per-call scoring) [0.81ms]

test/capability.test.ts:
(pass) supportsUnicode: TERM dumb/linux → false; UTF locale → true [0.05ms]
(pass) ascii fallback tables are length 5 and pure ASCII [0.06ms]
(pass) spinnerFramesFor / meterGlyphsFor switch on unicode flag [0.06ms]
(pass) Spinner honors the unicode:false option [0.06ms]
(pass) meter / evolutionTrack ASCII mode emit no unicode [0.04ms]

test/parse-role-gate-verdict.test.ts:
(pass) architect: plain CLEAR/APPROVE passes [0.04ms]
(pass) architect: BLOCK gates execution [0.02ms]
(pass) architect: WATCH/COMMENT passes (non-blocking review) [0.01ms]
(pass) architect: tolerates markdown emphasis around verdict labels [0.02ms]
(pass) architect: tolerates trailing parenthetical / em-dash caveats and matches the first token [0.07ms]
(pass) architect: rejects out-of-enum status values [0.02ms]
(pass) architect: rejects out-of-enum review recommendations [0.01ms]
(pass) architect: missing labels gate execution
(pass) critic: only explicit [OKAY] first line approves
(pass) critic: [REJECT] / [ITERATE] gate execution [0.01ms]
(pass) critic: fails-closed on malformed / missing verdict (the fail-open regression) [0.03ms]
(pass) executor / planner / unknown roles pass through (no gate) [0.01ms]

test/qualify-model.test.ts:
(pass) qualifyModelId matches all spec cases [0.08ms]
(pass) parseConfig normalizes colon-containing un-prefixed model IDs to ollama/ [0.14ms]

test/animation.test.ts:
(pass) stageBlocks returns frames when present, [art] otherwise [0.03ms]
(pass) stageFrame wraps the tick and never out-of-bounds [0.04ms]
(pass) every frame of every stage shares the global width+height when normalized [0.14ms]
(pass) renderAsciiArt frame option selects a distinct animation block [0.03ms]
(pass) animateFrames draws every frame with injected write/sleep, no real delay [0.09ms]

test/update-cache.test.ts:
(pass) readUpdateCache returns null when no cache file exists [0.87ms]
(pass) writeUpdateCache then readUpdateCache reports updateAvailable against current [0.55ms]
(pass) readUpdateCache clears the banner once the local version catches up [0.48ms]
(pass) writeUpdateCache ignores empty input and readUpdateCache tolerates a missing local version [0.43ms]

test/output-minimizer.test.ts:
(pass) minimizeToolOutput: strips passing bun-test rows, keeps failure + summary [0.22ms]
(pass) minimizeToolOutput: leaves plain command output untouched [0.03ms]
(pass) minimizeToolOutput: strips cargo per-test ok rows, keeps test result [0.03ms]
(pass) minimizeToolOutput: passing-looking lines without a summary stay untouched [0.03ms]

test/tui-renderer.test.ts:
(pass) truncate [0.02ms]
(pass) Renderer differential render first time [0.15ms]
(pass) Renderer differential render partial change [0.03ms]
(pass) Renderer shrinking clear lines [0.04ms]
(pass) Renderer reserve mode: taller frames reserve rows with real newlines before painting [0.05ms]
(pass) Renderer without reserve never emits newlines (alt-screen / non-TTY safety) [0.02ms]
(pass) Renderer.insertAbove flushes static text and forces a full repaint next render [0.08ms]
(pass) Renderer.insertAbove leaves no ED anywhere in the flush+repaint cycle (reserve mode) [0.04ms]
(pass) Renderer.clear in reserve mode EL-walks the frame instead of ED-clearing [0.05ms]
(pass) Renderer.clear without reserve keeps the ED fast path (alt-screen/non-TTY) [0.03ms]
(pass) Renderer insertAbove opens a synchronized update; next render closes it [0.05ms]
(pass) Renderer clear() closes a dangling synchronized update [0.02ms]
(pass) Renderer reserve mode: shrinking frames reserve nothing and clear removed rows [0.03ms]
(pass) Renderer reserve mode: reset() then a shorter frame clears stale rows and does not re-reserve [0.04ms]
(pass) Renderer reserve mode: reset() then a taller frame still reserves the extra rows [0.02ms]
(pass) Renderer reserve mode: reset() then insertAbove() then render() clears the old frame's lower rows (no off-by-one drift) [0.04ms]
(pass) Renderer reserve mode: growth after insertAbove re-reserves the full frame [0.04ms]
(pass) Renderer reserve mode: frames taller than the viewport are not reserved [0.06ms]
(pass) Renderer insertAbove eagerly EL-clears the old frame's uncovered rows (no margin desync) [0.04ms]

test/todo-tool.test.ts:
(pass) normalizeTodoStatus: maps loose strings to canonical statuses [0.04ms]
(pass) parseTodoItems: accepts objects and auto-promotes first pending [0.09ms]
(pass) parseTodoItems: respects an explicit in_progress (no extra promotion) [0.02ms]
(pass) parseTodoItems: accepts a string shorthand list [0.02ms]
(pass) parseTodoItems: returns null for missing/empty input [0.01ms]
(pass) renderTodoChecklist: glyphs reflect status [0.04ms]
(pass) createTodoTool: updates plan, fires onChange, reports done count [0.12ms]
(pass) createTodoTool: bad input is a soft failure (no throw) [0.03ms]

test/forge-status.test.ts:
(pass) summarizeForgeInvocation renders bash, read, and write as code-box summaries [0.14ms]
(pass) forge boxes are width-bounded and redact secret-like values [0.39ms]
(pass) forge cards keep CJK/emoji content inside the border (display-width wrap) [0.32ms]
(pass) forge summaries never throw on an undefined/empty tool name (malformed model output) [0.08ms]
(pass) renderJeoStatus separates progress, insight status, and forge rows [0.13ms]
(pass) renderJeoStatus colorizes the forge count segments when color is on [0.07ms]
(pass) ralph guide renders ordered todos and streaming complete/error events [0.05ms]
(pass) ralph render helpers can colorize subagent guidance and stream events [0.03ms]
(pass) ralph subagent prompt carries full todo order and streaming contract [0.03ms]
(pass) fitForgeBoxes: includes whole most-recent boxes within budget, never a half-box [0.08ms]
(pass) renderJeoStatus: forge line exposes the evolution stage (double helix) when provided [0.03ms]
(pass) summarizeForgeInvocation and summarizeForgeResult polish and status step stats [0.14ms]
(pass) bash invocation card echoes `$ <command>` and a unicode ⟦Timeout⟧ annotation [0.05ms]
(pass) bash invocation card falls back to ASCII [Timeout: …] when unicode is off [0.02ms]
(pass) bash result card draws an `Output` divider between exit note and body, framing intact [0.07ms]
(pass) bash result divider uses ASCII rules under unicode:false and stays width-bounded [0.06ms]
(pass) forge box two-tone depth: bottom border + right edge use the shadow painter [0.05ms]
(pass) forge box color:false keeps single-tone borders byte-stable [0.03ms]
(pass) edit card renders SEARCH/REPLACE hunks as -/+ diff lines with a hunk summary [0.14ms]
(pass) edit card renders ≔ directives as +added lines; unknown formats fall back to raw preview [0.04ms]
(pass) clipped cards show the gjc-style ⟦Ctrl+O for more⟧ hint [0.10ms]
(pass) code cards get a light highlight when color is on; color:false stays byte-stable [0.07ms]
(pass) summarize-stage clip markers (previewLines '… N more line(s)') also gain the Ctrl+O hint [0.07ms]
(pass) formatForgeBox: fill painter tints every row (panel) without changing visible width [0.10ms]

test/session-command.test.ts:
(pass) list filters non-jeo sessions and formats output [0.52ms]
(pass) list with --json formats as JSON [0.11ms]
(pass) list with tmux absent (no server or exitCode 1) -> empty-friendly message exit 0 [0.06ms]
(pass) rm refuses non-jeo- name with exitCode 1 [0.05ms]
(pass) rm jeo- name invokes kill-session argv [0.05ms]
(pass) attach unknown name (not in list output) -> exitCode 1 [0.06ms]
(pass) attach known name -> invokes attach -t name [0.06ms]
(pass) unknown verb usage exitCode 1 [0.07ms]
(pass) --help usage exitCode 0 [0.04ms]
(pass) list keeps marker-owned sessions regardless of name; records branch/project identity [0.09ms]
(pass) list table shows the @jeo-branch identity column [0.06ms]
(pass) rm allows a marker-owned session even without the jeo- prefix (exact kill target) [0.06ms]
(pass) rm still refuses an unmarked, unprefixed session even when it exists [0.06ms]

test/engine-spill.test.ts:
(pass) runAgentLoop: oversized tool output is spilled to a recoverable artifact + noted [1.29ms]
(pass) runAgentLoop: small tool output is NOT spilled [0.28ms]
(pass) runAgentLoop: a FAILED tool with huge error output also spills [0.73ms]
(pass) spillToolResult: retention caps the artifact directory at MAX_TOOL_ARTIFACTS [12.99ms]

test/evolution.test.ts:
(pass) canonical tables are all length 5 and index-aligned [0.02ms]
(pass) stageIndexForStep: step 0 is primordial, quartiles thereafter [0.02ms]
(pass) stageIndexForStep: guards non-positive / non-finite inputs → stage 0 [0.02ms]
(pass) stageIndexForRatio: five bands, clamped, NaN→0 [0.03ms]
(pass) clampStageIndex keeps indices in range [0.02ms]
(pass) evolutionStageName matches the canonical names [0.02ms]
(pass) evolutionTrack renders 5 markers + name + [n/5], plain when color:false [0.02ms]
(pass) ascii-art stage names stay synced with the canonical names [0.02ms]
(pass) spinner frames evolve with step and survive frame-count shrink [0.06ms]
(pass) createStageProgress is monotonic (never devolves) and resettable [0.05ms]

test/hashline-remap.test.ts:
(pass) ≔ range with shifted anchors re-maps by uniform delta and applies [1.36ms]
(pass) ≔A+ insert with a shifted anchor re-maps the insert point [0.43ms]
(pass) ambiguous anchor (>1 match in window) refuses to re-map and rejects [0.43ms]
(pass) range whose ends disagree on the delta rejects instead of mis-applying [0.44ms]
(pass) matching anchors at their line numbers still apply without re-mapping [0.46ms]
(pass) anchors always lead with a letter so ≔1<anchor> never merges into the line number [0.04ms]
(pass) an edit citing a line-1 anchor verifies instead of merging digits [0.42ms]

test/hud.test.ts:
(pass) renderHud: correctly highlights active, shows completed, and futures (unicode) [0.55ms]
(pass) renderHud: ASCII mode with no unicode [0.04ms]
(pass) renderHud: color: false produces zero ANSI bytes [0.02ms]
(pass) derivePhase: truth table verification [0.04ms]

test/engine.test.ts:
(pass) extractJsonObject: pure JSON [0.03ms]
(pass) extractJsonObject: fenced JSON [0.16ms]
(pass) extractJsonObject: prose wrapping + trailing commentary [0.04ms]
(pass) extractJsonObject: braces inside string values are not miscounted [0.01ms]
(pass) tryExtractJsonObject: returns null on garbage [0.03ms]
(pass) extractJsonObject: throws on garbage [0.03ms]
(pass) extractJsonObject: tolerates a trailing comma before } [0.02ms]
(pass) extractJsonObject: tolerates a trailing comma before ] [0.03ms]
(pass) extractJsonObject: a comma inside a string is never stripped
(pass) extractJsonObject: preferKeys picks the tool object after an earlier valid JSON object [0.05ms]
(pass) extractJsonObject: without preferKeys the first parseable object still wins (generic callers unchanged) [0.02ms]
(pass) runAgentLoop: dispatches a tool then completes on done [0.35ms]
(pass) runAgentLoop: unknown tool surfaces error and keeps going until cap [0.17ms]
(pass) runAgentLoop: invalid JSON is fed back to the model for repair [0.74ms]
(pass) runAgentLoop: stops on repeated identical tool calls (weak-model no-progress guard) [0.29ms]
(pass) runAgentLoop: an aborted signal stops before any tool call [0.13ms]
(pass) runAgentLoop: stops after 5 consecutive failing tool calls (distinct args) [0.55ms]
(pass) runAgentLoop: a thrown LLM error becomes the doneReason (not a step-limit message) [0.10ms]
(pass) runAgentLoop: provider auto-retry surfaces as onNotice and the terminal error is reported ONCE (via doneReason) [0.15ms]
(pass) truncateToolOutput: keeps head and tail (tail holds the decisive part) [0.03ms]
(pass) truncateToolOutput: headOnly keeps a contiguous front slice (read mode) [0.03ms]
(pass) READ_OUTPUT_MAX: read budget is far larger than the generic cap (fits ~500 lines) [0.01ms]
(pass) runAgentLoop: a model that never emits a 'tool' field stops with a clear, actionable reason [0.10ms]
(pass) runAgentLoop: exhausted step budget triggers a no-tools consolidation wrap-up [0.33ms]

test/session-export.test.ts:
(pass) exportSession: markdown includes header + non-system messages by default [0.95ms]
(pass) exportSession: includeSystem keeps the system message [0.55ms]
(pass) exportSession: json is structured and parseable [0.48ms]
(pass) exportSession: tolerates a malformed trailing line [0.56ms]
(pass) exportSession: markdown fence is longer than backtick runs in the content [0.40ms]

test/deep-interview.test.ts:
(pass) deep-interview --auto: does not freeze a seed while ambiguity stays above the threshold [6.02ms]
(pass) deep-interview --auto: does not fabricate acceptance criteria when the score is low but criteria are missing [5.28ms]

Round 0 | Topology confirmation | Ambiguity: not scored yet

I'm reading this as 1 top-level component(s):
1. A Terminal Notes App: build a terminal notes app

=== Starting Socratic Interview: build-a-terminal-notes-app ===
Initial Idea: "build a terminal notes app"
Project Type: greenfield
Ambiguity Threshold: 20% (source: default)


[Round 1] Analyzing requirements...
Ambiguity [oooo....................................] 10%  (Assessment: Clear enough)

[SUCCESS] Ambiguity is <= 20%! Concluding requirements gather.
Saved frozen requirements spec seed to: /private/var/folders/ln/_tgvj8cx53g_zzgqkk2w_vvm0000gn/T/jeo-deep-x42xPb/.jeo/seeds/seed-build-a-terminal-notes-app.yaml

[Handoff Ready] Requirement is crystallized. Next, run 'jeo ralplan' to build a plan.
(pass) deep-interview --auto: freezes only concrete criteria and keeps empty constraints empty [2.57ms]

Round 0 | Topology confirmation | Ambiguity: not scored yet

I'm reading this as 1 top-level component(s):
1. 터미널 메모 앱 만들기: 터미널 메모 앱 만들기

=== Starting Socratic Interview: interview-daab806c ===
Initial Idea: "터미널 메모 앱 만들기"
Project Type: greenfield
Ambiguity Threshold: 20% (source: default)


[Round 1] Analyzing requirements...
Ambiguity [oooo....................................] 10%  (Assessment: 명확합니다)

[SUCCESS] Ambiguity is <= 20%! Concluding requirements gather.
Saved frozen requirements spec seed to: /private/var/folders/ln/_tgvj8cx53g_zzgqkk2w_vvm0000gn/T/jeo-deep-RRUbHm/.jeo/seeds/seed-interview-daab806c.yaml

[Handoff Ready] Requirement is crystallized. Next, run 'jeo ralplan' to build a plan.
(pass) deep-interview preserves non-English interview language and uses a safe slug fallback [2.32ms]

Round 0 | Topology confirmation | Ambiguity: not scored yet

I'm reading this as 4 top-level component(s):
1. Ingest CSVs: ingest CSVs
2. Normalize Records: normalize records
3. Reviewer UI: provide reviewer UI
4. Export Audit-ready Reports: export audit-ready reports

=== Starting Socratic Interview: ingest-csvs-normalize-records-provide ===
Initial Idea: "ingest CSVs, normalize records, provide reviewer UI, and export audit-ready reports"
Project Type: greenfield
Ambiguity Threshold: 20% (source: default)


[Round 1] Analyzing requirements...
Ambiguity [oooo....................................] 10%  (Assessment: Clear enough)

[SUCCESS] Ambiguity is <= 20%! Concluding requirements gather.
Saved frozen requirements spec seed to: /private/var/folders/ln/_tgvj8cx53g_zzgqkk2w_vvm0000gn/T/jeo-deep-u6Qymv/.jeo/seeds/seed-ingest-csvs-normalize-records-provide.yaml

[Handoff Ready] Requirement is crystallized. Next, run 'jeo ralplan' to build a plan.
(pass) deep-interview --auto: stores confirmed topology for multi-component ideas [2.32ms]

Round 0 | Topology confirmation | Ambiguity: not scored yet

I'm reading this as 1 top-level component(s):
1. Fix The Existing Login: fix the existing login flow

=== Starting Socratic Interview: fix-the-existing-login-flow ===
Initial Idea: "fix the existing login flow"
Project Type: brownfield
Brownfield Context:
Repo markers: src, package.json
Relevant directories scanned: src
Path evidence:
- src/auth/login.ts (matched: login)

Ambiguity Threshold: 20% (source: default)


[Round 1] Analyzing requirements...
Ambiguity [oooo....................................] 10%  (Assessment: Clear enough)

[SUCCESS] Ambiguity is <= 20%! Concluding requirements gather.
Saved frozen requirements spec seed to: /private/var/folders/ln/_tgvj8cx53g_zzgqkk2w_vvm0000gn/T/jeo-deep-C5GgNr/.jeo/seeds/seed-fix-the-existing-login-flow.yaml

[Handoff Ready] Requirement is crystallized. Next, run 'jeo ralplan' to build a plan.
(pass) deep-interview captures brownfield repo evidence for modification ideas [3.61ms]

Round 0 | Topology confirmation | Ambiguity: not scored yet

I'm reading this as 1 top-level component(s):
1. Fix The Existing Login: fix the existing login flow

=== Starting Socratic Interview: fix-the-existing-login-flow ===
Initial Idea: "fix the existing login flow"
Project Type: greenfield
Ambiguity Threshold: 20% (source: default)


[Round 1] Analyzing requirements...
Ambiguity [oooo....................................] 10%  (Assessment: Clear enough)

[SUCCESS] Ambiguity is <= 20%! Concluding requirements gather.
Saved frozen requirements spec seed to: /private/var/folders/ln/_tgvj8cx53g_zzgqkk2w_vvm0000gn/T/jeo-deep-FPaZYv/.jeo/seeds/seed-fix-the-existing-login-flow.yaml

[Handoff Ready] Requirement is crystallized. Next, run 'jeo ralplan' to build a plan.
(pass) deep-interview: empty directory stays greenfield even for modification-style ideas [2.82ms]

Round 0 | Topology confirmation | Ambiguity: not scored yet

I'm reading this as 1 top-level component(s):
1. Fix The Existing Zzzz-flow: fix the existing zzzz-flow

=== Starting Socratic Interview: fix-the-existing-zzzz-flow ===
Initial Idea: "fix the existing zzzz-flow"
Project Type: brownfield
Brownfield Context:
Repo markers: src, package.json
Relevant directories scanned: src
Path evidence: no keyword-matching files found yet; ask the user which existing surface should change.

Ambiguity Threshold: 20% (source: default)


[Round 1] Analyzing requirements...
Ambiguity [oooo....................................] 10%  (Assessment: Clear enough)

[SUCCESS] Ambiguity is <= 20%! Concluding requirements gather.
Saved frozen requirements spec seed to: /private/var/folders/ln/_tgvj8cx53g_zzgqkk2w_vvm0000gn/T/jeo-deep-9lwasb/.jeo/seeds/seed-fix-the-existing-zzzz-flow.yaml

[Handoff Ready] Requirement is crystallized. Next, run 'jeo ralplan' to build a plan.
(pass) deep-interview: brownfield with no keyword hits asks for the target surface instead of citing paths [2.98ms]

Round 0 | Topology confirmation | Ambiguity: not scored yet

I'm reading this as 1 top-level component(s):
1. Fix The Existing Login: fix the existing login flow

=== Starting Socratic Interview: fix-the-existing-login-flow ===
Initial Idea: "fix the existing login flow"
Project Type: brownfield
Brownfield Context:
Repo markers: src, package.json
Relevant directories scanned: src
Path evidence:
- src/loginevil.ts (matched: login)

Ambiguity Threshold: 20% (source: default)


[Round 1] Analyzing requirements...
Ambiguity [oooo....................................] 10%  (Assessment: Clear enough)

[SUCCESS] Ambiguity is <= 20%! Concluding requirements gather.
Saved frozen requirements spec seed to: /private/var/folders/ln/_tgvj8cx53g_zzgqkk2w_vvm0000gn/T/jeo-deep-3MrC4y/.jeo/seeds/seed-fix-the-existing-login-flow.yaml

[Handoff Ready] Requirement is crystallized. Next, run 'jeo ralplan' to build a plan.
(pass) deep-interview: brownfield scanner sanitizes file names and skips symlinked dirs [3.27ms]

Round 0 | Topology confirmation | Ambiguity: not scored yet

I'm reading this as 1 top-level component(s):
1. Idea A: Notes App: idea A: notes app

=== Starting Socratic Interview: idea-a-notes-app ===
Initial Idea: "idea A: notes app"
Project Type: greenfield
Ambiguity Threshold: 20% (source: default)


[Round 1] Analyzing requirements...
Ambiguity [oooo....................................] 10%  (Assessment: Clear enough)

[SUCCESS] Ambiguity is <= 20%! Concluding requirements gather.
Saved frozen requirements spec seed to: /private/var/folders/ln/_tgvj8cx53g_zzgqkk2w_vvm0000gn/T/jeo-deep-hMZTvH/.jeo/seeds/seed-idea-a-notes-app.yaml

[Handoff Ready] Requirement is crystallized. Next, run 'jeo ralplan' to build a plan.
Previous interview is already complete — starting a NEW interview for: "idea B: todo dashboard"

Round 0 | Topology confirmation | Ambiguity: not scored yet

I'm reading this as 1 top-level component(s):
1. Idea B: Todo Dashboard: idea B: todo dashboard

=== Starting Socratic Interview: idea-b-todo-dashboard ===
Initial Idea: "idea B: todo dashboard"
Project Type: greenfield
Ambiguity Threshold: 20% (source: default)


[Round 1] Analyzing requirements...
Ambiguity [oooo....................................] 10%  (Assessment: Clear enough)

[SUCCESS] Ambiguity is <= 20%! Concluding requirements gather.
Saved frozen requirements spec seed to: /private/var/folders/ln/_tgvj8cx53g_zzgqkk2w_vvm0000gn/T/jeo-deep-hMZTvH/.jeo/seeds/seed-idea-b-todo-dashboard.yaml

[Handoff Ready] Requirement is crystallized. Next, run 'jeo ralplan' to build a plan.
(pass) deep-interview: a NEW idea after a completed interview starts fresh instead of reusing the old one (round-10 #3) [3.87ms]
(pass) deep-interview --auto: refuses to freeze on vague-only criteria like 'It works' (round-14) [3.76ms]

test/markdown-text.test.ts:
(pass) stripMarkdown strips headers, bold, italic, code blocks, links, and blockquotes [0.17ms]
(pass) renderMarkdownAnsi styles headings/bold/inline-code; fences drop, bodies verbatim [0.92ms]
(pass) renderMarkdownAnsi: visible text matches stripMarkdown (style adds color only) [0.07ms]
(pass) renderMarkdownAnsi: empty input and plain text pass through [0.02ms]
(pass) renderMarkdownAnsi: single *italic* / _italic_ is styled and never breaks lists or snake_case [0.08ms]
(pass) renderMarkdownAnsi: a heading following content gets one blank line above (vertical rhythm) [0.04ms]
(pass) renderMarkdownAnsi: ~~strikethrough~~ is struck + muted, markers removed [0.05ms]
(pass) renderMarkdownAnsi: muted painter (not raw dim) colors link URLs / blockquote / rule [0.03ms]
(pass) stripMarkdown removes ~~strikethrough~~ markers [0.01ms]

test/leak-guards.test.ts:
(pass) LaunchTui: sequential turns and resize listener cleanup (including error and double-finish paths) [3.75ms]
(pass) LaunchTui: process 'exit' listener does not accumulate across many turns [2.14ms]
  (no steps)
Evolved to: ●○○○○ Primordial Cell [1/5] (took 0 steps in 0s)
jeo
done
(pass) LaunchTui: no live timers leak after finish [301.36ms]
(pass) StreamRegion: never exceeds cap of 500 when appending 10k lines [4.61ms]
(pass) ToolList: bounded after 10k start/finish [2.20ms]
Steps  ✓100 / 100  ·  24ms
  · (+88 earlier)
  │ ● [89:DONE] [9mheavy-tool-88[29m
  │ ● [90:DONE] [9mheavy-tool-89[29m
  │ ● [91:DONE] [9mheavy-tool-90[29m
  │ ● [92:DONE] [9mheavy-tool-91[29m
  │ ● [93:DONE] [9mheavy-tool-92[29m
  │ ● [94:DONE] [9mheavy-tool-93[29m
  │ ● [95:DONE] [9mheavy-tool-94[29m
  │ ● [96:DONE] [9mheavy-tool-95[29m
  │ ● [97:DONE] [9mheavy-tool-96[29m
  │ ● [98:DONE] [9mheavy-tool-97[29m
  │ ● [99:DONE] [9mheavy-tool-98[29m
  └ ● [100:DONE] [9mheavy-tool-99[29m
  ● ● ● ● ● ● ● ● ● ● ● ● ● ● ● ● ● ● ● ● ● ● ● ● ● ● ● ● ● ● ● ● ● ● ● ● ● ● ● ● +60

╭── ✓ heavy-tool-97 arguments ─────────────────────────────────────────────────╮
│ {                                                                            │
│   "arg": 97                                                                  │
│ }                                                                            │
╰──────────────────────────────────────────────────────────────────────────────╯

╭── ✓ heavy-tool-98 arguments · (1ms) ─────────────────────────────────────────╮
│ {                                                                            │
│   "arg": 98                                                                  │
│ }                                                                            │
╰──────────────────────────────────────────────────────────────────────────────╯

╭── ✓ heavy-tool-99 arguments ─────────────────────────────────────────────────╮
│ {                                                                            │
│   "arg": 99                                                                  │
│ }                                                                            │
╰──────────────────────────────────────────────────────────────────────────────╯
[DONE] thinking → planning → executing → done · 100 steps · 0s
Evolved to: ●●●●● Super intelligence (Singularity) [5/5] (took 100 steps in 0s)
jeo
done
(pass) LaunchTui: forgeSummaries bounded - drive events with 100 tool invocations [24.77ms]

test/color.test.ts:
(pass) stripAnsi / visibleWidth ignore SGR escapes [0.04ms]
(pass) detectColorLevel honors NO_COLOR / FORCE_COLOR / COLORTERM / TERM [0.08ms]
(pass) detectAppearance honors COLORFGBG environment variable and falls back [11.14ms]
(pass) hexToRgb parses #rrggbb and #rgb; bad input → black [0.08ms]
(pass) lerpColor + gradientStops span the endpoints [0.05ms]
(pass) rgb→ansi256 / ansi16 quantize sensibly [0.11ms]
(pass) applyGradient emits truecolor escapes and downgrades to plain at None [0.06ms]
(pass) applyGradient leaves spaces unpainted but counted [0.02ms]
(pass) renderAsciiArt gradient option paints art and preserves visible width [0.16ms]

test/approve.test.ts:
(pass) approve command: nonexistent plan rejection, validation, and idempotency [2.88ms]
(pass) approve command is registered in CLI runner [0.02ms]

test/launch-flags.test.ts:
(pass) parseFlags captures GJC-style model/provider/thinking launch flags [0.07ms]
(pass) parseFlags captures model role tiers without consuming the prompt [0.03ms]
(pass) parseFlags records invalid provider/thinking values as launch errors [0.02ms]
(pass) parseFlags treats -- as end-of-options and omits the sentinel [0.33ms]
(pass) shouldUseOneShotTui enables the live TUI for command-argument input on a TTY [0.06ms]
(pass) gatedStdout: write is a no-op while gated, forwarded when open [0.38ms]
(pass) gatedStdout: readline's own prompt/echo is suppressed while gated (single-box) [32.56ms]
(pass) captureLivePromptInputChunk keeps live-turn text in the prompt draft, not a hidden queue [0.17ms]
(pass) bracketed paste: multi-line paste splits into pastedLines + editable partial [0.06ms]
(pass) bracketed paste: a paste spanning chunks keeps paste mode across reads [0.04ms]
(pass) bracketed paste: typed noise outside markers is still rejected; CRLF normalizes [0.02ms]
(pass) in-flight abort harness routes bracketed-paste chunks to the queue, never to noise/abort [0.13ms]
(pass) in-flight abort harness forwards printable live-turn input for the next prompt [0.13ms]
(pass) formatResumeHint matches the --list handler convention [0.01ms]
(pass) parseFlags defaults maxSteps to 0 (dynamic process-driven budget, no hardcoded 100) [0.03ms]

test/hashline-lite.test.ts:
(pass) lineAnchor: content-only, ignores trailing whitespace/CR, stable 2 chars [0.06ms]
(pass) read output lines carry LINEhh| anchors that match lineAnchor [1.26ms]
(pass) ≔ with matching anchors applies; with stale anchors rejects and re-presents [0.86ms]
(pass) ≔ range anchors verify both endpoints; plain ≔A..B stays valid (back-compat) [0.78ms]
(pass) ≔A+ insert verifies the anchor line when supplied [0.61ms]
(pass) SEARCH block with copy-pasted anchor prefixes is stripped and applied [0.74ms]

test/abort.test.ts:
(pass) adapter passes signal to fetch; an aborted signal rejects the call [0.47ms]

test/subagent-bash-allowlist.test.ts:
(pass) bashCommandAllowed: allows matching heads, blocks everything else [0.20ms]
(pass) bashCommandAllowed: vets EVERY chained segment, strips env/sudo [0.03ms]
(pass) subagentToolset: a role's bash allowlist actually gates the bash tool [3.19ms]
(pass) executor (no allowlist) keeps the unconstrained default bash handler [0.02ms]
(pass) read-only roles drop bash entirely regardless of any allowlist [0.05ms]

test/task-tool.test.ts:
(pass) createTaskTool: executor delegates, runs a tool, then completes on done [6.11ms]
(pass) createTaskTool: echoed subagent report is fenced as DATA and cannot break the fence from inside [1.23ms]
(pass) createTaskTool: subagent tool events carry the concrete target (file/command), not just the name [4.82ms]
(pass) createTaskTool: unknown explicit role is rejected instead of executor fallback [0.27ms]
(pass) createTaskTool: omitted role defaults to executor [1.58ms]
(pass) createTaskTool: read-only role (architect) cannot write — write tool is absent [1.55ms]
(pass) createTaskTool: empty task is rejected with a helpful error [0.19ms]
(pass) createTaskTool: per-role model override is reported in the output [1.37ms]
(pass) createTaskTool: per-role model override is the model passed to callLlm (provider routing) [1.11ms]
(pass) createTaskTool: role without an override falls back to the (fresh) default model [1.11ms]
(pass) createTaskTool: read-only fan-out runs all tasks and combines results [1.43ms]
(pass) createTaskTool: executor fan-out is serialized for mutation safety [1.27ms]
(pass) createTaskTool: empty tasks array is a soft error [0.18ms]
(pass) createTaskTool: invalid planner report is surfaced as incomplete [1.10ms]
(pass) createTaskTool: subagents receive .jeo project context and ignore legacy .gjc context [2.86ms]

test/ansi-width.test.ts:
(pass) truncate plain strings by visible length (unchanged behavior) [0.03ms]
(pass) truncate counts only visible columns of a colored line [0.05ms]
(pass) truncate keeps a colored line intact when it fits
(pass) truncate never spills a raw escape when cutting a gradient line [0.05ms]
(pass) visibleWidth ignores escapes; matches plain length otherwise [0.01ms]

test/stream-events.test.ts:
(pass) createStreamEvents: step header + tool target are logged on each step, not just results [0.22ms]
(pass) createStreamEvents: 'done' and invalid responses do not emit a step line [0.02ms]
(pass) formatTaskSubEvent treats only explicit false as incomplete [0.09ms]
(pass) end-to-end: a piped one-shot turn prints the per-step flow (not just the final reply) [149.64ms]
(pass) end-to-end: cmd-mode task subagent prints nested steps and result summaries [101.83ms]
(pass) end-to-end: a disk-persisted subagent model override is the model the in-loop task tool uses [105.33ms]
(pass) end-to-end: one-shot skill alias executes configured skill instead of chatting about it [104.14ms]

test/config-schema.test.ts:
(pass) parseConfig: accepts a well-formed config (incl. extra passthrough keys) [0.23ms]
(pass) parseConfig: rejects wrong types with a located message [0.14ms]
(pass) parseConfig: accepts a retry budget block (gjc parity) [0.06ms]
(pass) parseConfig: rejects a negative retry budget [0.05ms]
[jeo] /var/folders/ln/_tgvj8cx53g_zzgqkk2w_vvm0000gn/T/jeo-cfg-BrbT32/config.json is invalid (defaultModel: Expected string, received number); using environment defaults.
(pass) readGlobalConfig: falls back to defaults when on-disk config is invalid [0.80ms]
(pass) readGlobalConfig: loads a valid on-disk config [0.66ms]
(pass) parseConfig: accepts valid subagents config and rejects invalid provider [0.11ms]

test/subagent-live-activity.test.ts:
  (no steps)
[AGENT] ▸ EXECUTOR · inspect engine.ts
  [AGENT] ├─ EXECUTOR ✓ read src/agent/engine.ts
  [AGENT] ├─ EXECUTOR ✗ edit failed
Evolved to: ●○○○○ Primordial Cell [1/5] (took 0 steps in 0s)
jeo
done
(pass) status activity mirrors the latest subagent event while a task runs [0.63ms]
  (no steps)
[AGENT] ▸ PLANNER · draft plan
[AGENT] └─ PLANNER done: plan ready
Evolved to: ●○○○○ Primordial Cell [1/5] (took 0 steps in 0s)
jeo
done
(pass) subagent done clears the live activity back to the parent view [0.14ms]
Steps  ✓1 / 1  ·  0ms
  └ ● [01:DONE] [9mread[29m
✓ Read src/cli.ts
[DONE] thinking → planning → executing → done · 1 steps · 0s
Evolved to: ●●○○○ Double Helix (DNA) [2/5] (took 1 steps in 0s)
jeo
done
(pass) recentActivity records ledger events with turn-relative timestamps, ANSI-stripped [0.37ms]
Steps  ✓300 / 300  ·  1ms
  · (+288 earlier)
  │ ● [289:DONE] [9mread[29m
  │ ● [290:DONE] [9mread[29m
  │ ● [291:DONE] [9mread[29m
  │ ● [292:DONE] [9mread[29m
  │ ● [293:DONE] [9mread[29m
  │ ● [294:DONE] [9mread[29m
  │ ● [295:DONE] [9mread[29m
  │ ● [296:DONE] [9mread[29m
  │ ● [297:DONE] [9mread[29m
  │ ● [298:DONE] [9mread[29m
  │ ● [299:DONE] [9mread[29m
  └ ● [300:DONE] [9mread[29m
  ● ● ● ● ● ● ● ● ● ● ● ● ● ● ● ● ● ● ● ● ● ● ● ● ● ● ● ● ● ● ● ● ● ● ● ● ● ● ● ● +260
✓ Read f0.ts
✓ Read f1.ts
✓ Read f2.ts
✓ Read f3.ts
✓ Read f4.ts
✓ Read f5.ts
✓ Read f6.ts
✓ Read f7.ts
✓ Read f8.ts
✓ Read f9.ts
✓ Read f10.ts
✓ Read f11.ts
✓ Read f12.ts
✓ Read f13.ts
✓ Read f14.ts
✓ Read f15.ts
✓ Read f16.ts
✓ Read f17.ts
✓ Read f18.ts
✓ Read f19.ts
✓ Read f20.ts
✓ Read f21.ts
✓ Read f22.ts
✓ Read f23.ts
✓ Read f24.ts
✓ Read f25.ts
✓ Read f26.ts
✓ Read f27.ts
✓ Read f28.ts
✓ Read f29.ts
✓ Read f30.ts
✓ Read f31.ts
✓ Read f32.ts
✓ Read f33.ts
✓ Read f34.ts
✓ Read f35.ts
✓ Read f36.ts
✓ Read f37.ts
✓ Read f38.ts
✓ Read f39.ts
✓ Read f40.ts
✓ Read f41.ts
✓ Read f42.ts
✓ Read f43.ts
✓ Read f44.ts
✓ Read f45.ts
✓ Read f46.ts
✓ Read f47.ts
✓ Read f48.ts
✓ Read f49.ts
✓ Read f50.ts
✓ Read f51.ts
✓ Read f52.ts
✓ Read f53.ts
✓ Read f54.ts
✓ Read f55.ts
✓ Read f56.ts
✓ Read f57.ts
✓ Read f58.ts
✓ Read f59.ts
✓ Read f60.ts
✓ Read f61.ts
✓ Read f62.ts
✓ Read f63.ts
✓ Read f64.ts
✓ Read f65.ts
✓ Read f66.ts
✓ Read f67.ts
✓ Read f68.ts
✓ Read f69.ts
✓ Read f70.ts
✓ Read f71.ts
✓ Read f72.ts
✓ Read f73.ts
✓ Read f74.ts
✓ Read f75.ts
✓ Read f76.ts
✓ Read f77.ts
✓ Read f78.ts
✓ Read f79.ts
✓ Read f80.ts
✓ Read f81.ts
✓ Read f82.ts
✓ Read f83.ts
✓ Read f84.ts
✓ Read f85.ts
✓ Read f86.ts
✓ Read f87.ts
✓ Read f88.ts
✓ Read f89.ts
✓ Read f90.ts
✓ Read f91.ts
✓ Read f92.ts
✓ Read f93.ts
✓ Read f94.ts
✓ Read f95.ts
✓ Read f96.ts
✓ Read f97.ts
✓ Read f98.ts
✓ Read f99.ts
✓ Read f100.ts
✓ Read f101.ts
✓ Read f102.ts
✓ Read f103.ts
✓ Read f104.ts
✓ Read f105.ts
✓ Read f106.ts
✓ Read f107.ts
✓ Read f108.ts
✓ Read f109.ts
✓ Read f110.ts
✓ Read f111.ts
✓ Read f112.ts
✓ Read f113.ts
✓ Read f114.ts
✓ Read f115.ts
✓ Read f116.ts
✓ Read f117.ts
✓ Read f118.ts
✓ Read f119.ts
✓ Read f120.ts
✓ Read f121.ts
✓ Read f122.ts
✓ Read f123.ts
✓ Read f124.ts
✓ Read f125.ts
✓ Read f126.ts
✓ Read f127.ts
✓ Read f128.ts
✓ Read f129.ts
✓ Read f130.ts
✓ Read f131.ts
✓ Read f132.ts
✓ Read f133.ts
✓ Read f134.ts
✓ Read f135.ts
✓ Read f136.ts
✓ Read f137.ts
✓ Read f138.ts
✓ Read f139.ts
✓ Read f140.ts
✓ Read f141.ts
✓ Read f142.ts
✓ Read f143.ts
✓ Read f144.ts
✓ Read f145.ts
✓ Read f146.ts
✓ Read f147.ts
✓ Read f148.ts
✓ Read f149.ts
✓ Read f150.ts
✓ Read f151.ts
✓ Read f152.ts
✓ Read f153.ts
✓ Read f154.ts
✓ Read f155.ts
✓ Read f156.ts
✓ Read f157.ts
✓ Read f158.ts
✓ Read f159.ts
✓ Read f160.ts
✓ Read f161.ts
✓ Read f162.ts
✓ Read f163.ts
✓ Read f164.ts
✓ Read f165.ts
✓ Read f166.ts
✓ Read f167.ts
✓ Read f168.ts
✓ Read f169.ts
✓ Read f170.ts
✓ Read f171.ts
✓ Read f172.ts
✓ Read f173.ts
✓ Read f174.ts
✓ Read f175.ts
✓ Read f176.ts
✓ Read f177.ts
✓ Read f178.ts
✓ Read f179.ts
✓ Read f180.ts
✓ Read f181.ts
✓ Read f182.ts
✓ Read f183.ts
✓ Read f184.ts
✓ Read f185.ts
✓ Read f186.ts
✓ Read f187.ts
✓ Read f188.ts
✓ Read f189.ts
✓ Read f190.ts
✓ Read f191.ts
✓ Read f192.ts
✓ Read f193.ts
✓ Read f194.ts
✓ Read f195.ts
✓ Read f196.ts
✓ Read f197.ts
✓ Read f198.ts
✓ Read f199.ts
✓ Read f200.ts
✓ Read f201.ts
✓ Read f202.ts
✓ Read f203.ts
✓ Read f204.ts
✓ Read f205.ts
✓ Read f206.ts
✓ Read f207.ts
✓ Read f208.ts
✓ Read f209.ts
✓ Read f210.ts
✓ Read f211.ts
✓ Read f212.ts
✓ Read f213.ts
✓ Read f214.ts
✓ Read f215.ts
✓ Read f216.ts
✓ Read f217.ts
✓ Read f218.ts
✓ Read f219.ts
✓ Read f220.ts
✓ Read f221.ts
✓ Read f222.ts
✓ Read f223.ts
✓ Read f224.ts
✓ Read f225.ts
✓ Read f226.ts
✓ Read f227.ts
✓ Read f228.ts
✓ Read f229.ts
✓ Read f230.ts
✓ Read f231.ts
✓ Read f232.ts
✓ Read f233.ts
✓ Read f234.ts
✓ Read f235.ts
✓ Read f236.ts
✓ Read f237.ts
✓ Read f238.ts
✓ Read f239.ts
✓ Read f240.ts
✓ Read f241.ts
✓ Read f242.ts
✓ Read f243.ts
✓ Read f244.ts
✓ Read f245.ts
✓ Read f246.ts
✓ Read f247.ts
✓ Read f248.ts
✓ Read f249.ts
✓ Read f250.ts
✓ Read f251.ts
✓ Read f252.ts
✓ Read f253.ts
✓ Read f254.ts
✓ Read f255.ts
✓ Read f256.ts
✓ Read f257.ts
✓ Read f258.ts
✓ Read f259.ts
✓ Read f260.ts
✓ Read f261.ts
✓ Read f262.ts
✓ Read f263.ts
✓ Read f264.ts
✓ Read f265.ts
✓ Read f266.ts
✓ Read f267.ts
✓ Read f268.ts
✓ Read f269.ts
✓ Read f270.ts
✓ Read f271.ts
✓ Read f272.ts
✓ Read f273.ts
✓ Read f274.ts
✓ Read f275.ts
✓ Read f276.ts
✓ Read f277.ts
✓ Read f278.ts
✓ Read f279.ts
✓ Read f280.ts
✓ Read f281.ts
✓ Read f282.ts
✓ Read f283.ts
✓ Read f284.ts
✓ Read f285.ts
✓ Read f286.ts
✓ Read f287.ts
✓ Read f288.ts
✓ Read f289.ts
✓ Read f290.ts
✓ Read f291.ts
✓ Read f292.ts
✓ Read f293.ts
✓ Read f294.ts
✓ Read f295.ts
✓ Read f296.ts
✓ Read f297.ts
✓ Read f298.ts
✓ Read f299.ts
[DONE] thinking → planning → executing → done · 1 steps · 0s
Evolved to: ●●○○○ Double Helix (DNA) [2/5] (took 1 steps in 0s)
jeo
done
(pass) activity ring is bounded and resets per turn [137.51ms]
(pass) parseLineSelector tolerates numeric selectors and rejects junk politely [0.30ms]
(pass) readTool no longer crashes on a numeric lineRange [1.55ms]

test/compaction.test.ts:
(pass) maybeCompact: below threshold with default opts [0.49ms]
(pass) maybeCompact: below threshold with system message [0.17ms]
(pass) maybeCompact: above threshold with system message [0.50ms]
(pass) maybeCompact: above threshold without system message [0.14ms]
[jeo] compaction summary failed (LLM failed); kept 4 recent messages (token-bounded) and dropped 11 older messages.
(pass) maybeCompact: persistent summarizer failure retries then keeps recent verbatim (no placeholder) [602.00ms]
(pass) maybeCompact: force lowers the trigger floor for a small history [0.42ms]
(pass) maybeCompact: compacts short histories when pasted content exceeds the char budget [0.16ms]
(pass) maybeCompact: caps the summarizer input so compaction cannot create a huge prompt [0.16ms]
(pass) maybeCompact: truncates oversized generated summaries before reinserting [0.13ms]
(pass) maybeCompact: force does NOT shred recent message content (regression for force-floor bug) [0.26ms]
(pass) maybeCompact: repeated force-compact on already-compacted history is a no-op [0.19ms]
(pass) maybeCompact: truncates oversized recent messages so char-budget compaction converges [0.61ms]
(pass) maybeCompact: CJK heavy history triggers compaction earlier than ASCII (token estimator check) [38.97ms]
(pass) maybeCompact: system prompt size is included in token budget [19.19ms]
(pass) maybeCompact: an aborted signal is a clean no-op — history is not mutated [0.23ms]

test/search-gitignore.test.ts:
(pass) searchTool: finds nested content even when .gitignore has a `.*` (and bare `*`) glob [4.76ms]
(pass) searchTool: still excludes real ignored dirs (node_modules) and .log files [3.43ms]

test/agents-panel-thinking.test.ts:
(pass) agents panel shows per-role thinking: explicit level or (inherit) [0.17ms]
(pass) agent detail block includes the thinking row (inherit explained) [0.05ms]

test/team-schema.test.ts:
(pass) parseYaml & PlanSchema: validates a well-formed YAML plan [0.16ms]
(pass) parseYaml & PlanSchema: accepts a plan with steps but no top-level name (name is optional) [0.04ms]
(pass) parseYaml & PlanSchema: rejects plan with non-string top-level name [0.05ms]
(pass) parseYaml & PlanSchema: rejects plan missing steps key [0.02ms]
(pass) parseYaml & PlanSchema: rejects steps that do not have a name [0.03ms]
(pass) parseYaml & PlanSchema: rejects steps where name is not a string [0.02ms]
(pass) parseYaml: throws error on malformed/invalid YAML structure [0.03ms]
(pass) normalizePlanShape: tolerates common plan deviations so a valid-enough plan executes [0.08ms]
(pass) PlanSchema: rejects dependency-shaped step keys the serial executor cannot honor [0.14ms]

test/anthropic-stream.test.ts:
(pass) anthropicAdapter.stream: yields text_delta content, ignores other events [0.76ms]
(pass) anthropicAdapter.stream: reports usage ONCE at message_delta (no double-count) [0.21ms]
(pass) anthropicAdapter.call: retries once without temperature when the model deprecates it [0.33ms]
(pass) anthropicAdapter.stream: retries once without temperature for deprecated models [0.22ms]

test/step-timeline.test.ts:
(pass) stepGlyph: state glyphs + animated active spinner, unicode/ascii [0.08ms]
(pass) colorForState: identity when color disabled [0.04ms]
(pass) stateFromToolStatus / stepsFromTools map tool rows to states [0.03ms]
(pass) summarizeSteps counts by state [0.02ms]
(pass) formatStepSummary renders counts / total; ascii fallback [0.04ms]
(pass) formatStepTimeline: numbered, connector gutter, last uses corner [0.05ms]
(pass) formatStepTimeline: ascii connectors + title + empty [0.03ms]
(pass) formatStepTimeline: detail + maxWidth truncation [0.02ms]
(pass) formatDuration: ms / seconds / minutes [0.02ms]
(pass) formatStepHeader: title + summary + elapsed [0.07ms]
(pass) formatStepTimelineCompact: glyph strip + overflow + empty [0.07ms]
(pass) formatProgressBar: ratio fill + count, ascii fallback [0.06ms]
(pass) formatStepTimeline: maxRows keeps recent + (+N earlier); highlightActive bolds active [0.07ms]
(pass) formatStepTimeline: gjc-style visual states when color is on [0.09ms]

test/edit-freshness.test.ts:
(pass) edit after external change is rejected with current content, then retry passes [7.39ms]
(pass) write after external change is rejected once (clobber protection) [6.52ms]
(pass) edit without a prior read is not guarded (back-compat) [0.45ms]
(pass) agent's own edit/write does not trip the guard on the next edit [0.62ms]
(pass) SEARCH mismatch re-presents current content near the anchor (one-retry recovery) [0.53ms]

test/refusal-recovery.test.ts:
(pass) refusal ladder stage 3: project-context guidance is stripped from the system prompt, then the turn recovers [0.34ms]
(pass) refusal ladder: with no project-context block, a third refusal surfaces the friendly error (no extra billed call) [0.13ms]

test/tui-components.test.ts:
(pass) Spinner.next cycles and returns to the first frame after a full loop [0.46ms]
(pass) Default spinner uses braille frames [0.02ms]
(pass) ToolList start->render shows running, finish(ok=true)->ok, finish(ok=false)->FAILED [0.13ms]
(pass) StreamRegion.append then render(width) wraps a >width line and splits on \n [0.03ms]
(pass) StreamRegion.render(width, maxLines) truncates the result to maxLines [0.02ms]
(pass) renderFooter shows model + elapsed + stage tag and never a step counter [0.05ms]
(pass) StreamRegion caps retained lines so memory stays flat over a long session [0.07ms]
(pass) ToolList caps rows but keeps finish() indices stable across front trims [0.04ms]

test/provider-error-taxonomy.test.ts:
(pass) isContextOverflowError: message patterns and 413, but not plain 400s [0.04ms]
(pass) friendlyProviderError: overflow and 404 map to actionable guidance [0.08ms]
(pass) engine: provider overflow triggers ONE trim+retry, then the turn succeeds [0.26ms]
(pass) engine: a second overflow surfaces the friendly error (one-shot recovery) [0.19ms]

test/deep-interview-noninteractive.test.ts:
(pass) nonInteractiveEnv: CI / JEO_NONINTERACTIVE flip auto on even when stdin is a TTY [0.11ms]
(pass) nonInteractiveEnv: falsey / absent values stay interactive [0.02ms]
(pass) inputTimeoutMs: bounded default, env override, and 0 = disabled [0.04ms]

test/monitoring.test.ts:
(pass) renderMonitorView: correctly combines HUD, Evolution, and Analysis [0.30ms]

test/model-manager.test.ts:
(pass) resolveProvider: routing is stable across model id shapes [0.08ms]
(pass) thinkingMaxTokens: maps level → token budget (medium default) [0.01ms]

test/transcript.test.ts:
(pass) formatTranscript folds engine history into user/tool/jeo blocks [0.48ms]
(pass) formatTranscript marks failing tools and skips protocol bounces [0.08ms]
(pass) formatTranscript maxTurns keeps only the last n exchanges with a hidden marker [0.10ms]
(pass) formatTranscript clips long bodies and handles empty history [0.06ms]
(pass) formatTranscript renders BATCHED tool calls as ledger lines, not raw JSON (/resume fix) [0.12ms]
(pass) formatTranscript renders a ```json-FENCED tool call as a card, not raw JSON (/resume fix) [0.10ms]
(pass) formatTranscript keeps a prose reply that merely CONTAINS a JSON snippet [0.03ms]

test/workflow-state-cache.test.ts:
(pass) workflow-state cache: write→read, cross-process change detected, clear invalidates [27.10ms]

test/model-recency.test.ts:
(pass) pushRecentModel: newest first, deduped, capped [0.10ms]
(pass) rememberModelPatch: sets defaultModel and the recents head together [0.03ms]
(pass) recentModelsForDisplay: default always leads, even with a stale/empty list [0.02ms]

test/duration.test.ts:
(pass) formatDuration: sub-minute stays in seconds [0.52ms]
(pass) formatDuration: minute-first past 60s (the 105s case) [0.04ms]
(pass) formatDuration: hours [0.02ms]
(pass) formatTokenCount: unit scaling [0.03ms]
(pass) formatUsage: composed line and empty cases [0.02ms]

test/autocomplete.test.ts:
(pass) tokenize tracks tokens + trailing space [0.03ms]
(pass) non-slash input is not completed [0.06ms]
(pass) @path mentions complete in free-text mode [0.14ms]
(pass) completes the slash command name by prefix [0.02ms]
(pass) completes dynamic skill slash command aliases from context [0.02ms]
(pass) /model completes live models first, then aliases, then catalog [0.12ms]
(pass) /model #N is not completed (numbered pick) [0.02ms]
(pass) /fast completes fast-mode subcommands [0.03ms]
(pass) /provider completes login/auth + names, then that provider's live models [0.03ms]
(pass) /logout completes cloud provider names [0.01ms]
(pass) /agents and /model subagent complete role ids, models, thinking, and maxSteps keywords [0.09ms]
(pass) formatCompletionPreview lists argument completions after slash commands [0.06ms]
(pass) formatCompletionPreview shows path suggestions for @mentions [0.02ms]
(pass) formatCompletionPreview stays empty for keyword-only slash probes [0.03ms]
(pass) /roles completes tier then live/catalog models [0.03ms]
(pass) /thinking completes the five levels [0.03ms]
(pass) commonPrefix returns the longest shared prefix [0.05ms]
(pass) readlineCompleter returns [hits, token]; whole line when no hits [0.04ms]
(pass) staticCompletionContext is wired to the real registries [0.02ms]
(pass) /session completes its subcommands [0.03ms]
(pass) /theme completes the bundled theme names [0.05ms]
(pass) /login completes the OAuth-capable cloud providers [0.02ms]
(pass) /export completes format keywords for the first two args [0.02ms]
(pass) staticCompletionContext includes the gjc-parity commands [0.02ms]
(pass) $skill mention completes at any position in the line [0.04ms]
(pass) /command mention completes mid-line against the plugin command list [0.03ms]

test/streaming-reasoning.test.ts:
(pass) buildToolProtocol invites an optional reasoning field (streamed to the user) [0.07ms]
(pass) LaunchTui: streams the model's reasoning live, then flushes it once to scrollback [1.45ms]
(pass) LaunchTui: onModelStream with no reasoning field renders nothing extra [0.31ms]
(pass) LaunchTui: streams native thinking live, then persists it under a jeo label on commit [0.42ms]

test/launch-skill-native.test.ts:
╭─── jeo v0.6.3 · JEO forge ─────────────────────────────────────────────────╮
│                                                                            │
│                                 Jeo forge                                  │
│                            evolve · act · prove                            │
│                                                                            │
│                          [38;2;45;196;193m◆[38;2;50;200;203m◆                    [38;2;92;110;157m◆[38;2;81;119;153m◆      [0m                    │
│                       [38;2;42;194;188m╭[38;2;47;198;198m─[38;2;52;202;208m─[38;2;57;206;218m╯[38;2;61;210;228m╰[38;2;66;214;239m─[38;2;71;218;249m─[38;2;77;209;246m╮              [38;2;98;105;159m╭[38;2;87;114;155m─[38;2;76;123;152m─[38;2;65;131;148m╯[38;2;54;140;144m╰[38;2;44;149;141m─[38;2;33;158;137m─[38;2;22;167;134m╮   [0m                    │
│                      [38;2;49;200;202m╭[38;2;54;204;213m╯      [38;2;91;177;229m╰[38;2;97;164;223m╮   [38;2;121;112;196m╲[38;2;127;99;189m╲  [38;2;136;73;171m╱[38;2;125;82;167m╱   [38;2;82;118;153m╭[38;2;71;127;150m╯      [38;2;25;180;151m╰[38;2;30;184;162m╮  [0m                    │
│                     [38;2;56;206;217m╭[38;2;61;210;227m╯        [38;2;112;132;206m║    [38;2;142;68;173m╲[38;2;131;77;169m╳[38;2;120;86;166m╳[38;2;109;95;162m╱    [38;2;55;139;145m║        [38;2;42;194;187m╰[38;2;46;198;197m╮ [0m                    │
│                     [38;2;68;216;242m║         [38;2;127;101;190m║     [38;2;105;99;161m╳[38;2;94;108;157m╳     [38;2;29;161;136m║         [38;2;58;207;222m║ [0m                    │
│                     [38;2;82;199;240m║         [38;2;142;69;174m║    [38;2;89;112;156m╱[38;2;78;121;152m╳[38;2;67;130;149m╳[38;2;57;139;145m╲    [38;2;22;177;145m║         [38;2;70;217;247m║ [0m                    │
│                     [38;2;96;167;224m╰[38;2;102;154;217m╮        [38;2;116;89;165m║   [38;2;73;125;151m╱[38;2;62;134;147m╱  [38;2;30;160;137m╲[38;2;19;169;133m╲   [38;2;34;187;170m║        [38;2;78;206;244m╭[38;2;84;193;237m╯ [0m                    │
│                      [38;2;117;122;201m╰[38;2;123;109;194m╮       [38;2;90;111;156m║   [38;2;47;147;142m╲[38;2;36;156;139m╲  [38;2;22;177;144m╱[38;2;26;181;154m╱   [38;2;46;197;195m║       [38;2;87;187;234m╭[38;2;93;174;228m╯  [0m                    │
│                       [38;2;138;77;178m╰[38;2;139;70;172m─[38;2;128;79;169m─[38;2;118;88;165m╮    [38;2;64;133;147m║    [38;2;19;174;138m╲[38;2;24;178;148m╳[38;2;28;182;159m╳[38;2;33;187;169m╱    [38;2;57;207;220m║    [38;2;84;194;238m╭[38;2;90;181;231m─[38;2;96;168;225m─[38;2;102;155;218m╯   [0m                    │
│                          [38;2;91;110;156m╰[38;2;80;119;153m═[38;2;69;128;149m═[38;2;59;137;146m═[38;2;48;146;142m═[38;2;37;155;139m○     [38;2;35;188;173m╳[38;2;40;192;184m╳     [38;2;69;217;245m○[38;2;74;214;248m═[38;2;80;201;242m═[38;2;86;188;235m═[38;2;92;175;228m═[38;2;98;162;222m╯      [0m                    │
│                               [38;2;18;174;137m║    [38;2;42;194;188m╱[38;2;47;198;198m╳[38;2;52;202;209m╳[38;2;57;206;219m╲    [38;2;83;195;239m║           [0m                    │
│                            [38;2;17;172;132m[ [38;2;25;180;152mD [38;2;35;188;172mN [38;2;45;196;193mA [38;2;54;204;213m· [38;2;64;212;233mC [38;2;74;215;249mL [38;2;86;189;236mA [38;2;98;164;222mW [38;2;110;138;209m]         [0m                    │
│                                                                            │
│                [ ◆ antigravity/gemini-3.5-flash-extra-low ]                │
│                             [ ◇ antigravity ]                              │
│                                                                            │
╰────────────────────────────────────────────────────────────────────────────╯
(plain output)
[?2004h










[11A[1G[1G[1G[2K[38;2;235;235;235m[48;2;66;166;186m [48;2;75;171;190m⬢[48;2;82;177;194m [48;2;89;181;198ma[48;2;96;186;201mn[48;2;101;189;204mt[48;2;106;193;206mi[48;2;110;195;208mg[48;2;113;198;210mr[48;2;114;199;211ma[48;2;115;201;212mv[48;2;115;202;213mi[48;2;114;203;213mt[48;2;112;203;214my[48;2;109;203;213m/[48;2;105;203;213mg[48;2;100;202;212me[48;2;94;202;211mm[48;2;87;201;210mi[48;2;80;199;208mn[48;2;73;198;206mi[48;2;64;197;205m-[48;2;55;196;203m3[48;2;46;194;201m.[48;2;36;193;199m5[48;2;26;191;197m-[48;2;15;189;194mf[48;2;5;188;191ml[48;2;2;188;192ma[48;2;2;189;191ms[48;2;2;190;191mh[48;2;2;192;191m-[48;2;2;192;191me[48;2;3;194;191mx[48;2;3;194;190mt[48;2;3;195;191mr[48;2;3;196;190ma[48;2;3;196;189m-[48;2;3;197;188ml[48;2;3;197;188mo[48;2;3;198;187mw[48;2;3;198;186m [48;2;3;198;185m·[48;2;3;198;184m [48;2;3;198;183m◔[48;2;4;198;181m [48;2;4;198;181mx[48;2;4;198;179mh[48;2;4;197;178mi[48;2;4;197;176mg[48;2;4;197;175mh[48;2;4;197;173m [48;2;4;195;171m/[48;2;4;194;169m [48;2;4;194;168m⑂[48;2;4;193;166m [48;2;4;192;164md[48;2;4;191;163me[48;2;5;191;161mv[48;2;5;189;159m [48;2;5;187;156m/[48;2;5;187;155m [48;2;4;185;153m▸[48;2;4;184;150m [48;2;4;182;148m…[48;2;4;181;147mc[48;2;4;179;144mt[48;2;4;178;142ms[48;2;4;176;140m/[48;2;4;174;138mj[48;2;4;173;135me[48;2;11;173;136mo[48;2;22;175;140m-[48;2;32;177;143mc[48;2;42;179;146mo[48;2;51;181;149md[48;2;61;183;152me[48;2;69;185;155m [0m [1B[1G[2K[1B[1G[2K╭─────────────────────────────────────────────────────────────────────────────╮[1B[1G[2K│> Type your message...                                                       │[1B[1G[2K╰─────────────────────────────────────────────────────────────────────────────╯[1B[1G[2K[1B[1G[2K[1B[1G[2K[1B[1G[2K[1B[1G[2K[1B[1G[2K[1B[1G[2K[11A[1G[3B[4G[?25h[3A[1G[1G[2K[38;2;235;235;235m[48;2;64;165;185m [48;2;73;171;190m⬢[48;2;81;176;194m [48;2;88;180;197ma[48;2;94;185;200mn[48;2;100;189;203mt[48;2;105;192;206mi[48;2;109;195;208mg[48;2;112;198;210mr[48;2;114;199;211ma[48;2;115;201;212mv[48;2;115;202;213mi[48;2;114;203;213mt[48;2;112;203;214my[48;2;109;203;213m/[48;2;106;203;213mg[48;2;101;203;212me[48;2;95;202;211mm[48;2;89;201;210mi[48;2;82;200;209mn[48;2;75;199;207mi[48;2;66;197;206m-[48;2;57;196;203m3[48;2;48;194;201m.[48;2;38;193;200m5[48;2;28;191;197m-[48;2;17;189;195mf[48;2;7;188;192ml[48;2;2;188;192ma[48;2;2;189;191ms[48;2;2;190;191mh[48;2;2;192;191m-[48;2;2;192;191me[48;2;3;194;191mx[48;2;3;194;190mt[48;2;3;195;191mr[48;2;3;196;190ma[48;2;3;196;189m-[48;2;3;197;188ml[48;2;3;197;188mo[48;2;3;198;187mw[48;2;3;198;186m [48;2;3;198;185m·[48;2;3;198;184m [48;2;3;198;183m◔[48;2;4;198;181m [48;2;4;198;181mx[48;2;4;198;179mh[48;2;4;197;178mi[48;2;4;197;176mg[48;2;4;197;175mh[48;2;4;197;173m [48;2;4;195;171m/[48;2;4;194;169m [48;2;4;194;168m⑂[48;2;4;193;166m [48;2;4;192;164md[48;2;4;191;163me[48;2;5;191;161mv[48;2;5;189;159m [48;2;5;187;156m?[48;2;5;187;155m1[48;2;4;185;153m [48;2;4;184;150m/[48;2;4;182;148m [48;2;4;181;147m▸[48;2;4;179;144m [48;2;4;178;142m…[48;2;4;176;140m/[48;2;4;174;138mj[48;2;4;173;135me[48;2;9;172;135mo[48;2;20;175;139m-[48;2;30;176;141mc[48;2;40;179;144mo[48;2;49;180;147md[48;2;59;183;151me[48;2;68;184;154m [0m [1B[1G[2K[1B[1G[2K╭─────────────────────────────────────────────────────────────────────────────╮[1B[1G[2K│> Type your message...                                                       │[1B[1G[2K╰─────────────────────────────────────────────────────────────────────────────╯[1B[1G[2K[1B[1G[2K[1B[1G[2K[1B[1G[2K[1B[1G[2K[1B[1G[2K[1B[1G[2K[11A[1G[3B[4G[?25h[3A[1G[2K[1B[1G[2K[1B[1G[2K[1B[1G[2K[1B[1G[2K[1B[1G[2K[1B[1G[2K[1B[1G[2K[1B[1G[2K[1B[1G[2K[1B[1G[2K[1B[1G[2K[11A[1G[?25h╭── [skill] ─────────────────────────────────────────────────────────────────╮
│ Skill: deep-interview                                                      │
│ ├─ path: (bundled) src/prompts/skills/deep-interview/SKILL.md              │
│ ├─ intent: design a compiler                                               │
│ └─ prompt: 10 lines                                                        │
╰────────────────────────────────────────────────────────────────────────────╯











[11A[1G[1G[1G[2K[38;2;235;235;235m[48;2;64;165;185m [48;2;73;170;189m⬢[48;2;80;176;194m [48;2;88;180;197ma[48;2;94;185;200mn[48;2;100;189;203mt[48;2;105;192;206mi[48;2;109;195;208mg[48;2;112;197;210mr[48;2;114;199;211ma[48;2;115;201;212mv[48;2;115;202;213mi[48;2;114;203;213mt[48;2;112;203;214my[48;2;109;203;213m/[48;2;106;203;213mg[48;2;101;203;212me[48;2;95;202;211mm[48;2;89;201;210mi[48;2;82;200;209mn[48;2;75;199;207mi[48;2;66;197;206m-[48;2;57;196;204m3[48;2;48;194;201m.[48;2;38;193;200m5[48;2;28;191;197m-[48;2;18;189;195mf[48;2;7;188;192ml[48;2;2;188;192ma[48;2;2;189;191ms[48;2;2;190;191mh[48;2;2;192;191m-[48;2;2;192;191me[48;2;3;194;191mx[48;2;3;194;190mt[48;2;3;195;191mr[48;2;3;196;190ma[48;2;3;196;189m-[48;2;3;197;188ml[48;2;3;197;188mo[48;2;3;198;187mw[48;2;3;198;186m [48;2;3;198;185m·[48;2;3;198;184m [48;2;3;198;183m◔[48;2;4;198;181m [48;2;4;198;181mx[48;2;4;198;179mh[48;2;4;197;178mi[48;2;4;197;176mg[48;2;4;197;175mh[48;2;4;197;173m [48;2;4;195;171m/[48;2;4;194;169m [48;2;4;194;168m⑂[48;2;4;193;166m [48;2;4;192;164md[48;2;4;191;163me[48;2;5;191;161mv[48;2;5;189;159m [48;2;5;187;156m?[48;2;5;187;155m1[48;2;4;185;153m [48;2;4;184;150m/[48;2;4;182;148m [48;2;4;181;147m▸[48;2;4;179;144m [48;2;4;178;142m…[48;2;4;176;140m/[48;2;4;174;138mj[48;2;4;173;135me[48;2;9;172;135mo[48;2;19;175;138m-[48;2;29;176;141mc[48;2;39;179;144mo[48;2;49;180;147md[48;2;59;183;151me[48;2;67;184;154m [0m [1B[1G[2K[1B[1G[2K╭─────────────────────────────────────────────────────────────────────────────╮[1B[1G[2K│> Type your message...                                                       │[1B[1G[2K╰─────────────────────────────────────────────────────────────────────────────╯[1B[1G[2K[1B[1G[2K[1B[1G[2K[1B[1G[2K[1B[1G[2K[1B[1G[2K[1B[1G[2K[11A[1G[3B[4G[?25h[3A[1G[1G[2K[38;2;235;235;235m[48;2;63;164;185m [48;2;71;170;189m⬢[48;2;79;175;193m [48;2;87;180;197ma[48;2;93;185;200mn[48;2;99;188;203mt[48;2;104;192;206mi[48;2;108;195;208mg[48;2;112;197;209mr[48;2;114;199;211ma[48;2;115;201;212mv[48;2;115;202;213mi[48;2;114;203;213mt[48;2;113;203;214my[48;2;110;203;214m/[48;2;106;204;213mg[48;2;102;203;212me[48;2;96;203;212mm[48;2;90;201;210mi[48;2;83;200;209mn[48;2;76;199;207mi[48;2;68;198;206m-[48;2;59;197;204m3[48;2;50;195;202m.[48;2;40;194;200m5[48;2;30;192;198m-[48;2;19;190;195mf[48;2;9;189;192ml[48;2;2;188;192ma[48;2;2;189;191ms[48;2;2;190;191mh[48;2;2;192;191m-[48;2;2;192;191me[48;2;3;194;191mx[48;2;3;194;190mt[48;2;3;195;191mr[48;2;3;196;190ma[48;2;3;196;189m-[48;2;3;197;188ml[48;2;3;197;188mo[48;2;3;198;187mw[48;2;3;198;186m [48;2;3;198;185m·[48;2;3;198;184m [48;2;3;198;183m◔[48;2;4;198;181m [48;2;4;198;181mx[48;2;4;198;179mh[48;2;4;197;178mi[48;2;4;197;176mg[48;2;4;197;175mh[48;2;4;197;173m [48;2;4;195;171m/[48;2;4;194;169m [48;2;4;194;168m⑂[48;2;4;193;166m [48;2;4;192;164md[48;2;4;191;163me[48;2;5;191;161mv[48;2;5;189;159m [48;2;5;187;156m?[48;2;5;187;155m1[48;2;4;185;153m [48;2;4;184;150m/[48;2;4;182;148m [48;2;4;181;147m▸[48;2;4;179;144m [48;2;4;178;142m…[48;2;4;176;140m/[48;2;4;174;138mj[48;2;4;173;135me[48;2;7;172;134mo[48;2;18;174;138m-[48;2;28;176;141mc[48;2;38;178;144mo[48;2;48;180;147md[48;2;57;182;150me[48;2;66;184;153m [0m [1B[1G[2K[1B[1G[2K╭─────────────────────────────────────────────────────────────────────────────╮[1B[1G[2K│> Type your message...                                                       │[1B[1G[2K╰─────────────────────────────────────────────────────────────────────────────╯[1B[1G[2K[1B[1G[2K[1B[1G[2K[1B[1G[2K[1B[1G[2K[1B[1G[2K[1B[1G[2K[11A[1G[3B[4G[?25h[3A[1G[2K[1B[1G[2K[1B[1G[2K[1B[1G[2K[1B[1G[2K[1B[1G[2K[1B[1G[2K[1B[1G[2K[1B[1G[2K[1B[1G[2K[1B[1G[2K[1B[1G[2K[11A[1G[?25h(pass) launch workflow skill routing deep-interview [138.15ms]
╭─── jeo v0.6.3 · JEO forge ─────────────────────────────────────────────────╮
│                                                                            │
│                                 Jeo forge                                  │
│                            evolve · act · prove                            │
│                                                                            │
│                          [38;2;45;196;193m◆[38;2;50;200;203m◆                    [38;2;92;110;157m◆[38;2;81;119;153m◆      [0m                    │
│                       [38;2;42;194;188m╭[38;2;47;198;198m─[38;2;52;202;208m─[38;2;57;206;218m╯[38;2;61;210;228m╰[38;2;66;214;239m─[38;2;71;218;249m─[38;2;77;209;246m╮              [38;2;98;105;159m╭[38;2;87;114;155m─[38;2;76;123;152m─[38;2;65;131;148m╯[38;2;54;140;144m╰[38;2;44;149;141m─[38;2;33;158;137m─[38;2;22;167;134m╮   [0m                    │
│                      [38;2;49;200;202m╭[38;2;54;204;213m╯      [38;2;91;177;229m╰[38;2;97;164;223m╮   [38;2;121;112;196m╲[38;2;127;99;189m╲  [38;2;136;73;171m╱[38;2;125;82;167m╱   [38;2;82;118;153m╭[38;2;71;127;150m╯      [38;2;25;180;151m╰[38;2;30;184;162m╮  [0m                    │
│                     [38;2;56;206;217m╭[38;2;61;210;227m╯        [38;2;112;132;206m║    [38;2;142;68;173m╲[38;2;131;77;169m╳[38;2;120;86;166m╳[38;2;109;95;162m╱    [38;2;55;139;145m║        [38;2;42;194;187m╰[38;2;46;198;197m╮ [0m                    │
│                     [38;2;68;216;242m║         [38;2;127;101;190m║     [38;2;105;99;161m╳[38;2;94;108;157m╳     [38;2;29;161;136m║         [38;2;58;207;222m║ [0m                    │
│                     [38;2;82;199;240m║         [38;2;142;69;174m║    [38;2;89;112;156m╱[38;2;78;121;152m╳[38;2;67;130;149m╳[38;2;57;139;145m╲    [38;2;22;177;145m║         [38;2;70;217;247m║ [0m                    │
│                     [38;2;96;167;224m╰[38;2;102;154;217m╮        [38;2;116;89;165m║   [38;2;73;125;151m╱[38;2;62;134;147m╱  [38;2;30;160;137m╲[38;2;19;169;133m╲   [38;2;34;187;170m║        [38;2;78;206;244m╭[38;2;84;193;237m╯ [0m                    │
│                      [38;2;117;122;201m╰[38;2;123;109;194m╮       [38;2;90;111;156m║   [38;2;47;147;142m╲[38;2;36;156;139m╲  [38;2;22;177;144m╱[38;2;26;181;154m╱   [38;2;46;197;195m║       [38;2;87;187;234m╭[38;2;93;174;228m╯  [0m                    │
│                       [38;2;138;77;178m╰[38;2;139;70;172m─[38;2;128;79;169m─[38;2;118;88;165m╮    [38;2;64;133;147m║    [38;2;19;174;138m╲[38;2;24;178;148m╳[38;2;28;182;159m╳[38;2;33;187;169m╱    [38;2;57;207;220m║    [38;2;84;194;238m╭[38;2;90;181;231m─[38;2;96;168;225m─[38;2;102;155;218m╯   [0m                    │
│                          [38;2;91;110;156m╰[38;2;80;119;153m═[38;2;69;128;149m═[38;2;59;137;146m═[38;2;48;146;142m═[38;2;37;155;139m○     [38;2;35;188;173m╳[38;2;40;192;184m╳     [38;2;69;217;245m○[38;2;74;214;248m═[38;2;80;201;242m═[38;2;86;188;235m═[38;2;92;175;228m═[38;2;98;162;222m╯      [0m                    │
│                               [38;2;18;174;137m║    [38;2;42;194;188m╱[38;2;47;198;198m╳[38;2;52;202;209m╳[38;2;57;206;219m╲    [38;2;83;195;239m║           [0m                    │
│                            [38;2;17;172;132m[ [38;2;25;180;152mD [38;2;35;188;172mN [38;2;45;196;193mA [38;2;54;204;213m· [38;2;64;212;233mC [38;2;74;215;249mL [38;2;86;189;236mA [38;2;98;164;222mW [38;2;110;138;209m]         [0m                    │
│                                                                            │
│                [ ◆ antigravity/gemini-3.5-flash-extra-low ]                │
│                             [ ◇ antigravity ]                              │
│                                                                            │
╰────────────────────────────────────────────────────────────────────────────╯
(plain output)
[?2004h










[11A[1G[1G[1G[2K[38;2;235;235;235m[48;2;44;156;178m [48;2;54;162;183m⬢[48;2;63;168;188m [48;2;72;173;192ma[48;2;80;179;195mn[48;2;87;183;199mt[48;2;94;187;202mi[48;2;100;191;205mg[48;2;105;195;207mr[48;2;109;197;209ma[48;2;112;199;211mv[48;2;114;202;213mi[48;2;115;203;213mt[48;2;115;204;215my[48;2;114;205;215m/[48;2;113;206;215mg[48;2;110;206;214me[48;2;106;206;214mm[48;2;102;205;213mi[48;2;96;204;212mn[48;2;90;204;211mi[48;2;83;202;210m-[48;2;76;202;208m3[48;2;67;200;206m.[48;2;58;199;205m5[48;2;49;197;203m-[48;2;39;195;200mf[48;2;29;194;198ml[48;2;19;192;196ma[48;2;8;191;193ms[48;2;2;190;191mh[48;2;2;192;191m-[48;2;2;192;191me[48;2;3;194;191mx[48;2;3;194;190mt[48;2;3;195;191mr[48;2;3;196;190ma[48;2;3;196;189m-[48;2;3;197;188ml[48;2;3;197;188mo[48;2;3;198;187mw[48;2;3;198;186m [48;2;3;198;185m·[48;2;3;198;184m [48;2;3;198;183m◔[48;2;4;198;181m [48;2;4;198;181mx[48;2;4;198;179mh[48;2;4;197;178mi[48;2;4;197;176mg[48;2;4;197;175mh[48;2;4;197;173m [48;2;4;195;171m/[48;2;4;194;169m [48;2;4;194;168m⑂[48;2;4;193;166m [48;2;4;192;164md[48;2;4;191;163me[48;2;5;191;161mv[48;2;5;189;159m [48;2;5;187;156m/[48;2;5;187;155m [48;2;4;185;153m▸[48;2;4;184;150m [48;2;4;182;148m…[48;2;4;181;147mc[48;2;4;179;144mt[48;2;4;178;142ms[48;2;4;176;140m/[48;2;4;174;138mj[48;2;4;173;135me[48;2;5;171;133mo[48;2;5;170;131m-[48;2;8;169;130mc[48;2;18;171;133mo[48;2;28;173;136md[48;2;38;175;140me[48;2;48;177;143m [0m [1B[1G[2K[1B[1G[2K╭─────────────────────────────────────────────────────────────────────────────╮[1B[1G[2K│> Type your message...                                                       │[1B[1G[2K╰─────────────────────────────────────────────────────────────────────────────╯[1B[1G[2K[1B[1G[2K[1B[1G[2K[1B[1G[2K[1B[1G[2K[1B[1G[2K[1B[1G[2K[11A[1G[3B[4G[?25h[3A[1G[1G[2K[38;2;235;235;235m[48;2;42;155;177m [48;2;52;161;182m⬢[48;2;61;167;187m [48;2;70;172;191ma[48;2;78;178;195mn[48;2;86;182;198mt[48;2;92;187;202mi[48;2;99;191;205mg[48;2;104;194;207mr[48;2;108;197;209ma[48;2;111;199;211mv[48;2;114;201;212mi[48;2;115;203;213mt[48;2;115;204;215my[48;2;115;205;215m/[48;2;113;206;215mg[48;2;110;206;215me[48;2;107;206;215mm[48;2;103;205;214mi[48;2;97;205;213mn[48;2;92;204;211mi[48;2;85;203;210m-[48;2;77;202;209m3[48;2;69;201;207m.[48;2;60;200;205m5[48;2;51;198;203m-[48;2;41;196;201mf[48;2;31;195;198ml[48;2;21;193;196ma[48;2;10;192;194ms[48;2;2;190;191mh[48;2;2;192;191m-[48;2;2;192;191me[48;2;3;194;191mx[48;2;3;194;190mt[48;2;3;195;191mr[48;2;3;196;190ma[48;2;3;196;189m-[48;2;3;197;188ml[48;2;3;197;188mo[48;2;3;198;187mw[48;2;3;198;186m [48;2;3;198;185m·[48;2;3;198;184m [48;2;3;198;183m◔[48;2;4;198;181m [48;2;4;198;181mx[48;2;4;198;179mh[48;2;4;197;178mi[48;2;4;197;176mg[48;2;4;197;175mh[48;2;4;197;173m [48;2;4;195;171m/[48;2;4;194;169m [48;2;4;194;168m⑂[48;2;4;193;166m [48;2;4;192;164md[48;2;4;191;163me[48;2;5;191;161mv[48;2;5;189;159m [48;2;5;187;156m?[48;2;5;187;155m1[48;2;4;185;153m [48;2;4;184;150m/[48;2;4;182;148m [48;2;4;181;147m▸[48;2;4;179;144m [48;2;4;178;142m…[48;2;4;176;140m/[48;2;4;174;138mj[48;2;4;173;135me[48;2;5;171;133mo[48;2;5;170;131m-[48;2;6;168;129mc[48;2;16;170;132mo[48;2;26;172;135md[48;2;36;174;139me[48;2;46;176;142m [0m [1B[1G[2K[1B[1G[2K╭─────────────────────────────────────────────────────────────────────────────╮[1B[1G[2K│> Type your message...                                                       │[1B[1G[2K╰─────────────────────────────────────────────────────────────────────────────╯[1B[1G[2K[1B[1G[2K[1B[1G[2K[1B[1G[2K[1B[1G[2K[1B[1G[2K[1B[1G[2K[11A[1G[3B[4G[?25h[3A[1G[2K[1B[1G[2K[1B[1G[2K[1B[1G[2K[1B[1G[2K[1B[1G[2K[1B[1G[2K[1B[1G[2K[1B[1G[2K[1B[1G[2K[1B[1G[2K[1B[1G[2K[11A[1G[?25h╭── [skill] ─────────────────────────────────────────────────────────────────╮
│ Skill: ralplan                                                             │
│ ├─ path: /Users/jangyoung/.agents/skills/ralplan/SKILL.md                  │
│ └─ prompt: 25 lines                                                        │
╰────────────────────────────────────────────────────────────────────────────╯











[11A[1G[1G[1G[2K[38;2;235;235;235m[48;2;42;155;177m [48;2;52;161;182m⬢[48;2;61;167;187m [48;2;70;172;191ma[48;2;78;178;195mn[48;2;85;182;198mt[48;2;92;187;202mi[48;2;99;190;205mg[48;2;104;194;207mr[48;2;108;197;209ma[48;2;111;199;211mv[48;2;113;201;212mi[48;2;115;203;213mt[48;2;115;204;215my[48;2;115;205;215m/[48;2;113;206;215mg[48;2;111;206;215me[48;2;107;206;215mm[48;2;103;206;214mi[48;2;97;205;213mn[48;2;92;204;211mi[48;2;85;203;210m-[48;2;77;202;209m3[48;2;69;201;207m.[48;2;60;200;205m5[48;2;51;198;203m-[48;2;41;196;201mf[48;2;31;195;198ml[48;2;21;193;196ma[48;2;11;192;194ms[48;2;2;190;191mh[48;2;2;192;191m-[48;2;2;192;191me[48;2;3;194;191mx[48;2;3;194;190mt[48;2;3;195;191mr[48;2;3;196;190ma[48;2;3;196;189m-[48;2;3;197;188ml[48;2;3;197;188mo[48;2;3;198;187mw[48;2;3;198;186m [48;2;3;198;185m·[48;2;3;198;184m [48;2;3;198;183m◔[48;2;4;198;181m [48;2;4;198;181mx[48;2;4;198;179mh[48;2;4;197;178mi[48;2;4;197;176mg[48;2;4;197;175mh[48;2;4;197;173m [48;2;4;195;171m/[48;2;4;194;169m [48;2;4;194;168m⑂[48;2;4;193;166m [48;2;4;192;164md[48;2;4;191;163me[48;2;5;191;161mv[48;2;5;189;159m [48;2;5;187;156m?[48;2;5;187;155m1[48;2;4;185;153m [48;2;4;184;150m/[48;2;4;182;148m [48;2;4;181;147m▸[48;2;4;179;144m [48;2;4;178;142m…[48;2;4;176;140m/[48;2;4;174;138mj[48;2;4;173;135me[48;2;5;171;133mo[48;2;5;170;131m-[48;2;5;168;129mc[48;2;16;170;132mo[48;2;26;172;135md[48;2;36;174;139me[48;2;46;176;142m [0m [1B[1G[2K[1B[1G[2K╭─────────────────────────────────────────────────────────────────────────────╮[1B[1G[2K│> Type your message...                                                       │[1B[1G[2K╰─────────────────────────────────────────────────────────────────────────────╯[1B[1G[2K[1B[1G[2K[1B[1G[2K[1B[1G[2K[1B[1G[2K[1B[1G[2K[1B[1G[2K[11A[1G[3B[4G[?25h[3A[1G[1G[2K[38;2;235;235;235m[48;2;40;154;177m [48;2;50;160;181m⬢[48;2;60;166;187m [48;2;68;172;191ma[48;2;77;177;194mn[48;2;84;182;198mt[48;2;91;186;202mi[48;2;98;190;204mg[48;2;103;194;207mr[48;2;107;197;209ma[48;2;111;199;211mv[48;2;113;201;212mi[48;2;115;203;213mt[48;2;115;204;215my[48;2;115;205;215m/[48;2;113;206;215mg[48;2;111;206;215me[48;2;108;206;215mm[48;2;103;206;214mi[48;2;98;205;213mn[48;2;93;205;212mi[48;2;86;203;211m-[48;2;79;203;209m3[48;2;71;201;207m.[48;2;62;200;206m5[48;2;53;198;204m-[48;2;43;196;201mf[48;2;33;195;199ml[48;2;23;193;197ma[48;2;12;192;194ms[48;2;2;190;191mh[48;2;2;192;191m-[48;2;2;192;191me[48;2;3;194;191mx[48;2;3;194;190mt[48;2;3;195;191mr[48;2;3;196;190ma[48;2;3;196;189m-[48;2;3;197;188ml[48;2;3;197;188mo[48;2;3;198;187mw[48;2;3;198;186m [48;2;3;198;185m·[48;2;3;198;184m [48;2;3;198;183m◔[48;2;4;198;181m [48;2;4;198;181mx[48;2;4;198;179mh[48;2;4;197;178mi[48;2;4;197;176mg[48;2;4;197;175mh[48;2;4;197;173m [48;2;4;195;171m/[48;2;4;194;169m [48;2;4;194;168m⑂[48;2;4;193;166m [48;2;4;192;164md[48;2;4;191;163me[48;2;5;191;161mv[48;2;5;189;159m [48;2;5;187;156m?[48;2;5;187;155m1[48;2;4;185;153m [48;2;4;184;150m/[48;2;4;182;148m [48;2;4;181;147m▸[48;2;4;179;144m [48;2;4;178;142m…[48;2;4;176;140m/[48;2;4;174;138mj[48;2;4;173;135me[48;2;5;171;133mo[48;2;5;170;131m-[48;2;5;168;129mc[48;2;14;170;131mo[48;2;24;171;134md[48;2;34;174;138me[48;2;44;175;141m [0m [1B[1G[2K[1B[1G[2K╭─────────────────────────────────────────────────────────────────────────────╮[1B[1G[2K│> Type your message...                                                       │[1B[1G[2K╰─────────────────────────────────────────────────────────────────────────────╯[1B[1G[2K[1B[1G[2K[1B[1G[2K[1B[1G[2K[1B[1G[2K[1B[1G[2K[1B[1G[2K[11A[1G[3B[4G[?25h[3A[1G[2K[1B[1G[2K[1B[1G[2K[1B[1G[2K[1B[1G[2K[1B[1G[2K[1B[1G[2K[1B[1G[2K[1B[1G[2K[1B[1G[2K[1B[1G[2K[1B[1G[2K[11A[1G[?25h(pass) launch workflow skill routing ralplan [136.40ms]
╭─── jeo v0.6.3 · JEO forge ─────────────────────────────────────────────────╮
│                                                                            │
│                                 Jeo forge                                  │
│                            evolve · act · prove                            │
│                                                                            │
│                          [38;2;45;196;193m◆[38;2;50;200;203m◆                    [38;2;92;110;157m◆[38;2;81;119;153m◆      [0m                    │
│                       [38;2;42;194;188m╭[38;2;47;198;198m─[38;2;52;202;208m─[38;2;57;206;218m╯[38;2;61;210;228m╰[38;2;66;214;239m─[38;2;71;218;249m─[38;2;77;209;246m╮              [38;2;98;105;159m╭[38;2;87;114;155m─[38;2;76;123;152m─[38;2;65;131;148m╯[38;2;54;140;144m╰[38;2;44;149;141m─[38;2;33;158;137m─[38;2;22;167;134m╮   [0m                    │
│                      [38;2;49;200;202m╭[38;2;54;204;213m╯      [38;2;91;177;229m╰[38;2;97;164;223m╮   [38;2;121;112;196m╲[38;2;127;99;189m╲  [38;2;136;73;171m╱[38;2;125;82;167m╱   [38;2;82;118;153m╭[38;2;71;127;150m╯      [38;2;25;180;151m╰[38;2;30;184;162m╮  [0m                    │
│                     [38;2;56;206;217m╭[38;2;61;210;227m╯        [38;2;112;132;206m║    [38;2;142;68;173m╲[38;2;131;77;169m╳[38;2;120;86;166m╳[38;2;109;95;162m╱    [38;2;55;139;145m║        [38;2;42;194;187m╰[38;2;46;198;197m╮ [0m                    │
│                     [38;2;68;216;242m║         [38;2;127;101;190m║     [38;2;105;99;161m╳[38;2;94;108;157m╳     [38;2;29;161;136m║         [38;2;58;207;222m║ [0m                    │
│                     [38;2;82;199;240m║         [38;2;142;69;174m║    [38;2;89;112;156m╱[38;2;78;121;152m╳[38;2;67;130;149m╳[38;2;57;139;145m╲    [38;2;22;177;145m║         [38;2;70;217;247m║ [0m                    │
│                     [38;2;96;167;224m╰[38;2;102;154;217m╮        [38;2;116;89;165m║   [38;2;73;125;151m╱[38;2;62;134;147m╱  [38;2;30;160;137m╲[38;2;19;169;133m╲   [38;2;34;187;170m║        [38;2;78;206;244m╭[38;2;84;193;237m╯ [0m                    │
│                      [38;2;117;122;201m╰[38;2;123;109;194m╮       [38;2;90;111;156m║   [38;2;47;147;142m╲[38;2;36;156;139m╲  [38;2;22;177;144m╱[38;2;26;181;154m╱   [38;2;46;197;195m║       [38;2;87;187;234m╭[38;2;93;174;228m╯  [0m                    │
│                       [38;2;138;77;178m╰[38;2;139;70;172m─[38;2;128;79;169m─[38;2;118;88;165m╮    [38;2;64;133;147m║    [38;2;19;174;138m╲[38;2;24;178;148m╳[38;2;28;182;159m╳[38;2;33;187;169m╱    [38;2;57;207;220m║    [38;2;84;194;238m╭[38;2;90;181;231m─[38;2;96;168;225m─[38;2;102;155;218m╯   [0m                    │
│                          [38;2;91;110;156m╰[38;2;80;119;153m═[38;2;69;128;149m═[38;2;59;137;146m═[38;2;48;146;142m═[38;2;37;155;139m○     [38;2;35;188;173m╳[38;2;40;192;184m╳     [38;2;69;217;245m○[38;2;74;214;248m═[38;2;80;201;242m═[38;2;86;188;235m═[38;2;92;175;228m═[38;2;98;162;222m╯      [0m                    │
│                               [38;2;18;174;137m║    [38;2;42;194;188m╱[38;2;47;198;198m╳[38;2;52;202;209m╳[38;2;57;206;219m╲    [38;2;83;195;239m║           [0m                    │
│                            [38;2;17;172;132m[ [38;2;25;180;152mD [38;2;35;188;172mN [38;2;45;196;193mA [38;2;54;204;213m· [38;2;64;212;233mC [38;2;74;215;249mL [38;2;86;189;236mA [38;2;98;164;222mW [38;2;110;138;209m]         [0m                    │
│                                                                            │
│                [ ◆ antigravity/gemini-3.5-flash-extra-low ]                │
│                             [ ◇ antigravity ]                              │
│                                                                            │
╰────────────────────────────────────────────────────────────────────────────╯
(plain output)
[?2004h










[11A[1G[1G[1G[2K[38;2;235;235;235m[48;2;15;142;167m [48;2;25;149;173m⬢[48;2;36;156;178m [48;2;46;162;183ma[48;2;55;168;187mn[48;2;64;173;191mt[48;2;73;179;196mi[48;2;81;183;199mg[48;2;88;188;202mr[48;2;95;192;205ma[48;2;100;195;208mv[48;2;105;198;210mi[48;2;109;201;212mt[48;2;112;203;214my[48;2;114;205;215m/[48;2;115;207;215mg[48;2;115;207;216me[48;2;114;208;217mm[48;2;112;209;216mi[48;2;109;209;216mn[48;2;106;209;215mi[48;2;101;208;215m-[48;2;96;208;214m3[48;2;90;207;212m.[48;2;82;206;211m5[48;2;75;204;209m-[48;2;66;203;207mf[48;2;57;202;205ml[48;2;48;200;203ma[48;2;38;199;200ms[48;2;28;197;198mh[48;2;18;196;195m-[48;2;7;194;193me[48;2;3;194;191mx[48;2;3;194;190mt[48;2;3;195;191mr[48;2;3;196;190ma[48;2;3;196;189m-[48;2;3;197;188ml[48;2;3;197;188mo[48;2;3;198;187mw[48;2;3;198;186m [48;2;3;198;185m·[48;2;3;198;184m [48;2;3;198;183m◔[48;2;4;198;181m [48;2;4;198;181mx[48;2;4;198;179mh[48;2;4;197;178mi[48;2;4;197;176mg[48;2;4;197;175mh[48;2;4;197;173m [48;2;4;195;171m/[48;2;4;194;169m [48;2;4;194;168m⑂[48;2;4;193;166m [48;2;4;192;164md[48;2;4;191;163me[48;2;5;191;161mv[48;2;5;189;159m [48;2;5;187;156m/[48;2;5;187;155m [48;2;4;185;153m▸[48;2;4;184;150m [48;2;4;182;148m…[48;2;4;181;147mc[48;2;4;179;144mt[48;2;4;178;142ms[48;2;4;176;140m/[48;2;4;174;138mj[48;2;4;173;135me[48;2;5;171;133mo[48;2;5;170;131m-[48;2;5;168;129mc[48;2;5;166;126mo[48;2;5;164;124md[48;2;9;164;125me[48;2;19;166;128m [0m [1B[1G[2K[1B[1G[2K╭─────────────────────────────────────────────────────────────────────────────╮[1B[1G[2K│> Type your message...                                                       │[1B[1G[2K╰─────────────────────────────────────────────────────────────────────────────╯[1B[1G[2K[1B[1G[2K[1B[1G[2K[1B[1G[2K[1B[1G[2K[1B[1G[2K[1B[1G[2K[11A[1G[3B[4G[?25h[3A[1G[1G[2K[38;2;235;235;235m[48;2;13;141;167m [48;2;23;148;172m⬢[48;2;34;155;177m [48;2;44;161;182ma[48;2;53;167;186mn[48;2;62;172;191mt[48;2;71;178;195mi[48;2;80;183;199mg[48;2;87;187;202mr[48;2;94;191;205ma[48;2;99;195;208mv[48;2;104;198;210mi[48;2;108;200;211mt[48;2;112;203;213my[48;2;114;205;215m/[48;2;115;207;215mg[48;2;115;207;216me[48;2;114;209;217mm[48;2;113;209;217mi[48;2;110;209;216mn[48;2;107;209;215mi[48;2;103;208;215m-[48;2;97;208;214m3[48;2;91;207;212m.[48;2;84;206;211m5[48;2;76;205;210m-[48;2;68;203;208mf[48;2;59;202;205ml[48;2;50;200;204ma[48;2;40;199;201ms[48;2;30;197;198mh[48;2;20;196;195m-[48;2;9;194;193me[48;2;3;194;191mx[48;2;3;194;190mt[48;2;3;195;191mr[48;2;3;196;190ma[48;2;3;196;189m-[48;2;3;197;188ml[48;2;3;197;188mo[48;2;3;198;187mw[48;2;3;198;186m [48;2;3;198;185m·[48;2;3;198;184m [48;2;3;198;183m◔[48;2;4;198;181m [48;2;4;198;181mx[48;2;4;198;179mh[48;2;4;197;178mi[48;2;4;197;176mg[48;2;4;197;175mh[48;2;4;197;173m [48;2;4;195;171m/[48;2;4;194;169m [48;2;4;194;168m⑂[48;2;4;193;166m [48;2;4;192;164md[48;2;4;191;163me[48;2;5;191;161mv[48;2;5;189;159m [48;2;5;187;156m?[48;2;5;187;155m1[48;2;4;185;153m [48;2;4;184;150m/[48;2;4;182;148m [48;2;4;181;147m▸[48;2;4;179;144m [48;2;4;178;142m…[48;2;4;176;140m/[48;2;4;174;138mj[48;2;4;173;135me[48;2;5;171;133mo[48;2;5;170;131m-[48;2;5;168;129mc[48;2;5;166;126mo[48;2;5;164;124md[48;2;7;163;123me[48;2;17;165;127m [0m [1B[1G[2K[1B[1G[2K╭─────────────────────────────────────────────────────────────────────────────╮[1B[1G[2K│> Type your message...                                                       │[1B[1G[2K╰─────────────────────────────────────────────────────────────────────────────╯[1B[1G[2K[1B[1G[2K[1B[1G[2K[1B[1G[2K[1B[1G[2K[1B[1G[2K[1B[1G[2K[11A[1G[3B[4G[?25h[3A[1G[2K[1B[1G[2K[1B[1G[2K[1B[1G[2K[1B[1G[2K[1B[1G[2K[1B[1G[2K[1B[1G[2K[1B[1G[2K[1B[1G[2K[1B[1G[2K[1B[1G[2K[11A[1G[?25h╭── [skill] ─────────────────────────────────────────────────────────────────╮
│ Skill: team                                                                │
│ ├─ path: /Users/jangyoung/.agents/skills/team/SKILL.md                     │
│ └─ prompt: 63 lines                                                        │
╰────────────────────────────────────────────────────────────────────────────╯











[11A[1G[1G[1G[2K[38;2;235;235;235m[48;2;13;141;167m [48;2;23;148;172m⬢[48;2;34;155;177m [48;2;44;161;182ma[48;2;53;167;186mn[48;2;62;172;191mt[48;2;71;178;195mi[48;2;80;183;199mg[48;2;87;187;202mr[48;2;94;191;205ma[48;2;99;195;208mv[48;2;104;198;210mi[48;2;108;200;211mt[48;2;112;203;213my[48;2;114;205;215m/[48;2;115;207;215mg[48;2;115;207;216me[48;2;114;209;217mm[48;2;113;209;217mi[48;2;110;209;216mn[48;2;107;209;215mi[48;2;103;208;215m-[48;2;97;208;214m3[48;2;91;207;212m.[48;2;84;206;211m5[48;2;76;205;210m-[48;2;68;203;208mf[48;2;59;202;205ml[48;2;50;200;204ma[48;2;40;199;201ms[48;2;30;197;198mh[48;2;20;196;195m-[48;2;9;194;193me[48;2;3;194;191mx[48;2;3;194;190mt[48;2;3;195;191mr[48;2;3;196;190ma[48;2;3;196;189m-[48;2;3;197;188ml[48;2;3;197;188mo[48;2;3;198;187mw[48;2;3;198;186m [48;2;3;198;185m·[48;2;3;198;184m [48;2;3;198;183m◔[48;2;4;198;181m [48;2;4;198;181mx[48;2;4;198;179mh[48;2;4;197;178mi[48;2;4;197;176mg[48;2;4;197;175mh[48;2;4;197;173m [48;2;4;195;171m/[48;2;4;194;169m [48;2;4;194;168m⑂[48;2;4;193;166m [48;2;4;192;164md[48;2;4;191;163me[48;2;5;191;161mv[48;2;5;189;159m [48;2;5;187;156m?[48;2;5;187;155m1[48;2;4;185;153m [48;2;4;184;150m/[48;2;4;182;148m [48;2;4;181;147m▸[48;2;4;179;144m [48;2;4;178;142m…[48;2;4;176;140m/[48;2;4;174;138mj[48;2;4;173;135me[48;2;5;171;133mo[48;2;5;170;131m-[48;2;5;168;129mc[48;2;5;166;126mo[48;2;5;164;124md[48;2;7;163;123me[48;2;17;165;127m [0m [1B[1G[2K[1B[1G[2K╭─────────────────────────────────────────────────────────────────────────────╮[1B[1G[2K│> Type your message...                                                       │[1B[1G[2K╰─────────────────────────────────────────────────────────────────────────────╯[1B[1G[2K[1B[1G[2K[1B[1G[2K[1B[1G[2K[1B[1G[2K[1B[1G[2K[1B[1G[2K[11A[1G[3B[4G[?25h[3A[1G[1G[2K[38;2;235;235;235m[48;2;11;140;166m [48;2;21;147;171m⬢[48;2;32;154;177m [48;2;42;160;181ma[48;2;51;166;186mn[48;2;61;172;190mt[48;2;69;177;194mi[48;2;78;182;198mg[48;2;86;187;201mr[48;2;92;191;204ma[48;2;98;194;207mv[48;2;103;198;209mi[48;2;108;200;211mt[48;2;111;203;213my[48;2;113;205;215m/[48;2;115;207;215mg[48;2;115;208;216me[48;2;115;209;217mm[48;2;113;209;217mi[48;2;111;209;216mn[48;2;108;209;216mi[48;2;103;209;215m-[48;2;98;208;214m3[48;2;92;207;213m.[48;2;85;207;212m5[48;2;78;205;210m-[48;2;70;204;208mf[48;2;61;203;206ml[48;2;52;201;204ma[48;2;42;200;201ms[48;2;32;198;199mh[48;2;22;197;196m-[48;2;11;195;194me[48;2;3;194;191mx[48;2;3;194;190mt[48;2;3;195;191mr[48;2;3;196;190ma[48;2;3;196;189m-[48;2;3;197;188ml[48;2;3;197;188mo[48;2;3;198;187mw[48;2;3;198;186m [48;2;3;198;185m·[48;2;3;198;184m [48;2;3;198;183m◔[48;2;4;198;181m [48;2;4;198;181mx[48;2;4;198;179mh[48;2;4;197;178mi[48;2;4;197;176mg[48;2;4;197;175mh[48;2;4;197;173m [48;2;4;195;171m/[48;2;4;194;169m [48;2;4;194;168m⑂[48;2;4;193;166m [48;2;4;192;164md[48;2;4;191;163me[48;2;5;191;161mv[48;2;5;189;159m [48;2;5;187;156m?[48;2;5;187;155m1[48;2;4;185;153m [48;2;4;184;150m/[48;2;4;182;148m [48;2;4;181;147m▸[48;2;4;179;144m [48;2;4;178;142m…[48;2;4;176;140m/[48;2;4;174;138mj[48;2;4;173;135me[48;2;5;171;133mo[48;2;5;170;131m-[48;2;5;168;129mc[48;2;5;166;126mo[48;2;5;164;124md[48;2;5;163;122me[48;2;15;164;126m [0m [1B[1G[2K[1B[1G[2K╭─────────────────────────────────────────────────────────────────────────────╮[1B[1G[2K│> Type your message...                                                       │[1B[1G[2K╰─────────────────────────────────────────────────────────────────────────────╯[1B[1G[2K[1B[1G[2K[1B[1G[2K[1B[1G[2K[1B[1G[2K[1B[1G[2K[1B[1G[2K[11A[1G[3B[4G[?25h[3A[1G[2K[1B[1G[2K[1B[1G[2K[1B[1G[2K[1B[1G[2K[1B[1G[2K[1B[1G[2K[1B[1G[2K[1B[1G[2K[1B[1G[2K[1B[1G[2K[1B[1G[2K[11A[1G[?25h(pass) launch workflow skill routing team [168.07ms]
╭─── jeo v0.6.3 · JEO forge ─────────────────────────────────────────────────╮
│                                                                            │
│                                 Jeo forge                                  │
│                            evolve · act · prove                            │
│                                                                            │
│                          [38;2;45;196;193m◆[38;2;50;200;203m◆                    [38;2;92;110;157m◆[38;2;81;119;153m◆      [0m                    │
│                       [38;2;42;194;188m╭[38;2;47;198;198m─[38;2;52;202;208m─[38;2;57;206;218m╯[38;2;61;210;228m╰[38;2;66;214;239m─[38;2;71;218;249m─[38;2;77;209;246m╮              [38;2;98;105;159m╭[38;2;87;114;155m─[38;2;76;123;152m─[38;2;65;131;148m╯[38;2;54;140;144m╰[38;2;44;149;141m─[38;2;33;158;137m─[38;2;22;167;134m╮   [0m                    │
│                      [38;2;49;200;202m╭[38;2;54;204;213m╯      [38;2;91;177;229m╰[38;2;97;164;223m╮   [38;2;121;112;196m╲[38;2;127;99;189m╲  [38;2;136;73;171m╱[38;2;125;82;167m╱   [38;2;82;118;153m╭[38;2;71;127;150m╯      [38;2;25;180;151m╰[38;2;30;184;162m╮  [0m                    │
│                     [38;2;56;206;217m╭[38;2;61;210;227m╯        [38;2;112;132;206m║    [38;2;142;68;173m╲[38;2;131;77;169m╳[38;2;120;86;166m╳[38;2;109;95;162m╱    [38;2;55;139;145m║        [38;2;42;194;187m╰[38;2;46;198;197m╮ [0m                    │
│                     [38;2;68;216;242m║         [38;2;127;101;190m║     [38;2;105;99;161m╳[38;2;94;108;157m╳     [38;2;29;161;136m║         [38;2;58;207;222m║ [0m                    │
│                     [38;2;82;199;240m║         [38;2;142;69;174m║    [38;2;89;112;156m╱[38;2;78;121;152m╳[38;2;67;130;149m╳[38;2;57;139;145m╲    [38;2;22;177;145m║         [38;2;70;217;247m║ [0m                    │
│                     [38;2;96;167;224m╰[38;2;102;154;217m╮        [38;2;116;89;165m║   [38;2;73;125;151m╱[38;2;62;134;147m╱  [38;2;30;160;137m╲[38;2;19;169;133m╲   [38;2;34;187;170m║        [38;2;78;206;244m╭[38;2;84;193;237m╯ [0m                    │
│                      [38;2;117;122;201m╰[38;2;123;109;194m╮       [38;2;90;111;156m║   [38;2;47;147;142m╲[38;2;36;156;139m╲  [38;2;22;177;144m╱[38;2;26;181;154m╱   [38;2;46;197;195m║       [38;2;87;187;234m╭[38;2;93;174;228m╯  [0m                    │
│                       [38;2;138;77;178m╰[38;2;139;70;172m─[38;2;128;79;169m─[38;2;118;88;165m╮    [38;2;64;133;147m║    [38;2;19;174;138m╲[38;2;24;178;148m╳[38;2;28;182;159m╳[38;2;33;187;169m╱    [38;2;57;207;220m║    [38;2;84;194;238m╭[38;2;90;181;231m─[38;2;96;168;225m─[38;2;102;155;218m╯   [0m                    │
│                          [38;2;91;110;156m╰[38;2;80;119;153m═[38;2;69;128;149m═[38;2;59;137;146m═[38;2;48;146;142m═[38;2;37;155;139m○     [38;2;35;188;173m╳[38;2;40;192;184m╳     [38;2;69;217;245m○[38;2;74;214;248m═[38;2;80;201;242m═[38;2;86;188;235m═[38;2;92;175;228m═[38;2;98;162;222m╯      [0m                    │
│                               [38;2;18;174;137m║    [38;2;42;194;188m╱[38;2;47;198;198m╳[38;2;52;202;209m╳[38;2;57;206;219m╲    [38;2;83;195;239m║           [0m                    │
│                            [38;2;17;172;132m[ [38;2;25;180;152mD [38;2;35;188;172mN [38;2;45;196;193mA [38;2;54;204;213m· [38;2;64;212;233mC [38;2;74;215;249mL [38;2;86;189;236mA [38;2;98;164;222mW [38;2;110;138;209m]         [0m                    │
│                                                                            │
│                [ ◆ antigravity/gemini-3.5-flash-extra-low ]                │
│                             [ ◇ antigravity ]                              │
│                                                                            │
╰────────────────────────────────────────────────────────────────────────────╯
(plain output)
[?2004h










[11A[1G[1G[1G[2K[38;2;235;235;235m[48;2;0;135;162m [48;2;0;137;163m⬢[48;2;10;144;169m [48;2;20;150;174ma[48;2;31;157;179mn[48;2;41;163;183mt[48;2;50;169;188mi[48;2;60;175;192mg[48;2;69;180;196mr[48;2;77;185;199ma[48;2;85;189;203mv[48;2;92;193;206mi[48;2;98;197;208mt[48;2;103;200;211my[48;2;107;202;213m/[48;2;111;205;214mg[48;2;113;207;215me[48;2;115;209;217mm[48;2;115;210;217mi[48;2;115;210;217mn[48;2;114;211;217mi[48;2;112;211;217m-[48;2;108;211;217m3[48;2;104;211;216m.[48;2;99;210;215m5[48;2;93;209;214m-[48;2;86;208;212mf[48;2;79;207;210ml[48;2;71;206;209ma[48;2;62;205;206ms[48;2;53;203;204mh[48;2;43;202;201m-[48;2;33;200;199me[48;2;24;199;196mx[48;2;13;197;193mt[48;2;3;195;191mr[48;2;3;196;190ma[48;2;3;196;189m-[48;2;3;197;188ml[48;2;3;197;188mo[48;2;3;198;187mw[48;2;3;198;186m [48;2;3;198;185m·[48;2;3;198;184m [48;2;3;198;183m◔[48;2;4;198;181m [48;2;4;198;181mx[48;2;4;198;179mh[48;2;4;197;178mi[48;2;4;197;176mg[48;2;4;197;175mh[48;2;4;197;173m [48;2;4;195;171m/[48;2;4;194;169m [48;2;4;194;168m⑂[48;2;4;193;166m [48;2;4;192;164md[48;2;4;191;163me[48;2;5;191;161mv[48;2;5;189;159m [48;2;5;187;156m/[48;2;5;187;155m [48;2;4;185;153m▸[48;2;4;184;150m [48;2;4;182;148m…[48;2;4;181;147mc[48;2;4;179;144mt[48;2;4;178;142ms[48;2;4;176;140m/[48;2;4;174;138mj[48;2;4;173;135me[48;2;5;171;133mo[48;2;5;170;131m-[48;2;5;168;129mc[48;2;5;166;126mo[48;2;5;164;124md[48;2;5;163;122me[48;2;5;161;120m [0m [1B[1G[2K[1B[1G[2K╭─────────────────────────────────────────────────────────────────────────────╮[1B[1G[2K│> Type your message...                                                       │[1B[1G[2K╰─────────────────────────────────────────────────────────────────────────────╯[1B[1G[2K[1B[1G[2K[1B[1G[2K[1B[1G[2K[1B[1G[2K[1B[1G[2K[1B[1G[2K[11A[1G[3B[4G[?25h[3A[1G[1G[2K[38;2;235;235;235m[48;2;0;135;162m [48;2;0;137;163m⬢[48;2;8;143;168m [48;2;18;149;173ma[48;2;29;156;178mn[48;2;39;162;183mt[48;2;49;169;188mi[48;2;59;174;192mg[48;2;68;180;196mr[48;2;76;184;199ma[48;2;84;188;203mv[48;2;91;193;206mi[48;2;97;196;208mt[48;2;102;200;211my[48;2;107;202;213m/[48;2;110;205;214mg[48;2;113;207;215me[48;2;115;209;217mm[48;2;115;210;217mi[48;2;115;210;217mn[48;2;114;211;217mi[48;2;112;211;218m-[48;2;109;211;217m3[48;2;105;211;216m.[48;2;100;211;215m5[48;2;94;210;214m-[48;2;87;209;212mf[48;2;80;208;211ml[48;2;72;206;209ma[48;2;63;205;207ms[48;2;54;204;204mh[48;2;45;202;202m-[48;2;35;200;200me[48;2;25;199;197mx[48;2;15;197;193mt[48;2;5;195;191mr[48;2;3;196;190ma[48;2;3;196;189m-[48;2;3;197;188ml[48;2;3;197;188mo[48;2;3;198;187mw[48;2;3;198;186m [48;2;3;198;185m·[48;2;3;198;184m [48;2;3;198;183m◔[48;2;4;198;181m [48;2;4;198;181mx[48;2;4;198;179mh[48;2;4;197;178mi[48;2;4;197;176mg[48;2;4;197;175mh[48;2;4;197;173m [48;2;4;195;171m/[48;2;4;194;169m [48;2;4;194;168m⑂[48;2;4;193;166m [48;2;4;192;164md[48;2;4;191;163me[48;2;5;191;161mv[48;2;5;189;159m [48;2;5;187;156m?[48;2;5;187;155m1[48;2;4;185;153m [48;2;4;184;150m/[48;2;4;182;148m [48;2;4;181;147m▸[48;2;4;179;144m [48;2;4;178;142m…[48;2;4;176;140m/[48;2;4;174;138mj[48;2;4;173;135me[48;2;5;171;133mo[48;2;5;170;131m-[48;2;5;168;129mc[48;2;5;166;126mo[48;2;5;164;124md[48;2;5;163;122me[48;2;5;161;120m [0m [1B[1G[2K[1B[1G[2K╭─────────────────────────────────────────────────────────────────────────────╮[1B[1G[2K│> Type your message...                                                       │[1B[1G[2K╰─────────────────────────────────────────────────────────────────────────────╯[1B[1G[2K[1B[1G[2K[1B[1G[2K[1B[1G[2K[1B[1G[2K[1B[1G[2K[1B[1G[2K[11A[1G[3B[4G[?25h[3A[1G[2K[1B[1G[2K[1B[1G[2K[1B[1G[2K[1B[1G[2K[1B[1G[2K[1B[1G[2K[1B[1G[2K[1B[1G[2K[1B[1G[2K[1B[1G[2K[1B[1G[2K[11A[1G[?25h╭── [skill] ─────────────────────────────────────────────────────────────────╮
│ Skill: ultragoal                                                           │
│ ├─ path: (bundled) src/prompts/skills/ultragoal/SKILL.md                   │
│ └─ prompt: 9 lines                                                         │
╰────────────────────────────────────────────────────────────────────────────╯











[11A[1G[1G[1G[2K[38;2;235;235;235m[48;2;0;135;162m [48;2;0;137;163m⬢[48;2;8;143;168m [48;2;18;149;173ma[48;2;29;156;178mn[48;2;39;162;183mt[48;2;49;169;188mi[48;2;59;174;192mg[48;2;68;180;196mr[48;2;76;184;199ma[48;2;84;188;203mv[48;2;91;193;206mi[48;2;97;196;208mt[48;2;102;200;211my[48;2;107;202;213m/[48;2;110;205;214mg[48;2;113;207;215me[48;2;115;209;217mm[48;2;115;210;217mi[48;2;115;210;217mn[48;2;114;211;217mi[48;2;112;211;218m-[48;2;109;211;217m3[48;2;105;211;216m.[48;2;100;211;215m5[48;2;94;210;214m-[48;2;87;209;212mf[48;2;80;208;211ml[48;2;72;206;209ma[48;2;64;205;207ms[48;2;54;204;204mh[48;2;45;202;202m-[48;2;35;200;200me[48;2;26;199;197mx[48;2;15;197;193mt[48;2;5;195;191mr[48;2;3;196;190ma[48;2;3;196;189m-[48;2;3;197;188ml[48;2;3;197;188mo[48;2;3;198;187mw[48;2;3;198;186m [48;2;3;198;185m·[48;2;3;198;184m [48;2;3;198;183m◔[48;2;4;198;181m [48;2;4;198;181mx[48;2;4;198;179mh[48;2;4;197;178mi[48;2;4;197;176mg[48;2;4;197;175mh[48;2;4;197;173m [48;2;4;195;171m/[48;2;4;194;169m [48;2;4;194;168m⑂[48;2;4;193;166m [48;2;4;192;164md[48;2;4;191;163me[48;2;5;191;161mv[48;2;5;189;159m [48;2;5;187;156m?[48;2;5;187;155m1[48;2;4;185;153m [48;2;4;184;150m/[48;2;4;182;148m [48;2;4;181;147m▸[48;2;4;179;144m [48;2;4;178;142m…[48;2;4;176;140m/[48;2;4;174;138mj[48;2;4;173;135me[48;2;5;171;133mo[48;2;5;170;131m-[48;2;5;168;129mc[48;2;5;166;126mo[48;2;5;164;124md[48;2;5;163;122me[48;2;5;161;120m [0m [1B[1G[2K[1B[1G[2K╭─────────────────────────────────────────────────────────────────────────────╮[1B[1G[2K│> Type your message...                                                       │[1B[1G[2K╰─────────────────────────────────────────────────────────────────────────────╯[1B[1G[2K[1B[1G[2K[1B[1G[2K[1B[1G[2K[1B[1G[2K[1B[1G[2K[1B[1G[2K[11A[1G[3B[4G[?25h[3A[1G[1G[2K[38;2;235;235;235m[48;2;0;135;162m [48;2;0;137;163m⬢[48;2;6;142;168m [48;2;16;149;173ma[48;2;27;156;178mn[48;2;37;162;182mt[48;2;47;168;187mi[48;2;57;173;191mg[48;2;66;179;195mr[48;2;74;184;199ma[48;2;82;188;202mv[48;2;89;192;205mi[48;2;96;196;208mt[48;2;101;199;210my[48;2;106;202;212m/[48;2;110;205;214mg[48;2;112;207;215me[48;2;114;209;217mm[48;2;115;210;217mi[48;2;115;210;217mn[48;2;115;211;217mi[48;2;112;211;218m-[48;2;109;212;217m3[48;2;106;211;216m.[48;2;101;211;216m5[48;2;95;210;214m-[48;2;89;209;213mf[48;2;81;208;211ml[48;2;74;207;210ma[48;2;65;206;207ms[48;2;56;204;205mh[48;2;47;203;202m-[48;2;37;201;200me[48;2;27;200;197mx[48;2;17;198;194mt[48;2;7;195;191mr[48;2;3;196;190ma[48;2;3;196;189m-[48;2;3;197;188ml[48;2;3;197;188mo[48;2;3;198;187mw[48;2;3;198;186m [48;2;3;198;185m·[48;2;3;198;184m [48;2;3;198;183m◔[48;2;4;198;181m [48;2;4;198;181mx[48;2;4;198;179mh[48;2;4;197;178mi[48;2;4;197;176mg[48;2;4;197;175mh[48;2;4;197;173m [48;2;4;195;171m/[48;2;4;194;169m [48;2;4;194;168m⑂[48;2;4;193;166m [48;2;4;192;164md[48;2;4;191;163me[48;2;5;191;161mv[48;2;5;189;159m [48;2;5;187;156m?[48;2;5;187;155m1[48;2;4;185;153m [48;2;4;184;150m/[48;2;4;182;148m [48;2;4;181;147m▸[48;2;4;179;144m [48;2;4;178;142m…[48;2;4;176;140m/[48;2;4;174;138mj[48;2;4;173;135me[48;2;5;171;133mo[48;2;5;170;131m-[48;2;5;168;129mc[48;2;5;166;126mo[48;2;5;164;124md[48;2;5;163;122me[48;2;5;161;120m [0m [1B[1G[2K[1B[1G[2K╭─────────────────────────────────────────────────────────────────────────────╮[1B[1G[2K│> Type your message...                                                       │[1B[1G[2K╰─────────────────────────────────────────────────────────────────────────────╯[1B[1G[2K[1B[1G[2K[1B[1G[2K[1B[1G[2K[1B[1G[2K[1B[1G[2K[1B[1G[2K[11A[1G[3B[4G[?25h[3A[1G[2K[1B[1G[2K[1B[1G[2K[1B[1G[2K[1B[1G[2K[1B[1G[2K[1B[1G[2K[1B[1G[2K[1B[1G[2K[1B[1G[2K[1B[1G[2K[1B[1G[2K[11A[1G[?25h(pass) launch workflow skill routing ultragoal [144.13ms]

test/model-registry.test.ts:
(pass) expandAlias: expand known builtin aliases [0.58ms]
(pass) expandAlias: pass through unknown aliases/model ids unchanged [0.05ms]
(pass) expandAlias: custom aliases dictionary [0.03ms]
(pass) resolveModelId and listAliases [0.22ms]
(pass) describeModel: expands aliases and reports the routed provider [0.15ms]

test/seed-roundtrip.test.ts:
(pass) yamlList → parseSeedAcceptanceCriteria round-trips hostile values exactly [0.07ms]
(pass) legacy unquoted/hand-written items still parse; interior quotes preserved [0.07ms]
(pass) parseSeedList: section headers end the list; other lists are not leaked [0.04ms]
(pass) ultragoal report carries quoted criteria UNMANGLED end to end [2.49ms]

test/dollar-skill.test.ts:
(pass) $name invokes a bundled skill with intent and invokedAs [0.04ms]
(pass) $name resolves user/project skills case-insensitively [0.02ms]
(pass) $name without intent invokes with empty intent [0.01ms]
(pass) unknown $word falls through to the model (null invocation) [0.05ms]
(pass) $name mentioned mid-prompt does NOT invoke (first token only)
(pass) $prefix uniquely resolves the skill (precise invoke without full spelling) [0.03ms]
(pass) uniquePrefixSkill: unique → skill, ambiguous/none → undefined [0.04ms]
(pass) suggestSkills: prefix-first then fuzzy; empty for no match [0.12ms]
(pass) parseSkillChain: multiple leading $skills all resolve, sharing the trailing intent [0.05ms]
(pass) parseSkillChain: prefixes resolve and a lone $skill is a chain of one [0.05ms]
(pass) parseSkillChain: unknown tokens collected, env-var token ends the chain [0.04ms]
(pass) autocomplete: leading $ completes skill names [0.04ms]
(pass) autocomplete: $ completes skill names at any position (mention-style) [0.02ms]
(pass) /name does NOT dispatch a skill — $name is the only entrypoint ($-only) [0.03ms]

test/model-discovery.test.ts:
(pass) discoveryRequest: anthropic api-key uses x-api-key + version [0.03ms]
(pass) discoveryRequest: anthropic oauth uses bearer + beta [0.01ms]
(pass) discoveryRequest: gemini oauth omits ?key=, api-key appends it [0.02ms]
(pass) discoveryRequest: openai honors a base URL override [0.01ms]
(pass) discoveryRequest: openai oauth uses the Codex models endpoint [0.06ms]
(pass) parseModelsBody normalizes each provider shape [0.15ms]
(pass) listProviderModels: success returns sorted, capped models [0.26ms]
(pass) listProviderModels: 401 → auth rejected [0.09ms]
(pass) listProviderModels: network throw → unreachable [0.18ms]
(pass) listProviderModels: ollama is keyless and never needs a credential [0.05ms]
(pass) listProviderModels: OAuth discovery uses the provider OAuth token directly [0.31ms]
(pass) listProviderModels: OpenAI OAuth + API Key swaps to API Key [0.23ms]
(pass) listProviderModels: OAuth-only discovery still probes the provider list [0.20ms]
(pass) listProviderModels: credential-less cloud short-circuits without fetching [0.53ms]
(pass) discoverModels runs all providers in parallel [0.14ms]
(pass) listProviderModels: Antigravity queries the LIVE fetchAvailableModels endpoint (no hard-coded list) [0.43ms]
(pass) listProviderModels: Antigravity prefers the API's own agentModelSorts as the positive chat set [0.34ms]
(pass) listProviderModels: Antigravity list failure is surfaced, never papered over with catalog rows [0.59ms]
(pass) parseModelsBody: Antigravity model rows are provider-qualified [0.05ms]
(pass) catalogOr: OpenAI OAuth (Codex) falls back to the Codex-served model set, not the full catalog [0.03ms]
(pass) catalogOr: non-OpenAI OAuth provider falls back to its full static catalog [0.03ms]
(pass) catalogOr: keyless/not-logged-in results are returned unchanged (no fabricated models) [0.02ms]
(pass) catalogOr: a successful live result is never overwritten by the catalog [0.01ms]
(pass) parseModelsBody: openai drops non-chat families (embeddings/tts/image/moderation) [0.04ms]
(pass) parseModelsBody: openai parses Codex model endpoint shape and skips unsupported rows [0.02ms]
(pass) parseModelsBody: gemini keeps only generateContent-capable models [0.03ms]
(pass) catalogOr: an api_key rejection does NOT fabricate catalog rows (bad key stays a failure) [0.01ms]
(pass) discoveryRequest: codex URL carries client_version (400 without; old versions get []) [0.04ms]
(pass) discoveryRequest: gemini URLs request pageSize=1000 (default page drops models) [0.02ms]
(pass) parseModelsBody: codex review-only models are excluded [0.01ms]
(pass) listProviderModels: gemini follows nextPageToken so the available list is complete [0.63ms]

test/opik-tracing.test.ts:
(pass) opikEnabled gate (I1) > off unless explicitly truthy [0.03ms]
(pass) opikEnabled gate (I1) > on for 1/true/yes/on (case-insensitive) [0.03ms]
(pass) resolveOpikConfig > defaults + trailing-slash normalization [0.07ms]
(pass) resolveOpikConfig > defaults when unset [0.01ms]
(pass) uuidv7 > valid v7 shape, time-ordered [0.10ms]
(pass) computeScores (eval surface) > completed + verified flags [0.04ms]
(pass) computeScores (eval surface) > efficiency is 1 at one step and decreases monotonically [0.02ms]
(pass) computeScores (eval surface) > steps floored at 1 (no divide-by-zero / NaN)
(pass) isVerificationStep > bash + test/tsc/build output is a verification signal [0.02ms]
(pass) payload builders > trace payload carries name/input/output/usage [0.12ms]
(pass) payload builders > span payload links to trace and truncates output [0.07ms]
(pass) payload builders > score payload has the three eval metrics [0.07ms]
(pass) createOpikTracer no-op guarantee (I1) > disabled => no-op, zero fetch [0.06ms]
(pass) createOpikTracer no-op guarantee (I1) > enabled but no API key => no-op [0.03ms]
(pass) createOpikTracer live path (A2/A4) > emits trace + span + scores exactly once [0.37ms]
(pass) createOpikTracer live path (A2/A4) > endTurn is idempotent (only one flush) [0.07ms]
(pass) createOpikTracer live path (A2/A4) > thrown fetch is swallowed (A3/I2) [0.08ms]
(pass) createOpikTracer live path (A2/A4) > Authorization header carries the key; no secret elsewhere (I3) [0.06ms]
(pass) wrapEvents (composition) > delegates every original callback and feeds the tracer [0.12ms]
(pass) wrapEvents (composition) > disabled tracer => returns original events untouched [0.01ms]
(pass) wrapEvents (composition) > tracer.step throwing never escapes the callback (I2) [0.06ms]

test/web-search.test.ts:
(pass) resolveSearchChain: DuckDuckGo is ALWAYS the terminal fallback [0.23ms]
(pass) resolveSearchChain: active anthropic model + credentials → anthropic primary, ddg fallback [0.09ms]
(pass) resolveSearchChain: model providers without a native search fall through to ddg [0.05ms]
(pass) resolveSearchChain: explicit JEO_SEARCH_PROVIDER override wins over the model gate [0.05ms]
(pass) resolveSearchChain: preferred provider without credentials is skipped (no dead primary) [0.04ms]
(pass) parseHtmlResults: unwraps uddg redirects, decodes entities, pairs snippets [0.25ms]
(pass) parseLiteResults: parses the lite endpoint markup [0.08ms]
(pass) decodeResultUrl: drops internal/unsafe links, unwraps redirects [0.04ms]
(pass) parseAnthropicSearchResponse: maps content blocks into the unified shape [0.09ms]
(pass) formatWebSearchOutput: gjc card sections with a DYNAMIC provider label [0.17ms]
(pass) webSearchTool: primary provider failure fails over to DuckDuckGo (live data, not mock) [0.68ms]
(pass) webSearchTool: every provider failing surfaces an explicit aggregated error [1203.01ms]
(pass) webSearchTool: empty query is rejected before any network call [0.13ms]
(pass) webSearchCardLines: rebuilds the gjc card sections from structured output [0.49ms]

test/footer.test.ts:
(pass) footer appends a compact evolution-stage tag when step+maxSteps known — never a step counter [0.08ms]
(pass) footer stage tag tracks the evolution stage [0.03ms]
(pass) footer omits the stage tag when showStage:false or step/maxSteps missing [0.04ms]
(pass) footer joins segments with ' · ' and leads with the model [0.02ms]
(pass) footer renders estimated context usage [0.06ms]
(pass) footer handles context coloring and autoCompact [0.18ms]
(pass) footer renders cwd and branch with middle truncation [0.06ms]
(pass) footer stage track honors the mono theme (color:false emits no ANSI) [0.05ms]

test/oauth.test.ts:
(pass) generatePKCE: challenge is base64url(SHA-256(verifier)) [0.24ms]
(pass) generateState: 32-char hex, unique per call [0.19ms]
(pass) parseCallbackInput: URL, query string, and raw code#state forms [0.13ms]
(pass) OAuthCallbackFlow: browser callback delivers code, state validated, token exchanged [3.75ms]
(pass) OAuthCallbackFlow: state mismatch is rejected (CSRF guard) [3.32ms]
(pass) resolveCredential: auto-refreshes an expired anthropic OAuth token [2.34ms]
(pass) googleClientSecret: env override wins, blank/missing env falls back to bundled default [0.03ms]
(pass) refreshOAuthToken: concurrent refreshes acquire lock sequentially and reuse already refreshed token without double-refresh [103.12ms]
(pass) OAuthCallbackFlow: aborted ctrl signal stops the manual re-prompt loop [35.07ms]

test/team-subagent.test.ts:
(pass) read-only role (planner) toolset rejects a write at the engine boundary [0.75ms]
(pass) executor role toolset accepts write at the engine boundary [0.13ms]
(pass) subagent loop honors a role's step budget when the model never signals done [10.60ms]

test/oauth-lock.test.ts:
(pass) acquireLock: a constantly-refreshed (wedged) lock cannot hang the caller [1026.66ms]
(pass) acquireLock: a stale dead-holder lock is removed promptly [52.15ms]

test/launch-flag-aliases.test.ts:
(pass) parseFlags: -p/--print sets print and noTui, and checks message requirement [0.09ms]
(pass) parseFlags: -c/--continue maps to resume without UUID or with UUID [0.10ms]
(pass) parseFlags: --append-system-prompt literal + @file + missing file [0.57ms]
(pass) normalizeSlashAlias rewrites gjc-parity command aliases (preserving args) [0.06ms]

test/compaction-touched-files.test.ts:
(pass) extractTouchedFiles parses write/edit tool calls, dedupes, ignores reads [0.09ms]
(pass) maybeCompact pins the touched-file list into the summary prompt [0.54ms]
(pass) extractTouchedFiles also captures conservative bash mutation mentions [0.10ms]
(pass) maybeCompact surfaces touchedFiles and prepends a Files touched: header [0.22ms]

test/antigravity.test.ts:
(pass) antigravityRequest: builds Cloud Code Assist internal request with project and model [0.39ms]
(pass) antigravityRequest: keeps maxOutputTokens for Claude models [0.04ms]
(pass) getAntigravityUserAgent follows Antigravity platform/arch shape [0.02ms]

test/openai-responses.test.ts:
(pass) extractChatgptAccountId pulls the account id from the JWT auth claim [0.14ms]
(pass) codexResponsesRequest targets the Codex backend with OAuth + account-id headers [0.08ms]
(pass) parseResponsesEvent extracts deltas, usage, and errors [0.07ms]
(pass) parseResponsesEvent surfaces reasoning-summary deltas (live thinking) [0.04ms]
(pass) codexResponsesRequest asks for streamed reasoning summaries when an effort is set [0.03ms]

test/subagent-apply-target.test.ts:
(pass) applyTargetChoices: default first, then every role with its CURRENT model + thinking as hint [0.09ms]
(pass) applyTargetChoices doubles as a change-existing viewer (hints reflect new config) [0.05ms]
(pass) playWelcomeSweep: synchronized in-place frames, seamless cycle loop, final frame === static banner [0.54ms]
(pass) playWelcomeSweep: cycles loop seamlessly — frames*cycles+1 repaints, phase wraps each cycle [0.27ms]
(pass) per-role thinking: explicit override resolves; absent = inherit (undefined) [0.03ms]
(pass) applyTargetChoices hints carry gjc-style thinking tags: (level) for overrides, (inherit) for roles, default shows its level [0.04ms]

test/round-b.test.ts:
(pass) thinkingToReasoningEffort: maps levels to o-series-safe tiers [0.04ms]
(pass) openaiRequest: reasoning models get reasoning_effort + max_completion_tokens, no temperature [0.24ms]
(pass) openaiRequest: classic chat models keep temperature + max_tokens, no reasoning_effort [0.02ms]
(pass) retryableStream: retries the initial connection, then streams all chunks [0.64ms]
(pass) retryableStream: first connect succeeds → no retry, makeIter called once [0.09ms]
(pass) retryableStream: per-chunk idle timeout aborts a stalled stream (long-but-silent) [21.95ms]
(pass) retryableStream: idle timeout does NOT fire when chunks arrive promptly [0.14ms]
(pass) retryableStream: empty iterator (first.done) yields nothing and completes [0.08ms]
(pass) resolveRetryOptions: requestMaxRetries:0 also disables the 429 safety net [0.02ms]
(pass) anthropicPayload: no system prompt → no system field (avoids a 400) [0.04ms]
(pass) anthropicPayload: strips the anthropic/ prefix from the model id [0.02ms]
(pass) totalInputTokens: sums uncached + cache-read + cache-creation input tokens [0.02ms]
(pass) retryableStream: a failure AFTER the first chunk propagates (no duplicate output) [0.13ms]
(pass) nearestToolName: suggests the closest tool within edit distance 2 [0.09ms]
(pass) anthropicPayload: marks the system prompt cache_control:ephemeral and drops the system message [0.04ms]
(pass) anthropicPayload: OAuth calls include Claude Code prelude before the real system prompt [0.29ms]
(pass) anthropicPayload: OAuth calls without a user system prompt still include the Claude Code prelude [0.06ms]
(pass) anthropicRequest: OAuth headers use Claude Code-compatible Anthropic beta set [0.10ms]
(pass) resolveRetryOptions: explicit rate-limit overrides win [0.01ms]
(pass) resolveRetryOptions: defaults still engage when unset (regression guard) [0.01ms]
(pass) retryableStream: overall deadline aborts a slow-drip stream the idle cap never catches (round-14) [40.48ms]
(pass) retryableStream: a generous deadline does not disturb a healthy stream [0.19ms]
(pass) streamMaxMs: env opt-in parsing — off by default, positive ints only [0.11ms]

test/transitions.test.ts:
(pass) evolutionTrack ratio shows a half marker on the next stage when partway [0.07ms]
(pass) stageProgressRatio is 0 at step 0 and fills each band 0→1 [0.03ms]
(pass) overallProgress clamps step/maxSteps to [0,1] [0.06ms]
(pass) nextStageName advances and clamps at the final stage [0.02ms]
(pass) stepsToNextStage counts whole steps to the next stage; 0 at final [0.05ms]
(pass) transition messages: one per stage, clamped lookup [0.03ms]
(pass) StageProgress.advanced fires only on the observe that raises the peak [0.04ms]

test/config-panel.test.ts:
(pass) formatModelLine shows alias expansion, provider, and credential mark [0.07ms]
(pass) formatAliasLines sorts by alias and pads [0.09ms]
(pass) formatProviderPanel marks ready vs not and shows base URL [0.09ms]
(pass) formatAgentsPanel lists roles with resolved model/steps and read-only tag [0.06ms]
(pass) formatAgentDetail reports mutation capability [0.03ms]
(pass) formatConfigPanel includes model, thinking, and conditional fields [0.05ms]
(pass) formatLiveModels groups by provider, marks current, surfaces errors [0.10ms]
(pass) formatLiveModels caps per-provider and shows overflow [0.05ms]
(pass) formatLiveModels with nothing usable hints at login [0.02ms]
(pass) liveModelKnown matches only ok provider lists [0.02ms]
(pass) formatPickList numbers each model and marks the current one [0.10ms]
(pass) formatPickList empty → login hint, and caps with overflow [0.06ms]
(pass) formatPickListWithCapabilities numbers live models with capability columns [0.15ms]
(pass) formatCanonicalCatalogTable renders GJC-style canonical rows [0.20ms]
(pass) emitLoginCleanup clears + re-renders welcome then one confirmation (TTY) [0.05ms]
(pass) emitLoginCleanup skips the clear/welcome off a TTY — just the confirmation [0.03ms]
(pass) emitLoginCleanup notes a not-ready provider's label, omits email when absent [0.03ms]

test/hooks.test.ts:
(pass) disabled hooks never run [0.60ms]
(pass) enabled pre-tool can veto [4.05ms]
(pass) enabled local hook file takes precedence / is parsed [2.51ms]
(pass) enabled post-turn advisory does not fail loop [2.15ms]
(pass) timeout path returns notice [12.53ms]
(pass) signal abort path returns notice [12.11ms]

test/tui-frame-width.test.ts:
(pass) LaunchTui: every live-frame line is clamped to the terminal width (no wrap → no diff desync) [0.63ms]

test/category-index.test.ts:
(pass) categoryBadge renders stable plain indexes [0.09ms]
(pass) categoryForTool classifies command, file, diff, search, subagent, and generic tools [0.03ms]
(pass) ToolList indexed render preserves default but can add category indexes [0.06ms]
(pass) forge box header is the gjc-style bare title (no badge, no language suffix) [0.08ms]

test/provider-status.test.ts:
(pass) providerEnvVar maps API-key cloud providers to <NAME>_API_KEY; ollama/antigravity have none [0.02ms]
(pass) credentialLabel renders each kind [0.01ms]
(pass) ollama is keyless and always ready with a base URL [0.18ms]
(pass) a credential-less cloud provider is not ready [0.06ms]
(pass) openai with a base URL is ready even without a key (local OpenAI-compatible) [0.03ms]
(pass) describeAllProviders returns every provider, ollama keyless [0.08ms]
(pass) describeProvider: openai oauth-only → ready=true (served via Codex Responses) [0.19ms]
(pass) describeProvider: openai oauth path hides local base URL because Codex backend is used instead [0.24ms]
(pass) describeProvider: gemini oauth-only → READY via Cloud Code Assist (no API key needed) [0.23ms]
(pass) describeProvider: antigravity shows Gemini OAuth as catalog-only, not call-ready [0.19ms]
(pass) describeProvider: antigravity own OAuth is call-ready [0.19ms]
(pass) describeProvider: openai oauth+key reports the effective API-key path [0.18ms]
(pass) describeProvider: anthropic oauth-only → ready=true [0.15ms]
(pass) describeProvider: gemini oauth+key reports ready API-key path instead of blocked OAuth [0.14ms]

test/tui-frame-wrap-tail.test.ts:
(pass) tailForWrap leaves a short string untouched [0.02ms]
(pass) tailForWrap slices a long string to its last maxChars [0.03ms]
(pass) custom cap is honored [0.01ms]
(pass) visible tail is byte-identical: last N wrapped rows match the full-wrap result [35.55ms]
(pass) a single very long line still shows the genuine END of the content, bounded [16.00ms]

test/dna-claw-anim.test.ts:
(pass) twist frames: frame 0 is the static symbol; all frames share dimensions [0.72ms]
(pass) twist frames actually differ (the helix rotates) and wrap [0.08ms]
(pass) gradient animates across phases at TrueColor; plain output is phase-stable [0.07ms]
(pass) renderDnaClaw memoizes identical frames (same args → cached ref; different args → recomputed) [0.18ms]
(pass) grand variant ignores the twist frame (static welcome hero) [0.03ms]
(pass) estimateMessageTokens: identity-cached, replacement-keyed (no stale, no growth) [0.25ms]
(pass) forge flow: gradient borders animate with phase; glyph geometry is unchanged [0.16ms]
(pass) forge flow: below TrueColor the static paint path is used byte-identically [0.04ms]
(pass) forge flow: color:false ignores flow entirely (plain pipelines stay plain) [0.05ms]
(pass) forge titleMark: claw beat rides the border title without breaking width [0.05ms]
(pass) dnaClawBeat cycles width-1 claw motifs and wraps [0.03ms]

test/tokenizer.test.ts:
(pass) countTokensAccurate: within ±5% of known cl100k token count [68.28ms]
(pass) countTokensAccurate: memoization returns identical value on repeat [69.16ms]
(pass) countTokensAccurate: unknown/garbage model falls back to a positive number [68.15ms]
(pass) countTokensAccurate: empty string is zero [0.05ms]
(pass) accurateHistoryTokens: sums per-message counts [71.89ms]

test/input-history.test.ts:
(pass) load is empty for a workspace with no history file [0.66ms]
(pass) append then load returns prompts NEWEST-FIRST (readline order) [1.08ms]
(pass) load de-duplicates, keeping the newest occurrence [0.94ms]
(pass) append skips blanks, multi-line pastes, the immediate duplicate, and over-long lines [0.71ms]
(pass) load honors its limit (newest n) and the file is capped on append [1.30ms]

test/model-picker.test.ts:
(pass) flattenModels yields a 1-based ordered list of ok models only [0.04ms]
(pass) parsePickToken parses #N, rejects others [0.07ms]
(pass) pickByIndex is 1-based and bounds-checked [0.03ms]
(pass) matchModels does case-insensitive substring matching [0.05ms]
(pass) resolveSelection: index [0.05ms]
(pass) resolveSelection: out of range [0.02ms]
(pass) resolveSelection: exact id beats substring; unique substring matches [0.03ms]
(pass) resolveSelection: ambiguous and none [0.02ms]

test/changelog-sync.test.ts:
(pass) parseChangelogEntries: reads version headers + italic summaries, newest first [0.09ms]
(pass) renderChangelogBlock: latest N entries, markers + full-history link [0.09ms]
(pass) injectChangelogBlock: replaces only the marked region, throws when markers absent [0.06ms]
(pass) drift guard: every README's changelog region matches the latest 5 from CHANGELOG.md [3.74ms]

test/ollama-url.test.ts:
(pass) normalizeOllamaBaseUrl: prepends http:// to a bare host:port (the OLLAMA_HOST convention) [0.03ms]
(pass) normalizeOllamaBaseUrl: keeps an explicit scheme and strips trailing slash [0.01ms]
(pass) normalizeOllamaBaseUrl: falls back to OLLAMA_HOST then the default [0.02ms]
(pass) normalizeOllamaBaseUrl: resolved URL is parseable by fetch's URL [0.02ms]

test/goal-verifier.test.ts:
(pass) verifyGoal parses MET verdict correctly [0.49ms]
(pass) verifyGoal parses NOT_MET verdict correctly [0.21ms]
(pass) verifyGoal parses IMPOSSIBLE verdict correctly [0.25ms]
(pass) verifyGoal falls back to NOT_MET on invalid JSON [0.25ms]
(pass) goal state persistence read/write/clear works [3.07ms]
(pass) re-block cap logic auto-allows done after MAX_RE_BLOCKS [1.06ms]

test/review-fixes.test.ts:
(pass) extractJsonObject: skips an earlier non-JSON brace group and finds the later valid object [0.07ms]
(pass) extractJsonObject: still throws when no balanced group is valid JSON [0.06ms]
(pass) editTool: rejects an out-of-bounds line range without writing [0.66ms]
(pass) editTool: search/replace preserves indentation (no trim) [0.77ms]
(pass) editTool: empty search block is rejected [0.68ms]
(pass) loadSession: tolerates a malformed non-header line and keeps valid messages [1.15ms]
LINES LENGTH: 5
LINES: [
  "   0s · now 0.0s · avg 0.0s · 20 ok / 1 run",
  "◆ hud ✔ thinking → ✔ planning → ● executing → ○ reporting → ○ done",
  "╭──────────────────────────────────────────────────────────────────────────────╮",
  "│> Type your next message...                                                   │",
  "╰──────────────────────────────────────────────────────────────────────────────╯"
]
(pass) FIX 1: clamp composed frame to terminal rows [1.23ms]
(pass) FIX 2: render art with theme.color=false -> output has no \x1b[ [0.04ms]
(pass) FIX 3: renderJeoStatus with color=false -> no \x1b[ [0.02ms]
(pass) FIX 4: ToolList render with color=false -> no \x1b[ [0.02ms]
(pass) FIX 5: boxBlock truncates content to inner width [0.04ms]
(pass) FIX 6: render forge at innerWidth=20 -> every line visibleWidth <= innerWidth [0.07ms]
(pass) FIX 7: all ascii stage-0 frames have equal string length [0.02ms]
(pass) FIX 8: non-TTY status fallback honors mono theme (no color) [0.14ms]

test/todo-card.test.ts:
(pass) formatTodoWriteCard: ✓ header + tree connectors + ☑ strikethrough on done [0.20ms]
(pass) formatTodoWriteCard: ASCII fallback and empty input [0.03ms]
(pass) formatTodoWriteCard: panel mode tints every row, pads to width, drives muted painter [0.09ms]
(pass) formatTodoWriteCard: the in_progress item uses the theme accent painter (not hardcoded cyan) [0.04ms]
(pass) LaunchTui.setTodos flushes a Todo Write card into the ledger on change only [0.69ms]

test/footer-polish.test.ts:
(pass) sparkline renders a normalized ramp; empty → empty; ascii fallback [0.20ms]
(pass) ToolList.render caps rows and prepends a '(+N earlier)' summary [0.05ms]

test/input-box.test.ts:
(pass) renderInputBox draws a boxed input area containing only the body and cwdLabel if provided [0.20ms]
(pass) renderInputBox wraps long input across multiple rows [0.05ms]
(pass) renderInputFrame: empty line shows `>` + dim placeholder with the caret right after `>` [0.06ms]
(pass) renderInputFrame: caret column follows the cursor offset (arrow-key movement) [0.06ms]
(pass) renderInputFrame: caret wraps to continuation rows on long input [0.05ms]

test/model-catalog-compat.test.ts:
(pass) findCatalogEntry is normalized + adapts to {id,provider,contextWindow,reasoning} [0.08ms]
(pass) adapted entries route to their declared provider [0.15ms]
(pass) catalogForProvider lists recommended first [0.60ms]
(pass) recommendedModel returns a recommended id per provider [0.05ms]
(pass) validateModelId reports known + provider match [0.04ms]
(pass) editDistance + suggestModels correct typos [0.72ms]
(pass) normalizeModelId trims + lowercases [0.02ms]

test/state-command.test.ts:
(pass) state command: read, write, clear, handoff, error handling, help [11.70ms]
(pass) writeWorkflowState is atomic: valid JSON round-trip, no temp leftovers (F2) [2.30ms]

test/repeat-bounce-and-trim.test.ts:
(pass) repeat bounce: a 2nd identical write is SKIPPED with a corrective prompt; done after correction succeeds [0.50ms]
(pass) repeat bounce: repeating THROUGH the correction still stops the turn (anti-spin) [0.23ms]
(pass) trimToolResultsInPlace: elides OLDEST tool results down to budget, keeps recent + non-tool messages [0.44ms]

test/post-turn-feedback.test.ts:
(pass) non-zero post-turn hook returns its output as a model-facing diagnostic [3.31ms]
(pass) clean (exit 0) post-turn hook yields no diagnostic [2.56ms]
(pass) timed-out post-turn hook surfaces only the advisory notice, no partial output [1007.29ms]
(pass) match.tool gates which tool the hook fires for (strict equality) [3.27ms]
(pass) engine appends hook diagnostics to the edit result block; tool stays (ok) [2.65ms]
(pass) identical hook diagnostics across a batch are shown once, cross-referenced after [5.09ms]
(pass) hookMatchesTool: exact, |-separated, whitespace-tolerant, no partials [0.09ms]
(pass) a single edit|write hook fires for both tools, not for read [4.57ms]
(pass) done after a red hook gets a pushback naming the hook; second done passes [2.56ms]
(pass) a later clean hook run clears the pending failure — done passes first try [4.96ms]

test/layout.test.ts:
(pass) padLineTo fills to width by alignment, ANSI-aware [0.07ms]
(pass) alignBlock pads every line to width [0.06ms]
(pass) centerBlock left-pads by half the slack of the widest line [0.05ms]
(pass) padBlockToHeight grows to rows without truncating [0.05ms]
(pass) fillScreen pins footer to the bottom row, blank-filling the gap [0.04ms]
(pass) boxBlock draws a bordered, centered panel of the given width [0.03ms]

test/slash.test.ts:
(pass) matchSlash: prefix matches lead, fuzzy subsequence hits trail (case-insensitive) [0.27ms]
(pass) isSlashAttempt: slash without a space [0.02ms]
(pass) SLASH_COMMANDS includes the config and role-model commands [0.03ms]
(pass) slash command details stay in sync with command names [0.03ms]
(pass) matchSlash exposes /model and /fast without the removed /models menu item [0.09ms]
(pass) SLASH_COMMANDS includes the code-view commands (view/diff/find/search) [0.02ms]
(pass) matchSlash resolves the code-view command prefixes [0.04ms]
(pass) formatSlashCommandList lists all commands for bare slash and narrows by prefix [0.33ms]
(pass) formatSlashCommandList returns an unknown hint for non-matches [0.14ms]
(pass) suggestSlashCommands: a near-miss typo resolves to the closest command (gjc /provicer → /provider) [0.55ms]
(pass) suggestSlashCommands: no suggestion for far-off input or exact/prefix hits [0.08ms]
(pass) formatSlashCommandList suggests the nearest command for a typo [0.07ms]
(pass) formatSlashPreview: live preview for a slash keyword prefix [0.17ms]
(pass) formatSlashPreview: empty for non-slash, argument input, or no match [0.06ms]
(pass) formatSlashPreview: overflow scrolls a window within the row budget with ↑/↓ markers [0.06ms]
(pass) formatSlashPreview: a far-down selection stays visible inside the scroll window [0.11ms]
(pass) formatSlashPreview: selected index marks the highlighted row with ▸ [0.05ms]
(pass) slashPreviewMatches: command names in display order; empty for args/non-slash [0.32ms]
(pass) dynamic skill slash aliases appear in palette, preview, and selection order [0.08ms]
(pass) formatSlashPreview: overflow shows an (i/total) position counter that tracks selected [0.11ms]
(pass) $ prefix pops up matching skills with summaries (live popup) [0.11ms]
(pass) slashPreviewMatches returns $skill names for arrow-key navigation [0.05ms]
(pass) activeTriggerToken: finds /cmd and $skill tokens anywhere in the line [0.09ms]
(pass) formatSlashPreview: command popup opens for a /token at any position [0.04ms]
(pass) formatSlashPreview: skill popup opens for a $token at any position [0.03ms]
(pass) slashPreviewMatches: arrow-selection matches follow the mid-text token [0.03ms]
(pass) tabCompleteSelection: highlighted row wins, else top match; trailing space closes the popup [0.04ms]

test/setup-helpers.test.ts:
(pass) normalizeBaseUrl defaults, adds scheme, strips trailing slash [0.05ms]
(pass) chooseDefaultModel: blank → provider's recommended [0.09ms]
(pass) chooseDefaultModel: known id accepted; provider mismatch warns [0.02ms]
(pass) chooseDefaultModel: unknown id accepted with suggestions [0.15ms]
(pass) recommendedModelsFor returns annotated id lines [0.05ms]
(pass) recommendedModelsFor can show Codex OAuth OpenAI defaults [0.03ms]
(pass) buildEnabledProviders detects keys, oauth, and base URLs [0.05ms]
(pass) buildSetupSummary reports the resolved provider + catalog metadata [0.04ms]

test/export-html.test.ts:
(pass) renderSessionHtml escapes HTML entities in content [0.11ms]
(pass) renderSessionHtml includes all roles [0.03ms]
(pass) runExportCommand validates args and sets exitCode 1 on --html and --json conflict [0.27ms]
(pass) runExportCommand with --html writes file to mkdtemp --out path [2.15ms]
(pass) runExportCommand with --html uses default path if no --out is specified [1.20ms]
(pass) runExportCommand markdown/json output still functions [1.60ms]

test/memory.test.ts:
(pass) distillSessionMemory writes the model's doc atomically and merges existing [1.37ms]
(pass) distillSessionMemory skips short sessions and never throws on model failure [0.41ms]
(pass) memoryPromptSection injects capped doc; empty/disabled yields nothing [0.75ms]
(pass) memory injection neutralizes fence-breakout tags and frames content as DATA (F4) [0.66ms]
(pass) distillInvocation: compiled/source/shim runtime shapes [0.08ms]
(pass) spawnDetachedDistill: writes the payload, spawns the worker, returns instantly [0.76ms]
(pass) spawnDetachedDistill: gates on disabled / too-short sessions without spawning [0.26ms]
(pass) runMemoryDistillCommand: payload → MEMORY.md written, payload cleaned up [1.18ms]

test/worktree.test.ts:
(pass) dispatch routes a bare leading --flag to launch (not 'unknown command') [10.98ms]
(pass) dispatch still handles --version without routing to launch [0.07ms]
(pass) dispatch reports unknown subcommands (non-flag) as before [0.59ms]
(pass) --worktree reuses an existing directory and chdirs into it [7.77ms]
(pass) --worktree creates a git worktree when the path does not exist [97.73ms]

test/openai-reasoning.test.ts:
(pass) openaiRequest reasoning models (o3-mini) [0.10ms]
(pass) openaiRequest non-reasoning models (gpt-4o) [0.04ms]

test/provider-empty-completion.test.ts:
(pass) anthropic.call: empty content + stop_reason=max_tokens throws the real cause [0.25ms]
(pass) anthropic.stream: no text deltas throws with the captured stop_reason [0.42ms]
(pass) openai.call: empty content + finish_reason=length throws the real cause [0.24ms]
(pass) openai.stream: no deltas throws with the captured finish_reason [0.46ms]
(pass) non-empty completions still pass through unchanged [0.07ms]
(pass) ollama.call: empty content + done_reason=length throws the real cause [0.11ms]
(pass) codex parseResponsesEvent surfaces response.incomplete reason [0.03ms]
(pass) discoverGoogleProjectId: a never-settling fetch aborts within the deadline [61.87ms]
(pass) discoverGoogleProjectId: outer turn abort cancels discovery immediately [21.49ms]
(pass) openai.stream: 400-on-stream_options retries once without the field [0.50ms]
(pass) openai.stream: unrelated 400s still throw without a retry [0.49ms]

test/native-tools.test.ts:
(pass) nativeToolSchemasFor: always appends `done` and mirrors handler arg keys [0.06ms]
(pass) nativeToolSchemasFor: a read-only toolset exposes NO write/edit/bash natively [0.03ms]
(pass) nativeToolSchemasFor: deduplicates and ignores unknown tool names [0.03ms]
(pass) normalizeNativeToolName: strips the Gemini default_api namespace (dot and colon) [0.02ms]
(pass) serializeToolCalls: a default_api-namespaced call dispatches as the bare tool [0.05ms]

test/skill-picker.test.ts:
(pass) buildSkillChoices shows aliases as hints [0.12ms]
(pass) skillPicker renders a keyboard-selectable skill list [0.19ms]

test/env-helper.test.ts:
(pass) jeoEnv reads only canonical JEO_* values [0.04ms]
(pass) resetMouseTracking disables every xterm mouse mode + coordinate encoding (reset forms only) [0.05ms]
(pass) detectAppearance is process-memoized: the expensive darwin probe runs at most once per env key [10.81ms]
(pass) resolveTheme stays fast on the keystroke-hot path (config read memoized) [0.76ms]

test/google-project.test.ts:
(pass) discoverGoogleProjectId: returns the existing Cloud Code Assist project [0.67ms]
(pass) discoverGoogleProjectId: onboards the free tier and returns the provisioned project [0.13ms]
(pass) discoverGoogleProjectId: polls a pending onboard operation until done [0.08ms]
(pass) discoverGoogleProjectId: onboarded workspace account without project gets the documented hint [0.09ms]
(pass) discoverGoogleProjectId: env project wins for onboarded accounts without a managed project [0.10ms]
(pass) resolveAntigravityProjectId: lazy discovery runs once, persists, and caches per token [0.24ms]
(pass) resolveAntigravityProjectId: stored credential projectId short-circuits discovery [0.04ms]
(pass) resolveAntigravityProjectId: discovery failure surfaces an actionable error [0.11ms]

test/subagents-setting.test.ts:
(pass) subagentRoleIds lists the four bundled roles [0.03ms]
(pass) parseMaxSteps accepts positive ints only [0.02ms]
(pass) withSubagentSetting patches model/maxSteps immutably (case-insensitive role) [0.04ms]
(pass) resolve* read back the patched settings [0.05ms]
(pass) clearSubagentSetting removes a role override [0.02ms]

test/cli-runner.test.ts:
(pass) suggestCommands: recovers from common typos [0.13ms]
(pass) findCommand: known commands resolve, unknown returns undefined [0.02ms]
(pass) dispatch: --version prints and returns 0 [0.08ms]
(pass) dispatch: --tmux --version and --tmux --help stay global [0.12ms]
(pass) dispatch: unknown command returns 1 and suggests a near match [0.10ms]
(pass) renderHelp lists every command [0.03ms]
(pass) dispatch: per-command --help prints that command's usage without running it [0.07ms]
(pass) dispatch: unknown command with later --models is not hijacked [0.11ms]

test/session.test.ts:
(pass) session lifecycle and logic with custom cwd [13.77ms]
(pass) session default cwd behavior [1.79ms]
(pass) session rename and delete lifecycle [1.74ms]
(pass) session resume with compaction marker and legacy compatibility [1.32ms]
(pass) listSessions uses lightweight parser (avoids full JSON.parse) [3.78ms]

test/install-script.test.ts:
(pass) installer help documents GitHub URL and registry controls [7.97ms]
(pass) installer dry-run normalizes the Git URL and keeps registry one-shot [11.73ms]
(pass) package metadata is npm-publication ready for bun install -g jeo-code [0.28ms]
(pass) npm publish workflow is wired for NPM_TOKEN based publication [0.29ms]
(pass) README documents npm token publish permissions [0.12ms]

test/doctor.test.ts:
(pass) runDoctorCommand --json: openai without credential is skipped instead of probing api.openai.com [3.40ms]
(pass) runDoctorCommand --json: gemini oauth-only probes Cloud Code Assist (the real call path) [0.72ms]

test/usage.test.ts:
(pass) ollamaAdapter.call: reports token usage via onUsage [0.17ms]
(pass) openaiAdapter.call: reports usage [0.13ms]
(pass) anthropicAdapter.call: reports usage [0.12ms]

test/pickers.test.ts:
(pass) formatContextWindow renders k/M units [0.04ms]
(pass) modelHint badges reasoning / recommended / readiness [0.05ms]
(pass) buildModelChoices lists ready providers first and groups them [0.20ms]
(pass) modelPicker excludes unready providers when includeUnready:false [0.06ms]
(pass) providerHint + buildProviderChoices sort ready first [0.08ms]
(pass) buildProviderChoices marks the current provider in its hint [0.04ms]
(pass) recommendedProvider is the first ready provider [0.06ms]

test/bash-fixups.test.ts:
(pass) applyBashFixups: Rule 1: strip-trailing [0.27ms]
(pass) applyBashFixups: Rule 2: useless-cat (single-stage only) [0.05ms]
(pass) applyBashFixups: Rule 2 bails on a downstream pipe/compound (no corruption) [0.03ms]
(pass) applyBashFixups: Rule 3: dev-null-merge (behavior-identical) [0.07ms]
(pass) applyBashFixups: stderr is never merged into a pipe (intent-changing rule removed) [0.02ms]
(pass) applyBashFixups: Rule 4: collapse-dot-slash [0.04ms]
(pass) applyBashFixups: Rule 5: grep-r-default-path (incl. -R) [0.04ms]
(pass) applyBashFixups: passthrough; quotes/globs untouched
(pass) bashTool respects the JEO_BASH_FIXUPS env flag (off by default) [5.25ms]

test/tools-fs.test.ts:
(pass) IGNORED_DIRS covers the usual noise [0.02ms]
(pass) parseLineSelector: multi-range, a+n, sorting + merging, out-of-range drop [0.08ms]
(pass) readTool: multi-range selector emits both ranges with a gap marker [0.35ms]
(pass) readTool: a+n selector reads n lines from a [0.24ms]
(pass) lsTool: lists dirs first (slash-suffixed) then files [0.19ms]
(pass) lsTool: a file path is a clear error (use read instead) [0.04ms]
(pass) searchTool: ignoreCase matches mixed case [5.47ms]
(pass) editTool: near-miss hint when only whitespace differs [0.42ms]
(pass) editTool: anchor hint when first search line exists but block doesn't [0.31ms]
(pass) bashTool: subdir runs the command in a resolved subdirectory [2.26ms]
(pass) readTool: raw mode returns verbatim content with no line prefixes [0.30ms]
(pass) bashTool: env vars are merged into the child environment [4.31ms]
(pass) parseLineSelector: single line beyond EOF → empty ranges [0.04ms]
(pass) parseLineSelector: adjacent ranges (c=b+1) merge into one [0.02ms]
(pass) readTool: all-ranges-beyond-EOF returns the soft 'no lines in range' message [0.32ms]
(pass) readTool: raw mode truncates >50k with a notice [0.82ms]
(pass) searchTool: invalid regex (grep exit >=2) is a real failure, not silent success [1.86ms]
(pass) editTool: ≔A..B multi-line range replacement still works after near-miss change [0.33ms]
(pass) editTool: successful SEARCH/REPLACE happy path still applies [0.42ms]
(pass) searchTool: empty pattern is a soft error, not match-everything [0.05ms]
(pass) bashTool: non-string env values are dropped (no cryptic spawn throw) [2.11ms]
(pass) readTool: huge lineRange is capped with a truncation notice [4.71ms]
(pass) readTool: reading a directory returns its listing (gjc parity) [0.15ms]
(pass) parseEditHunks: parses one, many, and rejects malformed/none [0.07ms]
(pass) editTool: multiple SEARCH/REPLACE hunks apply in order [0.33ms]
(pass) editTool: multi-hunk is atomic — a later failing hunk writes nothing [0.26ms]
(pass) editTool: $-patterns in the replacement are inserted literally (no String.replace corruption) [0.29ms]
(pass) editTool: single-hunk replaces only the match; surrounding lines survive [0.31ms]
(pass) editTool: garbage edit block (no directives) returns the format error [0.21ms]
(pass) read/write/edit: missing/empty required args are soft errors (no cryptic crash) [0.07ms]
(pass) searchTool: context option includes surrounding lines; maxMatches caps per file [8.08ms]
(pass) editTool: unterminated SEARCH marker gives a marker-specific error (not the ≔ hint) [0.32ms]
(pass) readGitignore: parses dir + file globs; skips comment/negation/multi-segment [0.41ms]
(pass) readGitignore: absent .gitignore → empty (no-op) [0.17ms]
(pass) find/search honor .gitignore on top of IGNORED_DIRS [7.39ms]
(pass) findTool skips node_modules and .git [2.08ms]
(pass) findTool: path globs (slash / **) resolve via real glob, not basename-only -name [0.95ms]
(pass) findTool: missing/empty globPattern is a soft error, not an uncaught crash [0.05ms]
(pass) searchTool skips ignored dirs and only matches source [2.51ms]
(pass) searchTool reports 'No matches found.' as success (grep exit 1 is not an error) [2.24ms]
(pass) readTool still reads a file within the temp dir [0.18ms]
(pass) readTool: open-ended range, single line, and out-of-order error [0.78ms]
(pass) readTool: a file that fits the read budget is returned in ONE call (no fixed 500-line cap) [0.29ms]
(pass) readTool: a file exceeding the read budget paginates with an accurate notice [0.94ms]
(pass) bashTool: runs a command and captures stdout [2.40ms]
(pass) bashTool: a command exceeding the timeout is killed and reported [202.00ms]
(pass) bashTool: a non-zero exit is surfaced as a failure [2.97ms]
(pass) DEFAULT_TOOLS.bash forwards timeoutMs from tool args [201.83ms]
(pass) editTool: ≔A+ inserts after a line, ≔$ appends, ≔A..B replaces [1.56ms]
(pass) mkdirTool: creates nested dirs and is idempotent [0.51ms]
(pass) mkdirTool: a path that exists as a file is a clear error [0.20ms]
(pass) mkdirTool: empty dirPath is a soft error [0.03ms]
(pass) deleteTool: removes a file [0.40ms]
(pass) deleteTool: a directory requires recursive:true [0.48ms]
(pass) deleteTool: missing path is a soft error [0.06ms]
(pass) deleteTool: refuses to delete the working directory itself [0.04ms]
(pass) DEFAULT_TOOLS exposes mkdir and delete [0.48ms]
(pass) bashTool: an AbortSignal fired mid-run kills the child and returns an aborted result [234.32ms]
(pass) bashTool: a pre-aborted signal returns immediately without leaving a child [229.85ms]

test/sse.test.ts:
(pass) readLines reassembles a line split across two chunks [0.27ms]
(pass) readLines emits a final unterminated line [0.09ms]
(pass) readSse extracts data payloads and skips [DONE] [0.09ms]
(pass) readSse handles a data payload split across chunks [0.13ms]
(pass) readLines cancels the underlying stream on early return (no socket leak) [0.15ms]

test/rate-limit-handling.test.ts:
(pass) isUsageLimitError: quota/usage phrasings yes, per-minute rate limit no [0.06ms]
(pass) defaultRetryable: usage-limit 429 fails fast, per-minute 429 stays retryable [0.04ms]
(pass) withRetry does not burn budget on a usage-limit 429 [0.13ms]
(pass) friendlyProviderError: usage-limit gets a switch-model message, not the generic 429 line [0.04ms]
Steps  ✓1 / 1  ·  0ms
  └ ● [01:DONE] [9mread[29m
✓ Read <missing path>
[DONE] thinking → planning → executing → done · 1 steps · 0s
Evolved to: ●●○○○ Double Helix (DNA) [2/5] (took 1 steps in 0s)
jeo
done
(pass) LaunchTui pins rate-limit retry notice in status without appending log spam [10.84ms]

test/meter.test.ts:
(pass) meter: renders filled/empty bar + percent, clamps [0.69ms]
(pass) stepMeter: counter + bar [0.03ms]

test/section.test.ts:
(pass) sectionLabel: muted card header fills the width with the title embedded [0.05ms]
(pass) sectionLabel: ASCII fallback when unicode is off [0.02ms]
(pass) sectionLabel: plain content is the title embedded in dashes [0.01ms]
(pass) stackSections: separates non-empty sections by SECTION_GAP blank lines [0.11ms]
(pass) stackSections: empty input and all-empty sections yield no lines (no leading gap) [0.02ms]
(pass) stackSections: custom gap and untitled sections [0.02ms]

test/provider-errors.test.ts:
(pass) ProviderHttpError carries a numeric status and a descriptive message [0.05ms]
(pass) provider HTTP errors are now retryable (regression: 429/5xx/529 were dropped) [0.07ms]
(pass) defaultRetryable parses an HTTP status embedded in a bare error message [0.02ms]
(pass) withRetry actually retries a 503 ProviderHttpError then succeeds [0.16ms]
(pass) parseRetryAfter: delta-seconds and HTTP-date forms [0.09ms]
(pass) withRetry: equal jitter lands the wait in [0.5x, 1x] of the capped backoff [0.12ms]
(pass) withRetry: a Retry-After error overrides backoff (capped at 30s) [0.09ms]
(pass) parseRetryFromBody extracts Google/Gemini retry hints (header absent) [0.02ms]
(pass) providerHttpError honors a body retry hint when no Retry-After header is present [0.05ms]

test/workflow-integrity.test.ts:
  └─ Subagent: Executor · model antigravity/gemini-3.5-flash-extra-low · ≤15 steps
  [AGENT] stream:step Executor thinking 1/15
  [AGENT] stream:error Executor completed WITHOUT any successful write/edit/bash — treat its changed-files claim as unverified.
  [AGENT] stream:complete Executor finished task
(pass) team: stale state from a previous plan restarts execution instead of no-opping (round-7 #1) [9.87ms]
(pass) team: same-plan state still resumes (no spurious restart) [2.17ms]
(pass) ultragoal: suite runs ONCE; criteria are UNVERIFIED, never fabricated PASS (round-7 #2) [2.76ms]
(pass) ultragoal: a red suite fails the run and the criteria record says FAILED [1.65ms]
(pass) acquireWorkflowRunLock: live holder refuses, release reopens, dead-pid lock is taken over [1.28ms]
  └─ Subagent: Executor · model antigravity/gemini-3.5-flash-extra-low · ≤15 steps
  [AGENT] stream:step Executor thinking 1/15
  [AGENT] stream:error Executor report incomplete: missing Summary:, Changed Files:, Verification:
  └─ Subagent: Executor · model antigravity/gemini-3.5-flash-extra-low · ≤15 steps
  [AGENT] stream:step Executor thinking 1/15
  [AGENT] stream:error Executor completed WITHOUT any successful write/edit/bash — treat its changed-files claim as unverified.
  [AGENT] stream:complete Executor finished task
(pass) team: a failed task persists a marker; the next run warns about partial edits [5.11ms]
(pass) task-tool: an executor that 'completes' with zero successful mutations gets a parent audit note [2.89ms]
(pass) ralplan: refuses to mark complete when no pass yields a schema/role-valid plan [2.66ms]
(pass) ralplan: a valid plan + critic [OKAY] completes with the verdict persisted [2.13ms]
(pass) ralplan: critic [REJECT] blocks completion and persists the verdict (round-11) [1.90ms]
(pass) approve: refuses a plan without an [OKAY] consensus verdict (round-11) [1.99ms]
(pass) approve: refuses a plan that team would reject (unknown role / malformed) [1.07ms]

test/steering.test.ts:
(pass) runAgentLoop: mid-turn steering is injected as a user message and fires onSteer [0.22ms]
(pass) runAgentLoop: an empty steer drain injects nothing and never fires onSteer [0.09ms]
(pass) runAgentLoop: blank/whitespace steering lines are ignored [0.12ms]
(pass) StepBudget.noteSteer grants headroom and clears the scoring window [0.05ms]
(pass) createTaskTool: forwards steering to a single running subagent [0.87ms]
(pass) createTaskTool: fan-out broadcasts parent steering to every running worker [0.92ms]
(pass) runAgentLoop: steering during the final step reopens the turn instead of finishing [0.15ms]

test/gemini.test.ts:
(pass) geminiRequest: coalesces consecutive same-role turns (Gemini strict alternation) [0.09ms]
(pass) geminiRequest: single turns map through unchanged (no spurious merging) [0.04ms]
(pass) geminiRequest: URL-encodes the model name and api key [0.02ms]
(pass) geminiThinkingBudget: off by default on flash-class, floored on pro, omitted on pre-2.5 [0.03ms]
(pass) geminiThinkingBudget: effort maps to budget and clamps below maxTokens [0.02ms]
(pass) geminiRequest: wires thinkingConfig for thinking models only [0.03ms]
(pass) geminiCliRequest: wraps the payload in a Cloud Code Assist envelope [0.07ms]
(pass) getGeminiCliHeaders: includes the requested model in the user agent
(pass) geminiAdapter: OAuth credential routes to Cloud Code Assist and unwraps response chunks [0.70ms]
(pass) geminiAdapter: api_key credential keeps using the public generativelanguage API [0.09ms]

test/model-provider-mapping.test.ts:
(pass) catalog has the three new canonical entries with correct providerModel [0.05ms]
(pass) providerModelFor maps correctly [0.07ms]
(pass) Antigravity models stay provider-qualified and route to the Antigravity adapter [0.02ms]
(pass) alias sonnet resolves to claude-sonnet-4-5 [0.01ms]
(pass) OpenAI OAuth-only + non-Codex model fails fast [0.90ms]
(pass) OpenAI OAuth-only + non-Codex model does NOT fail fast when base URL is configured [0.88ms]

test/subagents.test.ts:
(pass) registry exposes the four bundled roles; only executor mutates [0.04ms]
(pass) getSubagentRole is case-insensitive; defaultSubagentRole is executor [0.02ms]
(pass) resolveSubagentModel: per-role override wins, else default model [0.02ms]
(pass) resolveSubagentModel: a blank (empty-string) override falls back to the default, not ''
(pass) resolveSubagentMaxSteps: override → role default → 15 fallback [0.03ms]
(pass) subagentSystemPrompt: role prompts expose richer contracts [0.06ms]
(pass) subagentToolset: read-only roles drop write/edit/bash, executor keeps them [0.03ms]
(pass) subagent helpers parse and persist role overrides immutably [0.05ms]
(pass) validateSubagentDoneReason enforces role-specific done markers [0.03ms]
(pass) validateSubagentDoneReason covers executor + planner happy + missing-section paths [0.05ms]
(pass) validateSubagentDoneReason rejects empty / whitespace-only reasons [0.02ms]

test/engine-salvage.test.ts:
(pass) runAgentLoop: pure prose reply is salvaged as the final answer [0.16ms]
(pass) runAgentLoop: malformed JSON-ish reply gets a no-apology correction, then recovers [0.13ms]
(pass) runAgentLoop: repeated malformed-JSON bounces salvage the last text instead of burning steps [0.10ms]
(pass) runAgentLoop: onUsage event reports cumulative tokens after each call [0.29ms]

test/context-files.test.ts:
(pass) loadProjectContext returns empty array and withProjectContext returns prompt unchanged when no files exist [0.78ms]
(pass) loadProjectContext loads AGENTS.md with correct relative path and content [1.00ms]
(pass) loadProjectContext returns multiple files in priority order [1.63ms]
(pass) loadProjectContext handles truncation of files larger than 16000 characters [1.05ms]
(pass) loadProjectContext ignores directories and empty files [1.36ms]
(pass) loadProjectContext loads bounded .agents rule and hook guidance after root context [1.94ms]
(pass) loadProjectContext reserves guidance budget so large root files do not crowd out .agents rules [1.61ms]
(pass) loadProjectContext also scans global ~/.agents guidance files [1.76ms]
(pass) loadProjectContext walks up to parent to find AGENTS.md, JEO.md, CLAUDE.md [1.74ms]
(pass) loadProjectContext stops parent walk at git root [1.53ms]
(pass) loadProjectContext stops parent walk at $HOME and excludes $HOME itself [1.44ms]
(pass) loadProjectContext recursively scans down for nested AGENTS.md up to depth 3 and respects IGNORED_DIRS [2.60ms]
(pass) loadProjectContext prioritizes closer and deeper files when budget is exceeded [3.94ms]
(pass) loadProjectContext discovers root + nested AGENTS.md + .agents/rules guidance in stable order (single-pass parity) [1.75ms]
(pass) loadProjectContext caches the downward scan; invalidateWorkspaceScan forces a fresh walk [2.89ms]
(pass) invalidateWorkspaceScan() with no argument clears all cached scans [1.36ms]

test/provider-model-id.test.ts:
(pass) openaiAdapter preserves selected live model ids and only strips provider prefix [0.18ms]
(pass) anthropicAdapter preserves selected Claude ids and only strips provider prefix [0.09ms]
(pass) geminiAdapter strips google/gemini prefixes before request URL [0.11ms]

test/model-roles.test.ts:
(pass) resolveRoleModel: tier override wins, else falls back to defaultModel [0.05ms]
(pass) resolveRoleModel with no roles falls back for every tier [0.03ms]
(pass) an empty-string tier value falls back to default (not the empty string) [0.01ms]

test/launch-toggles.test.ts:
(pass) parseFlags: parses --no-skills, --skills, --no-tools, --tools, --system-prompt [0.10ms]
(pass) parseFlags: --system-prompt reading from @file [0.27ms]
(pass) parseFlags: --system-prompt missing @file records error [0.06ms]
(pass) matchSkillGlob edges [0.13ms]
(pass) filterToolMap [0.06ms]
(pass) buildToolProtocol respects allowed tools list [0.04ms]
(pass) createInFlightAbortHarness: first Ctrl-C is an immediate hard exit [0.08ms]
(pass) createInFlightAbortHarness: ESC aborts and raw mode is restored on dispose [0.06ms]
(pass) createInFlightAbortHarness: raw-mode Ctrl-C data hard-exits; wheel noise auto-repaints without aborting [0.05ms]

test/mutation-guard.test.ts:
(pass) MutationGuard allows writes under .jeo/ during an active interview [0.29ms]
(pass) MutationGuard blocks code mutation outside .jeo/ during an active interview [0.11ms]
(pass) MutationGuard blocks sibling dirs like .jeo-backup (path-boundary, not prefix) [0.08ms]
(pass) MutationGuard fails CLOSED on a corrupt deep-interview state (blocks mutation) [0.70ms]

test/skills-vercel-compat.test.ts:
(pass) skillDirs covers Vercel canonical, agent-targeted, and jeo's own .jeo/agent roots (never .gjc) [0.10ms]
(pass) loadSkills follows symlinked skill dirs and skips dangling links [0.58ms]
(pass) loadSkills discovers .claude/skills and jeo's own ~/.jeo/agent/skills installs [0.85ms]
(pass) frontmatter name: is the identity for external skills (directory name loses) [0.36ms]
(pass) parseSkillMarkdown: preferMetaName is opt-in and rejects unsafe names [0.03ms]

test/antigravity-login.test.ts:
(pass) antigravityClientSecret uses env override then bundled default [0.04ms]
(pass) discoverAntigravityProjectId uses Antigravity discovery metadata and user-agent [0.18ms]
(pass) oauth flow registry exposes a dedicated antigravity login [0.01ms]

test/image-attachments.test.ts:
(pass) anthropic: image attachments become content blocks; text-only stays a plain string [0.07ms]
(pass) openai: image attachments use content parts with a data URL; text-only stays a string [0.08ms]
(pass) codex responses: user images map to input_image data URLs; assistant turns never carry images [0.12ms]
(pass) gemini: image attachments become inlineData parts before the text part [0.04ms]
(pass) clipboard-image: PNG magic detection and attachment building [0.06ms]
(pass) compaction: image attachments add a per-image token estimate [0.11ms]

test/todo-done-gate.test.ts:
(pass) onBeforeDone gate: a done with stale todos is bounced ONCE; the model reconciles and finishes [0.57ms]
(pass) onBeforeDone gate is single-use: a stubborn second done passes even with stale todos (no loop) [0.14ms]
(pass) onBeforeDone returning null finishes immediately (clean plans pay nothing) [0.08ms]

test/done-verification-guard.test.ts:
(pass) runAgentLoop: unverified mutation gets one done pushback, second done passes [0.31ms]
(pass) runAgentLoop: mutation followed by a test run passes done immediately [0.26ms]
(pass) runAgentLoop: read-only turns finish without any pushback [0.16ms]
(pass) runAgentLoop: failed mutations alone do not arm the guard [0.15ms]

test/prompt-discipline.test.ts:
(pass) P1: TOOL_PROTOCOL carries tool-calibration and web_search reflex [0.03ms]
(pass) P1: interactive buildToolProtocol carries the calibration line (no web_search there) [0.04ms]
(pass) P2: OUTPUT_DISCIPLINE is reply discipline and is woven into executorSystemPrompt [0.04ms]
(pass) WORKING_DISCIPLINE: don't-assume-disk + anti-hallucination + merged trust/verify line [0.02ms]
(pass) P7: executorSystemPrompt done self-check replaces the bare verify directive [0.01ms]
(pass) fable5 disciplines: failure-posture in WORKING_DISCIPLINE, bounded web-quote in TOOL_PROTOCOL [0.01ms]
(pass) P3: launch routing carries the skills-first ordering rule [0.76ms]
(pass) token budget: discipline blocks stay within Phase 2 budget [0.04ms]
(pass) Phase 1: WORKING_DISCIPLINE carries file-budget, mistake-tone, and safety-guard lines [0.02ms]
(pass) Phase 2: prompt-injection guard + bullet-density + anti-stall disciplines [0.02ms]

test/width.test.ts:
(pass) charWidth: wide / narrow / zero-width classes [0.03ms]
(pass) visibleWidth: CJK counts 2, ANSI counts 0, tabs advance to 8-stop [0.03ms]
(pass) truncateToWidth: wide glyph straddling the boundary is dropped whole [0.02ms]
(pass) truncateToWidth: SGR preserved and reset appended on mid-color cut [0.09ms]
(pass) wrapTextWithAnsi: hard-wraps by display width, keeps newlines [0.03ms]
(pass) sanitizeForFrame: keeps SGR color, strips control bytes and non-SGR escapes [0.14ms]
(pass) sanitizeForFrame: an INCOMPLETE trailing escape is dropped (cannot eat the next \x1b[2K) [0.02ms]

test/status-bar.test.ts:
(pass) status bar: fills exactly cols with identity left and ctx stats right [0.09ms]
(pass) status bar: omits absent pieces and still fits [0.03ms]
(pass) status bar: live rate renders with the ⤴ glyph [0.03ms]
(pass) status bar: long cwd is tail-truncated instead of overflowing [0.03ms]
(pass) status bar: color mode paints the left segment as a bg block [0.04ms]
(pass) input box: attachmentLabel renders inside the box [0.06ms]

test/tui-app.test.ts:
(pass) LaunchTui: shows a 'calling model' status while waiting on the model, then the tool [1.27ms]
(pass) LaunchTui: on a TTY the live turn stays in the MAIN buffer so wheel-scroll reaches earlier progress [0.72ms]
(pass) LaunchTui: JEO_TUI_ALT_SCREEN=1 opts back into the legacy alternate-screen turn [0.54ms]
(pass) LaunchTui: subagent progress lines are flushed into scrollback mid-turn on a TTY [0.94ms]
(pass) LaunchTui (inline): flushed ledger lines are NOT duplicated inside the live frame [1.12ms]
(pass) LaunchTui: flushed tool-result ledger lines lead with a gjc-style ✔/✗ glyph [3.22ms]
(pass) LaunchTui: ledger glyphs fall back to v/x on ASCII-only terminals [0.65ms]
  (no steps)
Evolved to: ●○○○○ Primordial Cell [1/5] (took 0 steps in 0s)
jeo
done
(pass) LaunchTui: without a TTY the alt screen is NOT used (plain in-place render) [0.11ms]
(pass) LaunchTui auto-repair: repaint() rewrites the FULL frame after external corruption [0.27ms]
(pass) LaunchTui auto-repair: resize listener is registered on start and removed on finish [0.65ms]
(pass) LaunchTui resize coalescing: a SIGWINCH burst repaints once after the debounce [72.04ms]
(pass) LaunchTui resize coalescing: finish() cancels a pending resize repaint [72.10ms]
(pass) LaunchTui.usable is false under a non-TTY test process [0.08ms]
(pass) LaunchTui: setTodos renders a plan checklist in live and final output [0.50ms]
(pass) LaunchTui: corrupt deep-interview state shows fail-closed mutation lock [21.88ms]
(pass) LaunchTui: live region renders tool list + footer, finish collapses to static output [0.54ms]
(pass) LaunchTui: multiple onStep renders do not produce duplicate footers in output array and do not exceed block height [0.48ms]
(pass) LaunchTui: Ctrl+O history panel toggles open and closed inside the live frame [0.57ms]
(pass) LaunchTui (inline): status line and model bar are never cut off when content overflows the terminal [1.71ms]
(pass) LaunchTui: onSubagentEvent surfaces delegated subagent progress + result in the stream [0.29ms]
(pass) LaunchTui: native reasoning stream drives the dimmed thinking state and persists as a Thinking block on commit [0.24ms]
(pass) LaunchTui: onToolResult flushes a gjc-style glyph-led ledger line for the target [0.28ms]
(pass) LaunchTui: onToolResult stream line includes the invocation target using write-sink pattern [1.06ms]
(pass) LaunchTui (alt-screen boxed): status field shows the in-flight file and stage track [9.60ms]
(pass) LaunchTui: find/search results flush a gjc-style count suffix + dim tree children into the ledger [1.91ms]
(pass) LaunchTui: ledger lines longer than the terminal are width-wrapped before flush (no row-accounting tear) [1.52ms]
(pass) LaunchTui.finish: a long reply is width-wrapped — no physical line exceeds the terminal (result-screen 화면깨짐 fix) [5.53ms]
(pass) LaunchTui: live turn keeps the normal input box visible and editable [3.19ms]
(pass) LaunchTui.flushSteerCard: a mid-turn steering query renders a user box in scrollback [0.73ms]
(pass) LaunchTui.flushUserCard: the turn-starting prompt persists as a user box in scrollback [0.65ms]
(pass) LaunchTui: completed tool card shows elapsed (Nms) timing detail [16.59ms]
(pass) LaunchTui: a light tool's ledger line stays clean — no ms suffix (duration lives on forge cards) [14.49ms]
(pass) Ctrl+O detail panel windows long content with ↑/↓ counters (no '… N more' clip) [0.33ms]
(pass) scrollDetail clamps to [0,max] and is a no-op when the panel is closed [0.20ms]
(pass) currentActivity is stall-aware while waiting on the model (P2) [0.12ms]

1 tests failed:
(fail) characterization: /agents <role> reset clears that role's overrides (handler branch) [156.24ms]

 1472 pass
 1 fail
 6208 expect() calls
Ran 1473 tests across 186 files. [13.47s]
